21:49:34 INFO arm=V
21:49:34 INFO run=A07v2V_20260928T154934Z steps=35000
21:54:04 INFO pairs: 800 train / 200 held-out
21:54:04 INFO params: total 1.654 M, trainable 0.421 M, encoder (32, 128, 256, 256)
21:54:28 INFO initial held-out EPE: 131.1829
21:56:01 INFO step=500 loss=138.7041 crop_epe=16.9025 val_epe=17.3339
21:57:30 INFO step=1000 loss=29.0341 crop_epe=6.4614 val_epe=12.4488
21:58:59 INFO step=1500 loss=207.9185 crop_epe=23.2505 val_epe=17.8481
22:00:30 INFO step=2000 loss=9.6647 crop_epe=2.7549 val_epe=12.9943
22:02:00 INFO step=2500 loss=18.5836 crop_epe=4.4143 val_epe=8.3823
22:03:30 INFO step=3000 loss=18.7083 crop_epe=3.7766 val_epe=9.1351
22:05:00 INFO step=3500 loss=20.2396 crop_epe=4.0113 val_epe=7.1229
22:06:30 INFO step=4000 loss=45.6935 crop_epe=7.2182 val_epe=6.3974
22:08:02 INFO step=4500 loss=30.0267 crop_epe=5.4710 val_epe=5.6445
22:09:34 INFO step=5000 loss=35.8217 crop_epe=5.3053 val_epe=6.2996
22:11:05 INFO step=5500 loss=24.8877 crop_epe=4.0284 val_epe=5.3916
22:12:37 INFO step=6000 loss=22.9067 crop_epe=3.7334 val_epe=5.2160
22:14:14 INFO step=6500 loss=10.6021 crop_epe=2.8035 val_epe=4.8352
22:15:46 INFO step=7000 loss=9.4891 crop_epe=2.3698 val_epe=5.0697
22:17:17 INFO step=7500 loss=12.6892 crop_epe=2.8686 val_epe=5.3013
22:18:51 INFO step=8000 loss=16.1411 crop_epe=3.2669 val_epe=4.6176
22:20:25 INFO step=8500 loss=63.0703 crop_epe=7.1414 val_epe=5.0863
22:21:55 INFO step=9000 loss=9.7396 crop_epe=2.5764 val_epe=4.7163
22:23:29 INFO step=9500 loss=14.8151 crop_epe=3.0218 val_epe=4.4868
22:25:02 INFO step=10000 loss=18.9270 crop_epe=3.2860 val_epe=5.5046
22:26:35 INFO step=10500 loss=20.6884 crop_epe=3.6394 val_epe=4.1155
22:28:15 INFO step=11000 loss=35.3961 crop_epe=4.6513 val_epe=4.4106
22:29:53 INFO step=11500 loss=23.0028 crop_epe=4.0348 val_epe=4.5303
22:31:31 INFO step=12000 loss=4.6014 crop_epe=1.1487 val_epe=4.6891
22:33:01 INFO step=12500 loss=39.0352 crop_epe=5.7713 val_epe=4.4521
22:34:33 INFO step=13000 loss=9.3960 crop_epe=2.1113 val_epe=4.1506
22:36:03 INFO step=13500 loss=19.5877 crop_epe=3.1218 val_epe=4.4603
22:37:29 INFO step=14000 loss=5.2848 crop_epe=1.4031 val_epe=5.1134
22:38:53 INFO step=14500 loss=10.3109 crop_epe=2.7919 val_epe=4.0732
22:40:18 INFO step=15000 loss=5.3971 crop_epe=1.2169 val_epe=4.0892
22:41:46 INFO step=15500 loss=47.5063 crop_epe=6.0192 val_epe=4.3892
22:43:13 INFO step=16000 loss=4.8847 crop_epe=1.2987 val_epe=4.1123
22:44:40 INFO step=16500 loss=5.7074 crop_epe=1.7178 val_epe=3.9483
22:46:08 INFO step=17000 loss=14.5809 crop_epe=1.9345 val_epe=4.4055
22:47:38 INFO step=17500 loss=29.6191 crop_epe=3.1082 val_epe=3.9736
22:49:05 INFO step=18000 loss=30.0731 crop_epe=4.2637 val_epe=3.9338
22:50:30 INFO step=18500 loss=18.7562 crop_epe=2.7654 val_epe=3.8884
22:51:53 INFO step=19000 loss=5.5551 crop_epe=1.4255 val_epe=4.8458
22:53:16 INFO step=19500 loss=16.4026 crop_epe=2.7612 val_epe=4.1034
22:54:40 INFO step=20000 loss=17.5791 crop_epe=2.9205 val_epe=4.3923
22:56:03 INFO step=20500 loss=5.4562 crop_epe=1.4399 val_epe=4.2289
22:57:26 INFO step=21000 loss=8.2864 crop_epe=1.9161 val_epe=4.4339
22:58:49 INFO step=21500 loss=2.7478 crop_epe=0.6731 val_epe=3.9696
23:00:12 INFO step=22000 loss=41.1547 crop_epe=5.3316 val_epe=4.0060
23:01:41 INFO step=22500 loss=13.4915 crop_epe=2.9695 val_epe=4.5893
23:03:00 INFO step=23000 loss=20.2456 crop_epe=3.5392 val_epe=3.7643
23:04:19 INFO step=23500 loss=9.0739 crop_epe=1.7801 val_epe=3.9524
23:05:40 INFO step=24000 loss=20.9256 crop_epe=2.9930 val_epe=4.1030
23:07:00 INFO step=24500 loss=10.5532 crop_epe=2.2219 val_epe=4.1335
23:08:21 INFO step=25000 loss=31.7121 crop_epe=5.0980 val_epe=3.6597
23:10:01 INFO step=25500 loss=4.8180 crop_epe=1.0499 val_epe=3.6069
23:11:25 INFO step=26000 loss=8.8776 crop_epe=1.9922 val_epe=4.1000
23:12:47 INFO step=26500 loss=39.0105 crop_epe=4.6348 val_epe=3.6160
23:14:09 INFO step=27000 loss=9.1068 crop_epe=2.1286 val_epe=3.8747
23:15:30 INFO step=27500 loss=39.4328 crop_epe=4.0295 val_epe=3.8367
23:16:50 INFO step=28000 loss=3.5470 crop_epe=0.9399 val_epe=3.9263
23:18:13 INFO step=28500 loss=3.3016 crop_epe=0.8956 val_epe=3.8315
23:19:34 INFO step=29000 loss=42.3560 crop_epe=4.4829 val_epe=3.6062
23:20:55 INFO step=29500 loss=7.2086 crop_epe=1.6228 val_epe=3.7676
23:22:16 INFO step=30000 loss=17.1125 crop_epe=3.3659 val_epe=3.7055
23:23:40 INFO step=30500 loss=3.8352 crop_epe=0.9670 val_epe=3.4409
23:25:01 INFO step=31000 loss=12.5831 crop_epe=2.7400 val_epe=3.6789
23:26:22 INFO step=31500 loss=22.1300 crop_epe=3.5819 val_epe=4.2098
23:27:43 INFO step=32000 loss=35.5242 crop_epe=4.7237 val_epe=3.6210
23:29:05 INFO step=32500 loss=8.3639 crop_epe=1.8191 val_epe=3.6117
23:30:26 INFO step=33000 loss=13.0617 crop_epe=2.4809 val_epe=3.5228
23:31:52 INFO step=33500 loss=7.3177 crop_epe=1.8239 val_epe=3.6680
23:33:19 INFO step=34000 loss=84.7029 crop_epe=7.0486 val_epe=3.5311
23:34:41 INFO step=34500 loss=11.0263 crop_epe=1.9560 val_epe=3.4148
23:36:03 INFO step=35000 loss=10.2206 crop_epe=2.1806 val_epe=3.3756
23:36:22 INFO COMPLETE /home/abrar/Research/Stereo-Vision-Depth-Enhancement-with-AI/experiments/a06_shallow/runs/A07v2V_20260928T154934Z final EPE=3.3756 best=3.3756 @ 35000
