10:46:04 INFO run=A04b_selective_raft_ade20k_20260928T044604Z steps=15000
10:46:26 INFO pairs: 160 train / 40 held-out
10:46:26 INFO params: total 2.069 M, trainable 0.836 M, encoder (32, 128, 256, 256)
10:46:39 INFO initial held-out EPE: 126.5923
10:47:10 INFO step=100 loss=14.6714 crop_epe=15.1661 val_epe=22.7339
10:47:38 INFO step=200 loss=13.7849 crop_epe=14.2754 val_epe=18.7924
10:48:03 INFO step=300 loss=17.4470 crop_epe=17.9409 val_epe=18.2554
10:48:31 INFO step=400 loss=12.6119 crop_epe=13.0634 val_epe=14.5586
10:49:00 INFO step=500 loss=13.0413 crop_epe=13.5292 val_epe=15.6834
10:49:32 INFO step=600 loss=12.8137 crop_epe=13.3038 val_epe=15.2678
10:50:02 INFO step=700 loss=13.8361 crop_epe=14.3205 val_epe=13.0738
10:50:32 INFO step=800 loss=10.5374 crop_epe=11.0223 val_epe=13.2474
10:51:00 INFO step=900 loss=11.1224 crop_epe=11.6116 val_epe=12.4452
10:51:29 INFO step=1000 loss=6.3067 crop_epe=6.7795 val_epe=11.8763
10:51:56 INFO step=1100 loss=6.1156 crop_epe=6.5925 val_epe=11.0555
10:52:24 INFO step=1200 loss=5.2722 crop_epe=5.7202 val_epe=12.0721
10:52:52 INFO step=1300 loss=11.7428 crop_epe=12.2262 val_epe=11.8836
10:53:22 INFO step=1400 loss=6.0062 crop_epe=6.4587 val_epe=11.7695
10:53:51 INFO step=1500 loss=5.4231 crop_epe=5.8939 val_epe=10.7917
10:54:21 INFO step=1600 loss=4.4901 crop_epe=4.9286 val_epe=11.0456
10:54:46 INFO step=1700 loss=12.0446 crop_epe=12.5190 val_epe=11.0300
10:55:11 INFO step=1800 loss=8.6306 crop_epe=9.1016 val_epe=12.2367
10:55:37 INFO step=1900 loss=6.5921 crop_epe=7.0369 val_epe=10.2696
10:56:00 INFO step=2000 loss=7.1790 crop_epe=7.6586 val_epe=9.7408
10:56:27 INFO step=2100 loss=3.1150 crop_epe=3.5698 val_epe=10.8911
10:56:51 INFO step=2200 loss=5.4054 crop_epe=5.8653 val_epe=10.4395
10:57:14 INFO step=2300 loss=7.1915 crop_epe=7.6524 val_epe=9.9972
10:57:38 INFO step=2400 loss=6.8915 crop_epe=7.3520 val_epe=10.4078
10:58:03 INFO step=2500 loss=4.1958 crop_epe=4.6499 val_epe=11.2218
10:58:31 INFO step=2600 loss=8.5555 crop_epe=9.0101 val_epe=9.8542
10:58:56 INFO step=2700 loss=3.9733 crop_epe=4.4252 val_epe=9.4584
10:59:26 INFO step=2800 loss=7.0793 crop_epe=7.5504 val_epe=8.8801
10:59:52 INFO step=2900 loss=3.9013 crop_epe=4.3394 val_epe=8.7315
11:00:18 INFO step=3000 loss=7.2971 crop_epe=7.7695 val_epe=8.3981
11:00:44 INFO step=3100 loss=6.5738 crop_epe=7.0439 val_epe=9.2584
11:01:09 INFO step=3200 loss=4.0735 crop_epe=4.5316 val_epe=8.6940
11:01:37 INFO step=3300 loss=19.5944 crop_epe=20.0918 val_epe=8.7700
11:02:04 INFO step=3400 loss=3.7107 crop_epe=4.1569 val_epe=8.6269
11:02:29 INFO step=3500 loss=7.2780 crop_epe=7.7306 val_epe=8.5031
11:02:53 INFO step=3600 loss=5.3425 crop_epe=5.8227 val_epe=9.5839
11:03:20 INFO step=3700 loss=4.5654 crop_epe=5.0178 val_epe=8.1975
11:03:44 INFO step=3800 loss=6.2850 crop_epe=6.7416 val_epe=8.2015
11:04:12 INFO step=3900 loss=3.0531 crop_epe=3.4996 val_epe=7.8675
11:04:40 INFO step=4000 loss=4.4059 crop_epe=4.8729 val_epe=8.2379
11:05:05 INFO step=4100 loss=7.8327 crop_epe=8.3020 val_epe=10.1640
11:05:30 INFO step=4200 loss=7.5597 crop_epe=8.0257 val_epe=7.8866
11:05:57 INFO step=4300 loss=1.1153 crop_epe=1.4829 val_epe=9.3570
11:06:21 INFO step=4400 loss=3.1527 crop_epe=3.5771 val_epe=8.3463
11:06:44 INFO step=4500 loss=6.4779 crop_epe=6.9446 val_epe=7.9833
11:07:08 INFO step=4600 loss=3.6462 crop_epe=4.0699 val_epe=8.8103
11:07:33 INFO step=4700 loss=5.5649 crop_epe=6.0258 val_epe=8.9469
11:07:56 INFO step=4800 loss=4.6877 crop_epe=5.1276 val_epe=8.0078
11:08:19 INFO step=4900 loss=1.5565 crop_epe=1.9699 val_epe=8.1750
11:08:41 INFO step=5000 loss=6.3211 crop_epe=6.7800 val_epe=9.9382
11:09:08 INFO step=5100 loss=1.6497 crop_epe=2.0733 val_epe=7.7062
11:09:31 INFO step=5200 loss=3.5209 crop_epe=3.9949 val_epe=7.4170
11:09:53 INFO step=5300 loss=2.1784 crop_epe=2.5772 val_epe=7.5824
11:10:20 INFO step=5400 loss=2.5719 crop_epe=2.9753 val_epe=8.1515
11:10:48 INFO step=5500 loss=17.3333 crop_epe=17.8268 val_epe=8.1598
11:11:12 INFO step=5600 loss=3.3641 crop_epe=3.7859 val_epe=9.3078
11:11:36 INFO step=5700 loss=2.3217 crop_epe=2.7529 val_epe=8.0496
11:12:02 INFO step=5800 loss=2.4626 crop_epe=2.8738 val_epe=8.0465
11:12:27 INFO step=5900 loss=3.6590 crop_epe=4.1020 val_epe=7.3178
11:12:52 INFO step=6000 loss=3.3001 crop_epe=3.7479 val_epe=7.9667
11:13:16 INFO step=6100 loss=3.3258 crop_epe=3.7370 val_epe=7.5203
11:13:42 INFO step=6200 loss=1.7955 crop_epe=2.1824 val_epe=7.7631
11:14:09 INFO step=6300 loss=2.4922 crop_epe=2.9325 val_epe=7.0827
11:14:33 INFO step=6400 loss=1.6181 crop_epe=2.0195 val_epe=7.5765
11:14:57 INFO step=6500 loss=3.8436 crop_epe=4.2847 val_epe=7.6749
11:15:22 INFO step=6600 loss=2.9379 crop_epe=3.3911 val_epe=6.6199
11:15:46 INFO step=6700 loss=2.0196 crop_epe=2.4096 val_epe=7.4186
11:16:11 INFO step=6800 loss=1.9747 crop_epe=2.3942 val_epe=7.8834
11:16:35 INFO step=6900 loss=3.8330 crop_epe=4.2702 val_epe=8.8338
11:16:58 INFO step=7000 loss=3.3396 crop_epe=3.7900 val_epe=7.1420
11:17:25 INFO step=7100 loss=8.3741 crop_epe=8.8318 val_epe=7.3198
11:17:49 INFO step=7200 loss=3.4377 crop_epe=3.8473 val_epe=7.0642
11:18:14 INFO step=7300 loss=1.3748 crop_epe=1.7647 val_epe=7.1524
11:18:37 INFO step=7400 loss=6.1076 crop_epe=6.5746 val_epe=6.8329
11:19:01 INFO step=7500 loss=3.6972 crop_epe=4.1105 val_epe=7.0986
11:19:28 INFO step=7600 loss=2.8113 crop_epe=3.2441 val_epe=6.8619
11:19:51 INFO step=7700 loss=2.4147 crop_epe=2.8312 val_epe=7.2231
11:20:14 INFO step=7800 loss=3.4139 crop_epe=3.8198 val_epe=7.2558
11:20:36 INFO step=7900 loss=3.6983 crop_epe=4.0989 val_epe=7.0517
11:21:05 INFO step=8000 loss=1.8997 crop_epe=2.3219 val_epe=7.0702
11:21:28 INFO step=8100 loss=2.7772 crop_epe=3.2033 val_epe=6.9267
11:21:53 INFO step=8200 loss=5.5454 crop_epe=5.9883 val_epe=6.8858
11:22:18 INFO step=8300 loss=9.8111 crop_epe=10.2734 val_epe=7.6707
11:22:49 INFO step=8400 loss=1.1150 crop_epe=1.4587 val_epe=7.9108
11:23:20 INFO step=8500 loss=3.2125 crop_epe=3.6785 val_epe=7.2899
11:23:52 INFO step=8600 loss=9.9631 crop_epe=10.4314 val_epe=7.1670
11:24:25 INFO step=8700 loss=3.6740 crop_epe=4.0926 val_epe=6.3461
11:24:57 INFO step=8800 loss=65.2377 crop_epe=65.7377 val_epe=6.7769
11:25:27 INFO step=8900 loss=2.3817 crop_epe=2.7779 val_epe=6.3722
11:25:58 INFO step=9000 loss=3.4996 crop_epe=3.9097 val_epe=7.4002
11:26:32 INFO step=9100 loss=3.8379 crop_epe=4.2500 val_epe=8.2866
11:27:02 INFO step=9200 loss=6.9876 crop_epe=7.4478 val_epe=6.4033
11:27:33 INFO step=9300 loss=2.7405 crop_epe=3.1224 val_epe=7.5844
11:28:02 INFO step=9400 loss=4.5614 crop_epe=5.0066 val_epe=6.8501
11:28:32 INFO step=9500 loss=2.2345 crop_epe=2.6246 val_epe=6.6582
11:29:01 INFO step=9600 loss=4.6230 crop_epe=5.0359 val_epe=6.7401
11:29:31 INFO step=9700 loss=2.4397 crop_epe=2.8425 val_epe=6.9720
11:30:01 INFO step=9800 loss=3.0532 crop_epe=3.4798 val_epe=6.8476
11:30:30 INFO step=9900 loss=3.5124 crop_epe=3.9589 val_epe=6.9715
11:31:00 INFO step=10000 loss=3.0072 crop_epe=3.4455 val_epe=6.9791
11:31:29 INFO step=10100 loss=3.3845 crop_epe=3.7990 val_epe=6.8197
11:31:59 INFO step=10200 loss=18.1325 crop_epe=18.6108 val_epe=6.4609
11:32:28 INFO step=10300 loss=3.0658 crop_epe=3.4701 val_epe=6.3217
11:32:57 INFO step=10400 loss=2.2366 crop_epe=2.5975 val_epe=6.7582
11:33:28 INFO step=10500 loss=3.5686 crop_epe=4.0131 val_epe=7.3631
11:33:58 INFO step=10600 loss=6.5990 crop_epe=7.0884 val_epe=7.5834
11:34:27 INFO step=10700 loss=7.4292 crop_epe=7.9126 val_epe=6.3098
11:34:56 INFO step=10800 loss=4.1040 crop_epe=4.4922 val_epe=6.3510
11:35:25 INFO step=10900 loss=2.1932 crop_epe=2.5863 val_epe=6.0138
11:35:54 INFO step=11000 loss=3.6617 crop_epe=4.0867 val_epe=6.4955
11:36:23 INFO step=11100 loss=3.4521 crop_epe=3.8857 val_epe=6.4000
11:36:54 INFO step=11200 loss=2.4888 crop_epe=2.9130 val_epe=6.2692
11:37:23 INFO step=11300 loss=2.7611 crop_epe=3.1656 val_epe=6.2822
11:37:51 INFO step=11400 loss=3.2355 crop_epe=3.6563 val_epe=6.2171
11:38:14 INFO step=11500 loss=1.7864 crop_epe=2.1925 val_epe=6.6316
11:38:37 INFO step=11600 loss=2.1136 crop_epe=2.5446 val_epe=5.9196
11:39:01 INFO step=11700 loss=9.0581 crop_epe=9.5457 val_epe=6.0305
11:39:24 INFO step=11800 loss=2.9157 crop_epe=3.3767 val_epe=7.2461
11:39:50 INFO step=11900 loss=4.9957 crop_epe=5.4499 val_epe=6.2201
11:40:15 INFO step=12000 loss=1.8707 crop_epe=2.2557 val_epe=6.3209
11:40:47 INFO step=12100 loss=4.1696 crop_epe=4.6495 val_epe=7.0864
11:41:20 INFO step=12200 loss=1.4146 crop_epe=1.8027 val_epe=6.5479
11:41:53 INFO step=12300 loss=3.1808 crop_epe=3.6126 val_epe=6.9762
11:42:17 INFO step=12400 loss=1.9122 crop_epe=2.3263 val_epe=6.4427
11:42:41 INFO step=12500 loss=4.1262 crop_epe=4.5125 val_epe=6.7026
11:43:12 INFO step=12600 loss=4.5229 crop_epe=4.9987 val_epe=7.2999
11:43:43 INFO step=12700 loss=2.6718 crop_epe=3.0958 val_epe=6.7466
11:44:17 INFO step=12800 loss=2.4645 crop_epe=2.8874 val_epe=6.8050
11:44:40 INFO step=12900 loss=1.5802 crop_epe=1.9341 val_epe=6.8266
11:45:08 INFO step=13000 loss=2.1233 crop_epe=2.4987 val_epe=5.9799
11:45:31 INFO step=13100 loss=1.7724 crop_epe=2.1845 val_epe=6.2821
11:45:56 INFO step=13200 loss=5.0188 crop_epe=5.4692 val_epe=6.5479
11:46:19 INFO step=13300 loss=1.5194 crop_epe=1.8500 val_epe=6.6683
11:46:44 INFO step=13400 loss=0.9625 crop_epe=1.3028 val_epe=6.2936
11:47:06 INFO step=13500 loss=4.2089 crop_epe=4.6814 val_epe=9.4600
11:47:31 INFO step=13600 loss=1.3786 crop_epe=1.7468 val_epe=6.6054
11:47:54 INFO step=13700 loss=2.0169 crop_epe=2.4491 val_epe=6.6261
11:48:17 INFO step=13800 loss=1.9462 crop_epe=2.3853 val_epe=5.8958
11:48:41 INFO step=13900 loss=2.9736 crop_epe=3.3951 val_epe=5.9730
11:49:11 INFO step=14000 loss=5.0652 crop_epe=5.4966 val_epe=5.9174
11:49:42 INFO step=14100 loss=4.5377 crop_epe=4.9984 val_epe=6.3925
11:50:12 INFO step=14200 loss=2.6230 crop_epe=3.0464 val_epe=6.4388
11:50:42 INFO step=14300 loss=6.0739 crop_epe=6.5061 val_epe=6.6489
11:51:12 INFO step=14400 loss=3.3897 crop_epe=3.8247 val_epe=6.4926
11:51:42 INFO step=14500 loss=1.1459 crop_epe=1.4835 val_epe=6.4054
11:52:14 INFO step=14600 loss=3.9239 crop_epe=4.3499 val_epe=5.8311
11:52:45 INFO step=14700 loss=2.1405 crop_epe=2.5647 val_epe=6.6232
11:53:16 INFO step=14800 loss=2.3567 crop_epe=2.7695 val_epe=7.3617
11:53:48 INFO step=14900 loss=2.0399 crop_epe=2.4442 val_epe=6.3578
11:54:20 INFO step=15000 loss=1.0346 crop_epe=1.3811 val_epe=5.8668
11:54:29 INFO COMPLETE /home/abrar/Research/Stereo-Vision-Depth-Enhancement-with-AI/experiments/selective_raft_a04/runs/A04b_selective_raft_ade20k_20260928T044604Z final EPE=5.8668 best=5.8311 @ 14600
