13:00:37 INFO run=A05a_raft_ade20k_clean_20260928T070037Z steps=15000
13:00:59 INFO pairs: 160 train / 40 held-out
13:00:59 INFO params: total 2.069 M, trainable 0.836 M, encoder (32, 128, 256, 256)
13:01:11 INFO initial held-out EPE: 129.9631
13:01:46 INFO step=100 loss=344.8082 crop_epe=14.8360 val_epe=20.9199
13:02:23 INFO step=200 loss=427.9733 crop_epe=14.3725 val_epe=16.9858
13:02:59 INFO step=300 loss=574.4797 crop_epe=19.0751 val_epe=15.0219
13:03:41 INFO step=400 loss=665.5921 crop_epe=19.3549 val_epe=14.7717
13:04:21 INFO step=500 loss=261.6126 crop_epe=13.4946 val_epe=14.6865
13:04:59 INFO step=600 loss=264.0384 crop_epe=13.6230 val_epe=13.3613
13:05:37 INFO step=700 loss=150.9778 crop_epe=10.2376 val_epe=12.2999
13:06:15 INFO step=800 loss=196.9102 crop_epe=10.9316 val_epe=12.6236
13:06:53 INFO step=900 loss=294.8614 crop_epe=13.7833 val_epe=14.1348
13:07:32 INFO step=1000 loss=339.1201 crop_epe=14.1256 val_epe=12.2172
13:08:13 INFO step=1100 loss=271.5478 crop_epe=12.6308 val_epe=10.5458
13:08:54 INFO step=1200 loss=47.4722 crop_epe=5.3643 val_epe=10.3168
13:09:33 INFO step=1300 loss=43.0154 crop_epe=4.9026 val_epe=10.0611
13:10:14 INFO step=1400 loss=79.9572 crop_epe=7.0149 val_epe=10.0914
13:10:53 INFO step=1500 loss=60.0133 crop_epe=6.0564 val_epe=10.4195
13:11:43 INFO step=1600 loss=43.3064 crop_epe=4.9412 val_epe=9.9321
13:12:24 INFO step=1700 loss=237.1213 crop_epe=10.8807 val_epe=9.4738
13:13:07 INFO step=1800 loss=131.6113 crop_epe=8.0972 val_epe=10.0004
13:13:47 INFO step=1900 loss=20.1858 crop_epe=3.5474 val_epe=8.9262
13:14:25 INFO step=2000 loss=213.4507 crop_epe=9.6915 val_epe=9.0637
13:15:04 INFO step=2100 loss=66.4046 crop_epe=5.7866 val_epe=8.3683
13:15:48 INFO step=2200 loss=66.8499 crop_epe=6.3499 val_epe=11.1356
13:16:28 INFO step=2300 loss=74.0192 crop_epe=6.3974 val_epe=9.1713
13:17:09 INFO step=2400 loss=100.5957 crop_epe=8.1353 val_epe=9.1360
13:17:50 INFO step=2500 loss=32.6659 crop_epe=4.1899 val_epe=9.7085
13:18:29 INFO step=2600 loss=87.0225 crop_epe=7.5978 val_epe=8.4230
13:19:08 INFO step=2700 loss=75.9070 crop_epe=6.1806 val_epe=8.3851
13:19:47 INFO step=2800 loss=177.0442 crop_epe=9.2657 val_epe=8.9905
13:20:31 INFO step=2900 loss=24.3241 crop_epe=3.7416 val_epe=8.6516
13:21:11 INFO step=3000 loss=92.4314 crop_epe=6.6119 val_epe=8.5680
13:21:52 INFO step=3100 loss=48.8558 crop_epe=5.1987 val_epe=9.4166
13:22:34 INFO step=3200 loss=86.1535 crop_epe=6.5688 val_epe=8.9894
13:23:18 INFO step=3300 loss=113.5393 crop_epe=8.8780 val_epe=7.9791
13:24:00 INFO step=3400 loss=124.7434 crop_epe=7.6635 val_epe=7.7850
13:24:45 INFO step=3500 loss=193.2871 crop_epe=7.6357 val_epe=7.7291
13:25:27 INFO step=3600 loss=27.7044 crop_epe=4.4082 val_epe=7.3361
13:26:10 INFO step=3700 loss=79.4548 crop_epe=4.4481 val_epe=8.9516
13:26:54 INFO step=3800 loss=61.8632 crop_epe=6.0799 val_epe=7.3958
13:27:37 INFO step=3900 loss=128.8976 crop_epe=7.7048 val_epe=7.2637
13:28:17 INFO step=4000 loss=485.3260 crop_epe=16.7958 val_epe=7.5297
13:28:58 INFO step=4100 loss=64.9358 crop_epe=6.1757 val_epe=8.4367
13:29:43 INFO step=4200 loss=99.2771 crop_epe=7.6034 val_epe=8.8981
13:30:22 INFO step=4300 loss=47.2411 crop_epe=4.1327 val_epe=7.4068
13:31:05 INFO step=4400 loss=33.8398 crop_epe=3.7666 val_epe=7.6324
13:31:48 INFO step=4500 loss=43.6545 crop_epe=4.7048 val_epe=7.3314
13:32:28 INFO step=4600 loss=124.4816 crop_epe=8.0619 val_epe=8.1411
13:33:12 INFO step=4700 loss=43.0941 crop_epe=5.1650 val_epe=6.7965
13:33:52 INFO step=4800 loss=65.3267 crop_epe=5.2210 val_epe=7.7271
13:34:32 INFO step=4900 loss=34.4208 crop_epe=4.2119 val_epe=6.6919
13:35:17 INFO step=5000 loss=31.7828 crop_epe=4.9571 val_epe=6.9625
13:35:57 INFO step=5100 loss=83.5702 crop_epe=8.3050 val_epe=6.8894
13:36:41 INFO step=5200 loss=50.5985 crop_epe=3.6159 val_epe=7.2976
13:37:23 INFO step=5300 loss=18.2481 crop_epe=3.2685 val_epe=7.5091
13:38:04 INFO step=5400 loss=33.8126 crop_epe=4.4492 val_epe=7.0782
13:38:48 INFO step=5500 loss=157.9318 crop_epe=7.4710 val_epe=8.8686
13:39:34 INFO step=5600 loss=32.5456 crop_epe=3.4262 val_epe=7.6636
13:40:19 INFO step=5700 loss=27.3650 crop_epe=3.5937 val_epe=6.5853
13:40:59 INFO step=5800 loss=116.9872 crop_epe=7.2648 val_epe=7.3192
13:41:41 INFO step=5900 loss=73.5454 crop_epe=5.0784 val_epe=7.7695
13:42:23 INFO step=6000 loss=58.1531 crop_epe=6.1043 val_epe=6.7683
13:43:04 INFO step=6100 loss=58.3688 crop_epe=4.6702 val_epe=7.9172
13:43:50 INFO step=6200 loss=9.7648 crop_epe=1.8671 val_epe=7.4933
13:44:31 INFO step=6300 loss=10.6091 crop_epe=1.8635 val_epe=6.6735
13:45:15 INFO step=6400 loss=48.5195 crop_epe=5.6845 val_epe=6.7839
13:45:53 INFO step=6500 loss=11.6231 crop_epe=1.9969 val_epe=7.4280
13:46:35 INFO step=6600 loss=25.5489 crop_epe=4.2524 val_epe=6.3207
13:47:15 INFO step=6700 loss=270.7531 crop_epe=15.2207 val_epe=6.6772
13:47:54 INFO step=6800 loss=31.0960 crop_epe=3.0616 val_epe=6.3077
13:48:38 INFO step=6900 loss=34.9236 crop_epe=4.2646 val_epe=6.5761
13:49:21 INFO step=7000 loss=53.1132 crop_epe=4.2902 val_epe=6.5609
13:50:00 INFO step=7100 loss=62.5637 crop_epe=4.2994 val_epe=6.8628
13:50:44 INFO step=7200 loss=35.6011 crop_epe=3.6185 val_epe=6.0639
13:51:26 INFO step=7300 loss=44.3215 crop_epe=4.0402 val_epe=6.5448
13:52:08 INFO step=7400 loss=72.6707 crop_epe=6.5176 val_epe=5.8637
13:52:48 INFO step=7500 loss=329.8854 crop_epe=9.8702 val_epe=8.2600
13:53:30 INFO step=7600 loss=11.2360 crop_epe=2.0446 val_epe=6.7307
13:54:16 INFO step=7700 loss=28.5954 crop_epe=3.9514 val_epe=6.9708
13:55:04 INFO step=7800 loss=14.4828 crop_epe=2.5034 val_epe=6.1467
13:55:49 INFO step=7900 loss=74.7494 crop_epe=5.5117 val_epe=8.0427
13:56:33 INFO step=8000 loss=48.2198 crop_epe=4.5975 val_epe=8.0949
13:57:31 INFO step=8100 loss=26.6142 crop_epe=3.7534 val_epe=6.8977
13:58:14 INFO step=8200 loss=147.7269 crop_epe=6.9778 val_epe=6.2394
13:58:54 INFO step=8300 loss=54.4849 crop_epe=4.5736 val_epe=6.0916
13:59:35 INFO step=8400 loss=12.6369 crop_epe=2.5773 val_epe=7.4052
14:00:06 INFO step=8500 loss=25.6934 crop_epe=3.3524 val_epe=6.6862
14:00:45 INFO step=8600 loss=278.3048 crop_epe=9.0701 val_epe=6.5822
14:01:27 INFO step=8700 loss=56.7121 crop_epe=4.4980 val_epe=7.3616
14:02:08 INFO step=8800 loss=55.9303 crop_epe=5.2571 val_epe=6.0715
14:02:54 INFO step=8900 loss=160.1712 crop_epe=7.2567 val_epe=6.4757
14:03:38 INFO step=9000 loss=14.9458 crop_epe=2.3649 val_epe=6.3469
14:04:21 INFO step=9100 loss=16.7092 crop_epe=2.5635 val_epe=6.0674
14:04:53 INFO step=9200 loss=31.4887 crop_epe=3.8220 val_epe=5.5410
14:05:25 INFO step=9300 loss=10.6109 crop_epe=1.9176 val_epe=6.8968
14:05:57 INFO step=9400 loss=30.0359 crop_epe=3.0772 val_epe=5.6807
14:06:29 INFO step=9500 loss=20.2300 crop_epe=2.6751 val_epe=7.2924
14:07:01 INFO step=9600 loss=28.0445 crop_epe=3.1085 val_epe=5.7306
14:07:34 INFO step=9700 loss=232.7660 crop_epe=7.9175 val_epe=5.9621
14:08:05 INFO step=9800 loss=52.4143 crop_epe=4.2243 val_epe=6.1042
14:08:36 INFO step=9900 loss=50.1737 crop_epe=4.4452 val_epe=6.7366
14:09:07 INFO step=10000 loss=7.9865 crop_epe=1.7996 val_epe=5.8747
14:09:38 INFO step=10100 loss=74.0444 crop_epe=4.1690 val_epe=5.9912
14:10:10 INFO step=10200 loss=55.0936 crop_epe=5.4961 val_epe=6.1555
14:10:42 INFO step=10300 loss=52.5996 crop_epe=4.3706 val_epe=5.3663
14:11:13 INFO step=10400 loss=105.2995 crop_epe=5.6255 val_epe=5.7206
14:11:44 INFO step=10500 loss=26.5273 crop_epe=3.8735 val_epe=6.3756
14:12:16 INFO step=10600 loss=115.0067 crop_epe=7.0747 val_epe=6.8779
14:12:47 INFO step=10700 loss=36.6037 crop_epe=3.3033 val_epe=5.9550
14:13:19 INFO step=10800 loss=43.4019 crop_epe=3.3431 val_epe=6.6962
14:13:50 INFO step=10900 loss=17.3437 crop_epe=2.7684 val_epe=5.6519
14:14:21 INFO step=11000 loss=60.1102 crop_epe=4.8137 val_epe=6.0832
14:14:52 INFO step=11100 loss=58.4760 crop_epe=6.9435 val_epe=7.1141
14:15:24 INFO step=11200 loss=64.0950 crop_epe=4.6959 val_epe=6.0962
14:15:55 INFO step=11300 loss=80.5484 crop_epe=5.6846 val_epe=5.9170
14:16:25 INFO step=11400 loss=5.5812 crop_epe=1.4415 val_epe=6.3917
14:16:57 INFO step=11500 loss=33.9633 crop_epe=3.1314 val_epe=7.4523
14:17:28 INFO step=11600 loss=40.9170 crop_epe=3.7195 val_epe=5.5983
14:18:00 INFO step=11700 loss=93.4806 crop_epe=5.5177 val_epe=5.2991
14:18:33 INFO step=11800 loss=30.8815 crop_epe=3.0020 val_epe=6.1722
14:19:05 INFO step=11900 loss=16.8669 crop_epe=2.7129 val_epe=6.2090
14:19:36 INFO step=12000 loss=16.4541 crop_epe=2.8023 val_epe=6.2025
14:20:08 INFO step=12100 loss=32.7844 crop_epe=4.3726 val_epe=6.8863
14:20:40 INFO step=12200 loss=34.8381 crop_epe=4.1309 val_epe=6.6961
14:21:11 INFO step=12300 loss=67.2745 crop_epe=4.5110 val_epe=6.1125
14:21:42 INFO step=12400 loss=40.6764 crop_epe=2.8035 val_epe=6.0086
14:22:13 INFO step=12500 loss=63.5333 crop_epe=6.4688 val_epe=6.0352
14:22:44 INFO step=12600 loss=203.5892 crop_epe=8.1223 val_epe=6.3439
14:23:16 INFO step=12700 loss=55.0357 crop_epe=4.2206 val_epe=5.3082
14:23:46 INFO step=12800 loss=11.7727 crop_epe=2.1819 val_epe=6.0468
14:24:17 INFO step=12900 loss=86.0250 crop_epe=6.3786 val_epe=5.5327
14:24:49 INFO step=13000 loss=11.4101 crop_epe=1.8693 val_epe=6.0609
14:25:22 INFO step=13100 loss=27.4546 crop_epe=2.8556 val_epe=5.5513
14:25:53 INFO step=13200 loss=15.0522 crop_epe=2.5661 val_epe=5.9531
14:26:24 INFO step=13300 loss=37.1513 crop_epe=4.1518 val_epe=5.8559
14:26:56 INFO step=13400 loss=22.0095 crop_epe=3.1654 val_epe=5.9056
14:27:27 INFO step=13500 loss=19.4540 crop_epe=2.9525 val_epe=5.7978
14:27:59 INFO step=13600 loss=11.7289 crop_epe=2.5731 val_epe=5.5724
14:28:31 INFO step=13700 loss=16.4018 crop_epe=2.1201 val_epe=5.8174
14:29:02 INFO step=13800 loss=14.8361 crop_epe=2.8129 val_epe=5.6647
14:29:34 INFO step=13900 loss=54.3836 crop_epe=4.6693 val_epe=5.1003
14:30:05 INFO step=14000 loss=29.0515 crop_epe=3.3212 val_epe=5.9638
14:30:37 INFO step=14100 loss=41.2495 crop_epe=3.6959 val_epe=5.6306
14:31:07 INFO step=14200 loss=9.3305 crop_epe=1.7903 val_epe=5.8190
14:31:38 INFO step=14300 loss=39.1093 crop_epe=3.1594 val_epe=6.5873
14:32:09 INFO step=14400 loss=9.3144 crop_epe=1.8974 val_epe=5.2026
14:32:40 INFO step=14500 loss=32.4162 crop_epe=3.5744 val_epe=6.1972
14:33:11 INFO step=14600 loss=22.7172 crop_epe=3.0552 val_epe=5.7677
14:33:42 INFO step=14700 loss=9.4410 crop_epe=2.0316 val_epe=6.1026
14:34:13 INFO step=14800 loss=27.1406 crop_epe=2.8098 val_epe=6.1251
14:34:43 INFO step=14900 loss=39.4037 crop_epe=4.0508 val_epe=6.0839
14:35:15 INFO step=15000 loss=75.0996 crop_epe=4.8750 val_epe=6.0355
14:35:25 INFO COMPLETE /home/abrar/Research/Stereo-Vision-Depth-Enhancement-with-AI/experiments/a05_clean/runs/A05a_raft_ade20k_clean_20260928T070037Z final EPE=6.0355 best=5.1003 @ 13900
