19:55:57 INFO arm=VD
19:55:57 INFO run=A07v2VD_20260928T135557Z steps=15000
19:56:21 INFO pairs: 160 train / 40 held-out
19:56:21 INFO params: total 1.666 M, trainable 0.433 M, encoder (32, 128, 256, 256)
19:56:31 INFO initial held-out EPE: 125.6930
19:57:13 INFO step=100 loss=202.9394 crop_epe=22.6939 val_epe=26.0296
19:57:49 INFO step=200 loss=242.7835 crop_epe=23.0876 val_epe=20.3304
19:58:26 INFO step=300 loss=163.4530 crop_epe=20.8402 val_epe=17.8884
19:59:02 INFO step=400 loss=310.1828 crop_epe=30.9546 val_epe=18.7769
19:59:39 INFO step=500 loss=109.8424 crop_epe=16.5183 val_epe=17.1636
20:00:16 INFO step=600 loss=88.8130 crop_epe=14.1928 val_epe=19.6558
20:00:53 INFO step=700 loss=113.4929 crop_epe=17.2222 val_epe=15.4635
20:01:30 INFO step=800 loss=70.7513 crop_epe=12.1082 val_epe=13.1367
20:02:06 INFO step=900 loss=92.4724 crop_epe=14.3647 val_epe=11.0897
20:02:43 INFO step=1000 loss=87.1241 crop_epe=11.6363 val_epe=11.3545
20:03:21 INFO step=1100 loss=93.2618 crop_epe=11.8620 val_epe=9.6117
20:03:58 INFO step=1200 loss=20.3886 crop_epe=4.7596 val_epe=14.9178
20:04:34 INFO step=1300 loss=17.6549 crop_epe=4.1841 val_epe=9.9998
20:05:10 INFO step=1400 loss=17.3070 crop_epe=3.8365 val_epe=8.6444
20:05:47 INFO step=1500 loss=25.1409 crop_epe=4.9075 val_epe=9.5941
20:06:23 INFO step=1600 loss=13.2497 crop_epe=3.8584 val_epe=8.4292
20:06:59 INFO step=1700 loss=52.0404 crop_epe=7.5470 val_epe=9.4114
20:07:35 INFO step=1800 loss=19.7111 crop_epe=4.8096 val_epe=8.8743
20:08:11 INFO step=1900 loss=7.0608 crop_epe=2.0354 val_epe=8.2887
20:08:47 INFO step=2000 loss=37.1342 crop_epe=7.0777 val_epe=7.2813
20:09:24 INFO step=2100 loss=20.1454 crop_epe=3.9095 val_epe=7.4908
20:10:02 INFO step=2200 loss=11.4491 crop_epe=2.9480 val_epe=7.4855
20:10:40 INFO step=2300 loss=20.0266 crop_epe=4.6432 val_epe=8.5527
20:11:20 INFO step=2400 loss=16.8247 crop_epe=4.3646 val_epe=7.7994
20:11:56 INFO step=2500 loss=11.8998 crop_epe=2.9628 val_epe=6.8189
20:12:30 INFO step=2600 loss=15.2227 crop_epe=3.7771 val_epe=8.3426
20:13:02 INFO step=2700 loss=31.6000 crop_epe=6.2239 val_epe=8.3274
20:13:34 INFO step=2800 loss=33.5163 crop_epe=5.7332 val_epe=7.6742
20:14:05 INFO step=2900 loss=8.9022 crop_epe=2.2245 val_epe=7.9494
20:14:37 INFO step=3000 loss=20.4216 crop_epe=4.0168 val_epe=6.6846
20:15:11 INFO step=3100 loss=11.2978 crop_epe=2.4565 val_epe=5.8406
20:15:48 INFO step=3200 loss=20.3786 crop_epe=3.8394 val_epe=5.9461
20:16:25 INFO step=3300 loss=27.3223 crop_epe=5.6302 val_epe=6.0002
20:17:00 INFO step=3400 loss=36.4556 crop_epe=5.9451 val_epe=5.6005
20:17:36 INFO step=3500 loss=76.0041 crop_epe=8.5315 val_epe=5.7393
20:18:13 INFO step=3600 loss=17.3152 crop_epe=4.4429 val_epe=5.4782
20:18:49 INFO step=3700 loss=36.2107 crop_epe=4.9874 val_epe=5.8474
20:19:23 INFO step=3800 loss=20.9610 crop_epe=4.2550 val_epe=6.5596
20:19:57 INFO step=3900 loss=40.2622 crop_epe=5.1236 val_epe=5.7065
20:20:32 INFO step=4000 loss=125.5282 crop_epe=13.9030 val_epe=5.2563
20:21:07 INFO step=4100 loss=16.2374 crop_epe=3.6982 val_epe=5.9521
20:21:41 INFO step=4200 loss=14.6774 crop_epe=3.0753 val_epe=6.5474
20:22:22 INFO step=4300 loss=13.2743 crop_epe=2.7723 val_epe=6.1390
20:23:02 INFO step=4400 loss=14.5893 crop_epe=3.0568 val_epe=5.9479
20:23:38 INFO step=4500 loss=11.2055 crop_epe=2.5200 val_epe=4.9749
20:24:14 INFO step=4600 loss=38.4282 crop_epe=5.6084 val_epe=5.0258
20:24:49 INFO step=4700 loss=14.5616 crop_epe=3.4510 val_epe=5.2121
20:25:24 INFO step=4800 loss=15.8617 crop_epe=2.5641 val_epe=5.1748
20:25:59 INFO step=4900 loss=19.2241 crop_epe=4.3606 val_epe=5.3349
20:26:34 INFO step=5000 loss=5.7113 crop_epe=1.7310 val_epe=5.0477
20:27:09 INFO step=5100 loss=64.2543 crop_epe=10.6370 val_epe=4.9391
20:27:45 INFO step=5200 loss=14.7597 crop_epe=2.9942 val_epe=5.4497
20:28:20 INFO step=5300 loss=5.7514 crop_epe=1.5758 val_epe=5.4145
20:28:55 INFO step=5400 loss=11.1978 crop_epe=2.6483 val_epe=5.1056
20:29:30 INFO step=5500 loss=48.0256 crop_epe=5.9114 val_epe=5.0426
20:30:05 INFO step=5600 loss=13.0575 crop_epe=2.6034 val_epe=5.2932
20:30:40 INFO step=5700 loss=11.4364 crop_epe=2.5228 val_epe=5.4965
20:31:16 INFO step=5800 loss=51.6818 crop_epe=6.5529 val_epe=4.9116
20:31:50 INFO step=5900 loss=17.3195 crop_epe=3.3337 val_epe=5.7918
20:32:25 INFO step=6000 loss=11.6501 crop_epe=2.8948 val_epe=5.0498
20:33:01 INFO step=6100 loss=21.5305 crop_epe=3.8488 val_epe=4.9853
20:33:35 INFO step=6200 loss=6.3613 crop_epe=1.5017 val_epe=6.1570
20:34:09 INFO step=6300 loss=4.3547 crop_epe=1.0627 val_epe=5.0437
20:34:44 INFO step=6400 loss=9.0201 crop_epe=2.5164 val_epe=4.9780
20:35:18 INFO step=6500 loss=6.3372 crop_epe=1.5202 val_epe=4.7873
20:35:54 INFO step=6600 loss=9.2523 crop_epe=2.5127 val_epe=5.3094
20:36:29 INFO step=6700 loss=20.3840 crop_epe=5.2401 val_epe=6.1136
20:37:03 INFO step=6800 loss=14.0170 crop_epe=2.5639 val_epe=4.5732
20:37:38 INFO step=6900 loss=14.3113 crop_epe=3.4708 val_epe=5.0699
20:38:13 INFO step=7000 loss=15.9650 crop_epe=2.8439 val_epe=4.6343
20:38:49 INFO step=7100 loss=14.1072 crop_epe=2.9051 val_epe=4.5125
20:39:24 INFO step=7200 loss=7.0693 crop_epe=1.8852 val_epe=4.5353
20:39:59 INFO step=7300 loss=20.4709 crop_epe=3.4208 val_epe=4.9311
20:40:39 INFO step=7400 loss=28.5355 crop_epe=5.6438 val_epe=4.7678
20:41:17 INFO step=7500 loss=105.9417 crop_epe=10.4135 val_epe=4.6504
20:41:53 INFO step=7600 loss=6.0046 crop_epe=1.4015 val_epe=4.8262
20:42:28 INFO step=7700 loss=7.6410 crop_epe=1.8386 val_epe=4.9041
20:43:02 INFO step=7800 loss=7.4497 crop_epe=1.8589 val_epe=4.8027
20:43:36 INFO step=7900 loss=35.3370 crop_epe=5.9316 val_epe=5.6680
20:44:11 INFO step=8000 loss=24.4349 crop_epe=4.1255 val_epe=5.7287
20:44:45 INFO step=8100 loss=11.6088 crop_epe=2.8218 val_epe=5.2826
20:45:19 INFO step=8200 loss=59.0839 crop_epe=7.4679 val_epe=5.0923
20:45:53 INFO step=8300 loss=20.9473 crop_epe=3.6531 val_epe=4.7239
20:46:29 INFO step=8400 loss=6.2050 crop_epe=1.7594 val_epe=5.0946
20:47:04 INFO step=8500 loss=9.2744 crop_epe=2.1480 val_epe=5.0772
20:47:39 INFO step=8600 loss=89.3981 crop_epe=9.5740 val_epe=4.2800
20:48:13 INFO step=8700 loss=31.0410 crop_epe=4.6204 val_epe=4.7096
20:48:49 INFO step=8800 loss=12.0753 crop_epe=2.7352 val_epe=4.3497
20:49:24 INFO step=8900 loss=37.1297 crop_epe=5.1870 val_epe=4.5607
20:49:58 INFO step=9000 loss=9.5800 crop_epe=2.0651 val_epe=4.2666
20:50:32 INFO step=9100 loss=7.5031 crop_epe=1.6511 val_epe=4.2836
20:51:07 INFO step=9200 loss=11.1567 crop_epe=2.5795 val_epe=4.5329
20:51:43 INFO step=9300 loss=6.0283 crop_epe=1.4164 val_epe=4.2289
20:52:18 INFO step=9400 loss=13.3516 crop_epe=2.7035 val_epe=4.5507
20:52:53 INFO step=9500 loss=11.1953 crop_epe=2.3623 val_epe=5.3053
20:53:28 INFO step=9600 loss=6.4283 crop_epe=1.4609 val_epe=4.6249
20:54:03 INFO step=9700 loss=81.2928 crop_epe=8.1971 val_epe=4.2749
20:54:38 INFO step=9800 loss=15.1409 crop_epe=2.9732 val_epe=4.6376
20:55:13 INFO step=9900 loss=21.4812 crop_epe=4.2137 val_epe=4.2514
20:55:48 INFO step=10000 loss=3.4253 crop_epe=0.8010 val_epe=4.4555
20:56:23 INFO step=10100 loss=41.8286 crop_epe=4.9643 val_epe=4.8580
20:56:58 INFO step=10200 loss=15.2132 crop_epe=3.2294 val_epe=4.3185
20:57:33 INFO step=10300 loss=25.6986 crop_epe=4.3907 val_epe=4.2666
20:58:08 INFO step=10400 loss=37.0982 crop_epe=5.3085 val_epe=4.4259
20:58:41 INFO step=10500 loss=6.8614 crop_epe=1.9610 val_epe=4.7539
20:59:16 INFO step=10600 loss=47.0869 crop_epe=7.4821 val_epe=4.4149
20:59:50 INFO step=10700 loss=19.6655 crop_epe=3.8427 val_epe=5.1541
21:00:24 INFO step=10800 loss=18.5616 crop_epe=3.2605 val_epe=4.0906
21:00:59 INFO step=10900 loss=6.2808 crop_epe=1.5817 val_epe=4.2336
21:01:34 INFO step=11000 loss=24.1110 crop_epe=4.4034 val_epe=4.5463
21:02:08 INFO step=11100 loss=6.4870 crop_epe=1.7198 val_epe=4.5392
21:02:43 INFO step=11200 loss=25.4107 crop_epe=4.3189 val_epe=4.3120
21:03:26 INFO step=11300 loss=31.2893 crop_epe=5.3058 val_epe=4.5735
21:04:12 INFO step=11400 loss=3.9858 crop_epe=1.0780 val_epe=4.2520
21:04:55 INFO step=11500 loss=14.2659 crop_epe=2.6942 val_epe=4.2333
21:05:32 INFO step=11600 loss=12.4118 crop_epe=2.6549 val_epe=4.1582
21:06:08 INFO step=11700 loss=36.6244 crop_epe=5.6626 val_epe=4.2314
21:06:43 INFO step=11800 loss=13.1834 crop_epe=2.4051 val_epe=4.1552
21:07:19 INFO step=11900 loss=3.6668 crop_epe=0.8574 val_epe=4.1583
21:07:55 INFO step=12000 loss=7.8766 crop_epe=1.9521 val_epe=4.5349
21:08:31 INFO step=12100 loss=11.7740 crop_epe=2.8609 val_epe=4.1961
21:09:06 INFO step=12200 loss=11.7645 crop_epe=2.5696 val_epe=4.2975
21:09:42 INFO step=12300 loss=20.4463 crop_epe=3.3401 val_epe=4.3244
21:10:18 INFO step=12400 loss=18.9360 crop_epe=2.4051 val_epe=4.1385
21:10:53 INFO step=12500 loss=61.6852 crop_epe=10.8429 val_epe=4.5389
21:11:30 INFO step=12600 loss=64.0295 crop_epe=7.7623 val_epe=4.4089
21:12:05 INFO step=12700 loss=27.0457 crop_epe=4.4590 val_epe=4.2237
21:12:41 INFO step=12800 loss=4.7071 crop_epe=1.2232 val_epe=4.0960
21:13:16 INFO step=12900 loss=24.1327 crop_epe=4.1307 val_epe=4.0613
21:13:52 INFO step=13000 loss=5.8429 crop_epe=1.4001 val_epe=4.1974
21:14:28 INFO step=13100 loss=11.6978 crop_epe=2.1510 val_epe=4.0585
21:15:03 INFO step=13200 loss=6.8566 crop_epe=1.7534 val_epe=3.8885
21:15:39 INFO step=13300 loss=17.9937 crop_epe=4.0305 val_epe=4.1881
21:16:14 INFO step=13400 loss=9.4945 crop_epe=2.3697 val_epe=4.2110
21:16:50 INFO step=13500 loss=8.8048 crop_epe=2.0290 val_epe=3.9892
21:17:26 INFO step=13600 loss=6.3035 crop_epe=1.8031 val_epe=4.3910
21:18:02 INFO step=13700 loss=8.3454 crop_epe=1.7594 val_epe=4.0126
21:18:37 INFO step=13800 loss=6.3802 crop_epe=1.7072 val_epe=3.9409
21:19:13 INFO step=13900 loss=20.2849 crop_epe=3.6212 val_epe=4.2318
21:19:48 INFO step=14000 loss=12.1469 crop_epe=2.7148 val_epe=4.4654
21:20:24 INFO step=14100 loss=22.7944 crop_epe=3.9053 val_epe=3.9608
21:21:00 INFO step=14200 loss=5.5215 crop_epe=1.4295 val_epe=4.1906
21:21:35 INFO step=14300 loss=14.3893 crop_epe=2.3042 val_epe=4.1906
21:22:11 INFO step=14400 loss=8.0867 crop_epe=1.9785 val_epe=3.8788
21:22:46 INFO step=14500 loss=14.6778 crop_epe=3.0012 val_epe=3.7529
21:23:22 INFO step=14600 loss=11.0744 crop_epe=2.7768 val_epe=3.9993
21:23:58 INFO step=14700 loss=7.2536 crop_epe=2.0459 val_epe=4.1537
21:24:34 INFO step=14800 loss=13.3733 crop_epe=2.4315 val_epe=3.8604
21:25:10 INFO step=14900 loss=19.0488 crop_epe=3.9103 val_epe=3.8616
21:25:45 INFO step=15000 loss=24.6180 crop_epe=4.1477 val_epe=4.0198
21:25:53 INFO COMPLETE /home/abrar/Research/Stereo-Vision-Depth-Enhancement-with-AI/experiments/a06_shallow/runs/A07v2VD_20260928T135557Z final EPE=4.0198 best=3.7529 @ 14500
