18:07:22 INFO arm=D
18:07:22 INFO run=A07v2D_20260928T120722Z steps=15000
18:07:38 INFO pairs: 160 train / 40 held-out
18:07:38 INFO params: total 1.658 M, trainable 0.425 M, encoder (32, 128, 256, 256)
18:07:47 INFO initial held-out EPE: 130.1942
18:08:23 INFO step=100 loss=227.2785 crop_epe=24.2435 val_epe=26.0727
18:08:53 INFO step=200 loss=283.2698 crop_epe=25.4682 val_epe=22.7968
18:09:23 INFO step=300 loss=187.3793 crop_epe=23.2977 val_epe=17.8316
18:09:53 INFO step=400 loss=320.4206 crop_epe=32.3275 val_epe=19.3289
18:10:23 INFO step=500 loss=126.0288 crop_epe=17.9420 val_epe=18.0364
18:10:56 INFO step=600 loss=80.8477 crop_epe=12.7041 val_epe=19.8248
18:11:26 INFO step=700 loss=138.3011 crop_epe=20.7438 val_epe=16.4626
18:11:55 INFO step=800 loss=44.6618 crop_epe=8.5792 val_epe=12.6953
18:12:25 INFO step=900 loss=70.5688 crop_epe=12.4548 val_epe=11.8632
18:12:55 INFO step=1000 loss=74.2986 crop_epe=9.9840 val_epe=13.7647
18:13:27 INFO step=1100 loss=81.5381 crop_epe=11.0074 val_epe=9.7047
18:14:05 INFO step=1200 loss=20.5564 crop_epe=5.0214 val_epe=15.2749
18:14:37 INFO step=1300 loss=29.5303 crop_epe=6.1192 val_epe=14.2259
18:15:09 INFO step=1400 loss=19.4947 crop_epe=4.4253 val_epe=9.1958
18:15:38 INFO step=1500 loss=25.9789 crop_epe=4.7691 val_epe=9.5542
18:16:11 INFO step=1600 loss=20.2949 crop_epe=5.1003 val_epe=8.9279
18:16:40 INFO step=1700 loss=65.8106 crop_epe=9.4032 val_epe=10.7025
18:17:09 INFO step=1800 loss=31.9929 crop_epe=5.7360 val_epe=8.8245
18:17:38 INFO step=1900 loss=7.6745 crop_epe=2.1696 val_epe=8.2433
18:18:09 INFO step=2000 loss=30.5613 crop_epe=5.9296 val_epe=7.8436
18:18:42 INFO step=2100 loss=19.7182 crop_epe=4.0102 val_epe=7.6103
18:19:12 INFO step=2200 loss=12.0425 crop_epe=2.9924 val_epe=9.2093
18:19:43 INFO step=2300 loss=23.8807 crop_epe=5.1881 val_epe=9.1581
18:20:13 INFO step=2400 loss=17.4776 crop_epe=4.2928 val_epe=8.3264
18:20:43 INFO step=2500 loss=10.5909 crop_epe=2.4416 val_epe=7.7667
18:21:14 INFO step=2600 loss=18.5016 crop_epe=4.3575 val_epe=6.8288
18:21:45 INFO step=2700 loss=26.2039 crop_epe=5.4590 val_epe=6.5620
18:22:13 INFO step=2800 loss=34.5681 crop_epe=6.2490 val_epe=7.8639
18:22:46 INFO step=2900 loss=7.2913 crop_epe=1.8809 val_epe=7.6574
18:23:15 INFO step=3000 loss=19.2795 crop_epe=3.8649 val_epe=6.2116
18:23:46 INFO step=3100 loss=11.6899 crop_epe=2.4390 val_epe=6.2506
18:24:21 INFO step=3200 loss=28.6716 crop_epe=5.0761 val_epe=6.2357
18:24:54 INFO step=3300 loss=19.5604 crop_epe=4.3516 val_epe=6.0880
18:25:33 INFO step=3400 loss=38.8819 crop_epe=6.3026 val_epe=6.0184
18:26:09 INFO step=3500 loss=88.6176 crop_epe=9.3731 val_epe=6.2278
18:26:44 INFO step=3600 loss=16.4119 crop_epe=4.0287 val_epe=5.5788
18:27:19 INFO step=3700 loss=31.3661 crop_epe=4.5204 val_epe=5.7830
18:27:50 INFO step=3800 loss=59.0119 crop_epe=9.6452 val_epe=7.2443
18:28:19 INFO step=3900 loss=37.4023 crop_epe=5.0374 val_epe=6.0796
18:28:47 INFO step=4000 loss=97.3418 crop_epe=11.5565 val_epe=6.8683
18:29:18 INFO step=4100 loss=22.7876 crop_epe=4.8541 val_epe=5.6592
18:29:48 INFO step=4200 loss=14.0304 crop_epe=3.0104 val_epe=5.4135
18:30:19 INFO step=4300 loss=25.4970 crop_epe=4.8973 val_epe=5.6135
18:30:50 INFO step=4400 loss=15.1863 crop_epe=3.4368 val_epe=5.9353
18:31:19 INFO step=4500 loss=12.6467 crop_epe=2.8629 val_epe=5.4201
18:31:49 INFO step=4600 loss=45.4425 crop_epe=6.1418 val_epe=5.3998
18:32:18 INFO step=4700 loss=17.1785 crop_epe=4.2610 val_epe=5.8259
18:32:52 INFO step=4800 loss=16.0131 crop_epe=2.5768 val_epe=5.3904
18:33:23 INFO step=4900 loss=17.6209 crop_epe=4.0433 val_epe=5.6189
18:33:58 INFO step=5000 loss=5.1233 crop_epe=1.5083 val_epe=5.1209
18:34:33 INFO step=5100 loss=25.2969 crop_epe=6.3369 val_epe=5.0416
18:35:06 INFO step=5200 loss=16.1903 crop_epe=3.1722 val_epe=5.3828
18:35:36 INFO step=5300 loss=6.7738 crop_epe=1.7841 val_epe=5.5341
18:36:06 INFO step=5400 loss=9.7319 crop_epe=2.2300 val_epe=5.0895
18:36:34 INFO step=5500 loss=48.4342 crop_epe=5.9460 val_epe=5.1773
18:37:05 INFO step=5600 loss=13.1365 crop_epe=2.6081 val_epe=5.8284
18:37:34 INFO step=5700 loss=9.4856 crop_epe=2.0341 val_epe=5.1624
18:38:03 INFO step=5800 loss=55.4800 crop_epe=7.0245 val_epe=5.4053
18:38:32 INFO step=5900 loss=14.1626 crop_epe=2.6725 val_epe=4.9147
18:39:02 INFO step=6000 loss=11.3617 crop_epe=2.6638 val_epe=5.0678
18:39:33 INFO step=6100 loss=22.6137 crop_epe=3.9781 val_epe=5.2243
18:40:02 INFO step=6200 loss=6.2407 crop_epe=1.4823 val_epe=5.1888
18:40:32 INFO step=6300 loss=4.8686 crop_epe=1.2226 val_epe=4.9940
18:41:05 INFO step=6400 loss=9.3035 crop_epe=2.6453 val_epe=4.8826
18:41:40 INFO step=6500 loss=6.6969 crop_epe=1.6443 val_epe=4.7570
18:42:13 INFO step=6600 loss=10.5224 crop_epe=3.0181 val_epe=5.0548
18:42:42 INFO step=6700 loss=18.3514 crop_epe=4.8453 val_epe=5.3187
18:43:11 INFO step=6800 loss=14.9410 crop_epe=2.7920 val_epe=4.6838
18:43:39 INFO step=6900 loss=13.7685 crop_epe=3.3034 val_epe=4.9925
18:44:08 INFO step=7000 loss=15.1276 crop_epe=2.8036 val_epe=4.4566
18:44:37 INFO step=7100 loss=14.9216 crop_epe=2.9118 val_epe=4.7078
18:45:06 INFO step=7200 loss=13.2323 crop_epe=3.1159 val_epe=5.9591
18:45:38 INFO step=7300 loss=20.9322 crop_epe=3.4404 val_epe=5.2046
18:46:07 INFO step=7400 loss=24.2432 crop_epe=4.6359 val_epe=4.5617
18:46:35 INFO step=7500 loss=116.5371 crop_epe=10.9114 val_epe=4.8699
18:47:04 INFO step=7600 loss=5.9635 crop_epe=1.4463 val_epe=4.5664
18:47:34 INFO step=7700 loss=7.9472 crop_epe=1.8740 val_epe=4.8103
18:48:06 INFO step=7800 loss=8.2208 crop_epe=2.0231 val_epe=4.5376
18:48:34 INFO step=7900 loss=29.0817 crop_epe=4.8772 val_epe=4.6136
18:49:05 INFO step=8000 loss=26.5084 crop_epe=4.1447 val_epe=5.1810
18:49:36 INFO step=8100 loss=12.9621 crop_epe=2.9984 val_epe=4.9735
18:50:08 INFO step=8200 loss=58.1210 crop_epe=7.4923 val_epe=4.6206
18:50:36 INFO step=8300 loss=20.6166 crop_epe=3.7423 val_epe=4.8707
18:51:02 INFO step=8400 loss=6.6799 crop_epe=1.7837 val_epe=5.2159
18:51:28 INFO step=8500 loss=9.8843 crop_epe=2.2227 val_epe=4.7119
18:51:55 INFO step=8600 loss=91.0090 crop_epe=9.3039 val_epe=4.4006
18:52:20 INFO step=8700 loss=36.6513 crop_epe=5.2528 val_epe=5.0212
18:52:45 INFO step=8800 loss=12.2996 crop_epe=2.9586 val_epe=4.6853
18:53:11 INFO step=8900 loss=54.0506 crop_epe=6.6814 val_epe=4.6532
18:53:35 INFO step=9000 loss=7.7891 crop_epe=1.7956 val_epe=4.5328
18:54:01 INFO step=9100 loss=7.7009 crop_epe=1.6499 val_epe=4.4228
18:54:26 INFO step=9200 loss=11.0218 crop_epe=2.3501 val_epe=4.3066
18:54:50 INFO step=9300 loss=5.8276 crop_epe=1.3818 val_epe=4.4397
18:55:14 INFO step=9400 loss=12.9341 crop_epe=2.5638 val_epe=4.4282
18:55:38 INFO step=9500 loss=13.3477 crop_epe=2.8557 val_epe=4.2657
18:56:03 INFO step=9600 loss=11.5640 crop_epe=2.1591 val_epe=5.3313
18:56:28 INFO step=9700 loss=81.8356 crop_epe=8.2177 val_epe=4.8419
18:56:52 INFO step=9800 loss=15.8927 crop_epe=3.0511 val_epe=4.7288
18:57:17 INFO step=9900 loss=17.5843 crop_epe=3.3025 val_epe=4.3604
18:57:43 INFO step=10000 loss=3.8777 crop_epe=0.9111 val_epe=4.3165
18:58:09 INFO step=10100 loss=26.7502 crop_epe=3.1907 val_epe=4.3088
18:58:33 INFO step=10200 loss=12.9212 crop_epe=2.6411 val_epe=4.2486
18:59:00 INFO step=10300 loss=23.6258 crop_epe=4.0195 val_epe=4.4803
18:59:25 INFO step=10400 loss=38.3066 crop_epe=5.4775 val_epe=4.0661
18:59:49 INFO step=10500 loss=12.5270 crop_epe=3.2422 val_epe=4.6893
19:00:14 INFO step=10600 loss=46.4687 crop_epe=6.7513 val_epe=4.2884
19:00:37 INFO step=10700 loss=14.4318 crop_epe=2.8190 val_epe=4.7961
19:01:01 INFO step=10800 loss=21.0545 crop_epe=3.8567 val_epe=4.5468
19:01:25 INFO step=10900 loss=7.0564 crop_epe=1.8600 val_epe=4.4362
19:01:49 INFO step=11000 loss=25.5164 crop_epe=4.6709 val_epe=4.2168
19:02:13 INFO step=11100 loss=6.3007 crop_epe=1.6202 val_epe=4.4997
19:02:37 INFO step=11200 loss=27.9189 crop_epe=4.7775 val_epe=4.6161
19:03:00 INFO step=11300 loss=35.7151 crop_epe=5.9145 val_epe=5.2804
19:03:24 INFO step=11400 loss=3.8790 crop_epe=1.0873 val_epe=4.3206
19:03:47 INFO step=11500 loss=14.8394 crop_epe=2.8017 val_epe=4.3911
19:04:11 INFO step=11600 loss=14.1662 crop_epe=3.0123 val_epe=4.3003
19:04:35 INFO step=11700 loss=37.5667 crop_epe=5.9472 val_epe=4.2403
19:04:59 INFO step=11800 loss=11.2630 crop_epe=2.0986 val_epe=4.4820
19:05:23 INFO step=11900 loss=3.9511 crop_epe=1.0332 val_epe=4.2108
19:05:46 INFO step=12000 loss=8.3214 crop_epe=1.9169 val_epe=4.5310
19:06:10 INFO step=12100 loss=10.7488 crop_epe=2.6046 val_epe=3.9697
19:06:34 INFO step=12200 loss=11.8426 crop_epe=2.6253 val_epe=4.1430
19:06:58 INFO step=12300 loss=18.9772 crop_epe=3.1788 val_epe=4.2808
19:07:22 INFO step=12400 loss=16.4040 crop_epe=2.2609 val_epe=4.2198
19:07:45 INFO step=12500 loss=41.6578 crop_epe=8.1233 val_epe=4.5555
19:08:09 INFO step=12600 loss=71.4003 crop_epe=8.4734 val_epe=4.2150
19:08:33 INFO step=12700 loss=25.6141 crop_epe=4.1308 val_epe=4.1352
19:08:57 INFO step=12800 loss=4.8639 crop_epe=1.2871 val_epe=4.3620
19:09:21 INFO step=12900 loss=21.2185 crop_epe=3.8713 val_epe=4.4256
19:09:45 INFO step=13000 loss=6.1739 crop_epe=1.4549 val_epe=3.9105
19:10:09 INFO step=13100 loss=11.0900 crop_epe=2.0536 val_epe=3.8489
19:10:32 INFO step=13200 loss=6.8743 crop_epe=1.7433 val_epe=4.0135
19:10:56 INFO step=13300 loss=17.9114 crop_epe=4.1297 val_epe=4.3320
19:11:20 INFO step=13400 loss=13.5127 crop_epe=3.3568 val_epe=4.1894
19:11:43 INFO step=13500 loss=9.4431 crop_epe=2.2888 val_epe=4.0958
19:12:07 INFO step=13600 loss=5.8601 crop_epe=1.6252 val_epe=3.9754
19:12:31 INFO step=13700 loss=7.8344 crop_epe=1.6264 val_epe=3.9302
19:12:55 INFO step=13800 loss=6.7186 crop_epe=1.7922 val_epe=4.0604
19:13:19 INFO step=13900 loss=20.6321 crop_epe=3.5448 val_epe=4.2803
19:13:43 INFO step=14000 loss=12.9355 crop_epe=2.9536 val_epe=4.5551
19:14:08 INFO step=14100 loss=22.1514 crop_epe=3.7400 val_epe=3.8911
19:14:33 INFO step=14200 loss=4.5169 crop_epe=1.2145 val_epe=4.0663
19:14:58 INFO step=14300 loss=14.7644 crop_epe=2.5703 val_epe=4.4112
19:15:22 INFO step=14400 loss=7.3658 crop_epe=1.7995 val_epe=3.9517
19:15:46 INFO step=14500 loss=13.7951 crop_epe=2.7881 val_epe=3.8388
19:16:11 INFO step=14600 loss=11.4833 crop_epe=2.7317 val_epe=4.4180
19:16:35 INFO step=14700 loss=5.4063 crop_epe=1.4110 val_epe=3.9972
19:16:59 INFO step=14800 loss=12.5049 crop_epe=2.3130 val_epe=4.3721
19:17:23 INFO step=14900 loss=26.2311 crop_epe=5.0760 val_epe=4.2332
19:17:47 INFO step=15000 loss=30.8091 crop_epe=4.7539 val_epe=3.9840
19:17:53 INFO COMPLETE /home/abrar/Research/Stereo-Vision-Depth-Enhancement-with-AI/experiments/a06_shallow/runs/A07v2D_20260928T120722Z final EPE=3.9840 best=3.8388 @ 14500
