17:23:45 INFO arm=E
17:23:45 INFO run=A07v2E_20260928T112345Z steps=15000
17:24:02 INFO pairs: 160 train / 40 held-out
17:24:02 INFO params: total 1.651 M, trainable 0.418 M, encoder (32, 128, 256, 256)
17:24:09 INFO initial held-out EPE: 133.2866
17:24:28 INFO step=100 loss=244.8163 crop_epe=25.8769 val_epe=26.2771
17:24:44 INFO step=200 loss=248.3477 crop_epe=23.2046 val_epe=20.8567
17:25:02 INFO step=300 loss=120.8231 crop_epe=16.4165 val_epe=16.2867
17:25:18 INFO step=400 loss=231.2591 crop_epe=24.2132 val_epe=16.7984
17:25:34 INFO step=500 loss=90.5653 crop_epe=14.5324 val_epe=15.1632
17:25:50 INFO step=600 loss=210.4799 crop_epe=24.0360 val_epe=26.0539
17:26:06 INFO step=700 loss=97.9846 crop_epe=16.5377 val_epe=15.3188
17:26:22 INFO step=800 loss=35.0580 crop_epe=7.1356 val_epe=11.6650
17:26:37 INFO step=900 loss=57.5705 crop_epe=10.1580 val_epe=10.7555
17:26:52 INFO step=1000 loss=79.7816 crop_epe=11.0814 val_epe=14.1272
17:27:08 INFO step=1100 loss=82.6541 crop_epe=11.3409 val_epe=9.3748
17:27:23 INFO step=1200 loss=22.1070 crop_epe=5.1801 val_epe=11.1601
17:27:39 INFO step=1300 loss=13.3946 crop_epe=3.4377 val_epe=8.7994
17:27:54 INFO step=1400 loss=23.1232 crop_epe=5.3328 val_epe=10.0425
17:28:11 INFO step=1500 loss=24.3019 crop_epe=4.7783 val_epe=10.4622
17:28:26 INFO step=1600 loss=12.8551 crop_epe=3.4548 val_epe=8.7327
17:28:42 INFO step=1700 loss=55.8874 crop_epe=8.0319 val_epe=8.1940
17:28:57 INFO step=1800 loss=20.9719 crop_epe=4.8791 val_epe=7.7690
17:29:12 INFO step=1900 loss=9.3913 crop_epe=2.5983 val_epe=7.3002
17:29:28 INFO step=2000 loss=30.8700 crop_epe=6.1583 val_epe=7.7836
17:29:44 INFO step=2100 loss=26.5871 crop_epe=5.1189 val_epe=7.8815
17:30:00 INFO step=2200 loss=12.5316 crop_epe=3.1077 val_epe=7.4963
17:30:16 INFO step=2300 loss=21.3202 crop_epe=4.8992 val_epe=7.5017
17:30:36 INFO step=2400 loss=32.1534 crop_epe=6.8471 val_epe=7.9161
17:30:54 INFO step=2500 loss=11.7071 crop_epe=2.4443 val_epe=7.0439
17:31:11 INFO step=2600 loss=14.4962 crop_epe=3.4654 val_epe=6.4906
17:31:26 INFO step=2700 loss=50.9743 crop_epe=9.7114 val_epe=8.6051
17:31:41 INFO step=2800 loss=31.9435 crop_epe=5.5824 val_epe=7.1912
17:32:00 INFO step=2900 loss=7.6293 crop_epe=2.0808 val_epe=6.8470
17:32:16 INFO step=3000 loss=17.5325 crop_epe=3.4193 val_epe=5.9501
17:32:32 INFO step=3100 loss=10.9710 crop_epe=2.4101 val_epe=6.3338
17:32:47 INFO step=3200 loss=31.3904 crop_epe=6.2389 val_epe=7.7814
17:33:07 INFO step=3300 loss=30.9056 crop_epe=6.1488 val_epe=5.7187
17:33:23 INFO step=3400 loss=44.8566 crop_epe=7.2216 val_epe=6.7739
17:33:38 INFO step=3500 loss=72.3030 crop_epe=8.1463 val_epe=6.1695
17:33:55 INFO step=3600 loss=12.2960 crop_epe=3.2497 val_epe=5.8674
17:34:10 INFO step=3700 loss=30.7548 crop_epe=4.1433 val_epe=5.7935
17:34:26 INFO step=3800 loss=23.2729 crop_epe=4.7777 val_epe=6.0202
17:34:42 INFO step=3900 loss=38.9231 crop_epe=4.9046 val_epe=5.7285
17:34:58 INFO step=4000 loss=102.9264 crop_epe=12.2270 val_epe=5.7522
17:35:15 INFO step=4100 loss=20.0571 crop_epe=4.5773 val_epe=6.1093
17:35:31 INFO step=4200 loss=15.9261 crop_epe=3.4309 val_epe=6.4874
17:35:46 INFO step=4300 loss=20.0126 crop_epe=4.2414 val_epe=6.5710
17:36:02 INFO step=4400 loss=13.4886 crop_epe=2.9197 val_epe=5.5690
17:36:18 INFO step=4500 loss=12.4133 crop_epe=2.7271 val_epe=5.3332
17:36:34 INFO step=4600 loss=48.9798 crop_epe=6.5008 val_epe=5.5346
17:36:54 INFO step=4700 loss=18.2922 crop_epe=4.2712 val_epe=5.4369
17:37:10 INFO step=4800 loss=18.2520 crop_epe=3.0192 val_epe=5.6090
17:37:26 INFO step=4900 loss=19.0757 crop_epe=4.4282 val_epe=5.8346
17:37:42 INFO step=5000 loss=6.9302 crop_epe=2.0849 val_epe=5.2241
17:37:57 INFO step=5100 loss=51.2664 crop_epe=10.6005 val_epe=5.1554
17:38:14 INFO step=5200 loss=17.2233 crop_epe=3.3931 val_epe=5.8023
17:38:31 INFO step=5300 loss=5.9265 crop_epe=1.5663 val_epe=5.2684
17:38:47 INFO step=5400 loss=10.1106 crop_epe=2.2970 val_epe=5.1108
17:39:03 INFO step=5500 loss=46.9725 crop_epe=6.0387 val_epe=5.3599
17:39:19 INFO step=5600 loss=13.9544 crop_epe=2.9171 val_epe=5.2374
17:39:36 INFO step=5700 loss=11.0712 crop_epe=2.3719 val_epe=4.9936
17:39:51 INFO step=5800 loss=51.9343 crop_epe=6.7003 val_epe=4.8947
17:40:07 INFO step=5900 loss=16.7241 crop_epe=3.1633 val_epe=5.3744
17:40:26 INFO step=6000 loss=14.2448 crop_epe=3.4193 val_epe=5.0988
17:40:42 INFO step=6100 loss=25.7141 crop_epe=4.4826 val_epe=4.7878
17:40:58 INFO step=6200 loss=6.1471 crop_epe=1.4512 val_epe=5.2246
17:41:14 INFO step=6300 loss=4.8740 crop_epe=1.1977 val_epe=4.7797
17:41:30 INFO step=6400 loss=6.0581 crop_epe=1.7402 val_epe=4.8317
17:41:48 INFO step=6500 loss=6.9236 crop_epe=1.6866 val_epe=4.7622
17:42:08 INFO step=6600 loss=24.6934 crop_epe=5.5027 val_epe=6.3995
17:42:25 INFO step=6700 loss=32.6377 crop_epe=7.5655 val_epe=5.3278
17:42:43 INFO step=6800 loss=15.5941 crop_epe=2.8299 val_epe=4.6335
17:43:01 INFO step=6900 loss=14.7935 crop_epe=3.5547 val_epe=4.9052
17:43:18 INFO step=7000 loss=16.7848 crop_epe=3.0567 val_epe=5.1404
17:43:36 INFO step=7100 loss=16.7908 crop_epe=3.3771 val_epe=5.2123
17:43:53 INFO step=7200 loss=13.0594 crop_epe=3.0391 val_epe=5.1559
17:44:10 INFO step=7300 loss=23.2338 crop_epe=3.8188 val_epe=4.7792
17:44:28 INFO step=7400 loss=26.2283 crop_epe=4.9293 val_epe=5.0172
17:44:48 INFO step=7500 loss=97.8270 crop_epe=9.5112 val_epe=4.7248
17:45:08 INFO step=7600 loss=5.3636 crop_epe=1.3465 val_epe=4.6496
17:45:25 INFO step=7700 loss=9.7536 crop_epe=2.3030 val_epe=4.9201
17:45:43 INFO step=7800 loss=8.5436 crop_epe=2.0346 val_epe=4.5875
17:46:00 INFO step=7900 loss=31.3575 crop_epe=5.3095 val_epe=5.4530
17:46:20 INFO step=8000 loss=25.5557 crop_epe=4.2679 val_epe=5.5621
17:46:39 INFO step=8100 loss=12.8018 crop_epe=3.1938 val_epe=6.2906
17:46:56 INFO step=8200 loss=70.0079 crop_epe=8.3845 val_epe=4.7527
17:47:13 INFO step=8300 loss=21.0065 crop_epe=3.7696 val_epe=4.4911
17:47:31 INFO step=8400 loss=5.7661 crop_epe=1.5573 val_epe=4.5558
17:47:47 INFO step=8500 loss=11.7349 crop_epe=2.5680 val_epe=4.8545
17:48:03 INFO step=8600 loss=90.8518 crop_epe=10.2991 val_epe=4.3342
17:48:21 INFO step=8700 loss=29.9602 crop_epe=4.6758 val_epe=5.1512
17:48:37 INFO step=8800 loss=13.4219 crop_epe=3.1595 val_epe=4.5293
17:48:53 INFO step=8900 loss=55.7275 crop_epe=6.9336 val_epe=4.9254
17:49:10 INFO step=9000 loss=7.9522 crop_epe=1.7324 val_epe=4.3590
17:49:28 INFO step=9100 loss=7.3366 crop_epe=1.5959 val_epe=4.5510
17:49:44 INFO step=9200 loss=10.1395 crop_epe=2.3045 val_epe=4.4798
17:50:02 INFO step=9300 loss=5.8339 crop_epe=1.4042 val_epe=4.7616
17:50:19 INFO step=9400 loss=14.1842 crop_epe=2.8102 val_epe=4.6895
17:50:35 INFO step=9500 loss=10.2646 crop_epe=2.2816 val_epe=4.7401
17:50:52 INFO step=9600 loss=7.1374 crop_epe=1.6060 val_epe=4.3882
17:51:09 INFO step=9700 loss=80.9907 crop_epe=8.0808 val_epe=4.8607
17:51:26 INFO step=9800 loss=20.8920 crop_epe=3.7156 val_epe=4.2887
17:51:46 INFO step=9900 loss=15.9391 crop_epe=2.8207 val_epe=4.3199
17:52:04 INFO step=10000 loss=3.7162 crop_epe=0.9685 val_epe=4.3062
17:52:21 INFO step=10100 loss=25.7245 crop_epe=3.1898 val_epe=4.4611
17:52:37 INFO step=10200 loss=12.9922 crop_epe=2.5526 val_epe=4.2613
17:52:54 INFO step=10300 loss=25.4116 crop_epe=4.4376 val_epe=4.5099
17:53:11 INFO step=10400 loss=35.5519 crop_epe=5.2085 val_epe=5.4146
17:53:29 INFO step=10500 loss=7.0360 crop_epe=2.0342 val_epe=5.0299
17:53:45 INFO step=10600 loss=45.3433 crop_epe=7.1441 val_epe=4.5923
17:54:07 INFO step=10700 loss=15.8766 crop_epe=3.0081 val_epe=4.7946
17:54:28 INFO step=10800 loss=22.2320 crop_epe=3.7940 val_epe=4.5632
17:54:47 INFO step=10900 loss=9.5701 crop_epe=2.4694 val_epe=4.2988
17:55:12 INFO step=11000 loss=28.1421 crop_epe=4.8893 val_epe=4.2330
17:55:29 INFO step=11100 loss=7.5916 crop_epe=2.2312 val_epe=4.8268
17:55:45 INFO step=11200 loss=24.9348 crop_epe=4.2227 val_epe=4.2860
17:56:02 INFO step=11300 loss=37.8867 crop_epe=6.2593 val_epe=5.6495
17:56:22 INFO step=11400 loss=4.6215 crop_epe=1.2014 val_epe=4.0966
17:56:38 INFO step=11500 loss=14.1424 crop_epe=2.6307 val_epe=4.1851
17:56:55 INFO step=11600 loss=13.8170 crop_epe=2.8928 val_epe=4.2059
17:57:12 INFO step=11700 loss=37.2825 crop_epe=6.0386 val_epe=4.2371
17:57:28 INFO step=11800 loss=12.7584 crop_epe=2.4125 val_epe=4.4717
17:57:44 INFO step=11900 loss=4.1376 crop_epe=1.0033 val_epe=4.0296
17:58:00 INFO step=12000 loss=7.1697 crop_epe=1.7824 val_epe=4.1658
17:58:16 INFO step=12100 loss=12.8478 crop_epe=2.9514 val_epe=4.2973
17:58:32 INFO step=12200 loss=12.2237 crop_epe=2.6158 val_epe=4.2933
17:58:48 INFO step=12300 loss=18.5527 crop_epe=3.0142 val_epe=4.0512
17:59:04 INFO step=12400 loss=18.0410 crop_epe=2.3411 val_epe=4.0253
17:59:21 INFO step=12500 loss=44.3563 crop_epe=8.5115 val_epe=4.2621
17:59:37 INFO step=12600 loss=70.9864 crop_epe=8.3029 val_epe=4.1840
17:59:54 INFO step=12700 loss=26.7699 crop_epe=4.7144 val_epe=4.3296
18:00:10 INFO step=12800 loss=5.3988 crop_epe=1.3005 val_epe=4.2701
18:00:26 INFO step=12900 loss=22.1580 crop_epe=3.9542 val_epe=4.4004
18:00:46 INFO step=13000 loss=5.9995 crop_epe=1.4318 val_epe=4.0240
18:01:03 INFO step=13100 loss=12.5133 crop_epe=2.2679 val_epe=4.1801
18:01:19 INFO step=13200 loss=8.0548 crop_epe=1.9852 val_epe=4.0224
18:01:37 INFO step=13300 loss=17.8858 crop_epe=4.0174 val_epe=4.5542
18:01:53 INFO step=13400 loss=9.3076 crop_epe=2.1528 val_epe=4.7437
18:02:11 INFO step=13500 loss=9.0629 crop_epe=2.1410 val_epe=4.1883
18:02:30 INFO step=13600 loss=16.0191 crop_epe=3.0426 val_epe=4.1475
18:02:48 INFO step=13700 loss=8.4106 crop_epe=1.7542 val_epe=3.9839
18:03:07 INFO step=13800 loss=6.6332 crop_epe=1.8714 val_epe=3.9219
18:03:26 INFO step=13900 loss=24.7677 crop_epe=4.0638 val_epe=4.2466
18:03:47 INFO step=14000 loss=11.4340 crop_epe=2.5936 val_epe=4.1850
18:04:06 INFO step=14100 loss=24.0178 crop_epe=4.0080 val_epe=4.0100
18:04:23 INFO step=14200 loss=4.8597 crop_epe=1.2283 val_epe=4.3938
18:04:42 INFO step=14300 loss=14.7485 crop_epe=2.5119 val_epe=4.1212
18:05:00 INFO step=14400 loss=7.9942 crop_epe=1.9865 val_epe=4.0587
18:05:20 INFO step=14500 loss=14.1259 crop_epe=3.0166 val_epe=3.9558
18:05:38 INFO step=14600 loss=10.4067 crop_epe=2.6180 val_epe=4.0758
18:05:54 INFO step=14700 loss=7.6401 crop_epe=2.0868 val_epe=3.8027
18:06:10 INFO step=14800 loss=14.2670 crop_epe=2.6129 val_epe=4.5083
18:06:33 INFO step=14900 loss=22.3555 crop_epe=4.6298 val_epe=4.0454
18:06:49 INFO step=15000 loss=26.2083 crop_epe=4.3302 val_epe=4.0984
18:06:55 INFO COMPLETE /home/abrar/Research/Stereo-Vision-Depth-Enhancement-with-AI/experiments/a06_shallow/runs/A07v2E_20260928T112345Z final EPE=4.0984 best=3.8027 @ 14700
