15:33:42 INFO run=A06C1_shallow_20260928T093342Z steps=15000
15:34:05 INFO pairs: 160 train / 40 held-out
15:34:05 INFO params: total 0.978 M, trainable 0.933 M, encoder (128,)
15:34:26 INFO initial held-out EPE: 106.9707
15:35:13 INFO step=100 loss=526.9965 crop_epe=19.0817 val_epe=23.6926
15:35:56 INFO step=200 loss=593.1736 crop_epe=17.1241 val_epe=18.7575
15:36:39 INFO step=300 loss=658.8250 crop_epe=22.1337 val_epe=17.3640
15:37:22 INFO step=400 loss=726.0145 crop_epe=21.2194 val_epe=16.2849
15:38:06 INFO step=500 loss=272.2177 crop_epe=13.5882 val_epe=15.2488
15:38:48 INFO step=600 loss=227.8118 crop_epe=12.1090 val_epe=13.1964
15:39:35 INFO step=700 loss=109.5265 crop_epe=8.8257 val_epe=11.6950
15:40:18 INFO step=800 loss=111.7234 crop_epe=8.7993 val_epe=11.0040
15:41:01 INFO step=900 loss=106.6765 crop_epe=6.7232 val_epe=11.8502
15:41:46 INFO step=1000 loss=253.7221 crop_epe=11.8733 val_epe=10.1154
15:42:30 INFO step=1100 loss=269.6736 crop_epe=10.4369 val_epe=8.8574
15:43:20 INFO step=1200 loss=169.9696 crop_epe=9.2445 val_epe=8.5482
15:43:58 INFO step=1300 loss=19.0698 crop_epe=3.4630 val_epe=7.5729
15:44:42 INFO step=1400 loss=79.0691 crop_epe=6.8055 val_epe=7.7159
15:45:25 INFO step=1500 loss=46.6124 crop_epe=4.7753 val_epe=7.7985
15:46:06 INFO step=1600 loss=52.5974 crop_epe=5.7499 val_epe=8.1321
15:46:48 INFO step=1700 loss=121.7140 crop_epe=6.4006 val_epe=7.2896
15:47:31 INFO step=1800 loss=58.8359 crop_epe=6.1065 val_epe=7.7856
15:48:18 INFO step=1900 loss=13.9752 crop_epe=2.6551 val_epe=6.6257
15:49:02 INFO step=2000 loss=114.0572 crop_epe=7.8854 val_epe=6.5346
15:49:49 INFO step=2100 loss=49.2949 crop_epe=5.0098 val_epe=6.6236
15:50:35 INFO step=2200 loss=26.3192 crop_epe=3.4497 val_epe=7.1538
15:51:27 INFO step=2300 loss=59.7821 crop_epe=4.9069 val_epe=6.4760
15:52:13 INFO step=2400 loss=47.1649 crop_epe=4.6172 val_epe=6.4201
15:52:57 INFO step=2500 loss=26.2818 crop_epe=3.2301 val_epe=6.6213
15:53:42 INFO step=2600 loss=34.2305 crop_epe=3.8851 val_epe=6.3304
15:54:27 INFO step=2700 loss=114.6424 crop_epe=7.5815 val_epe=5.9041
15:55:09 INFO step=2800 loss=80.2487 crop_epe=5.3935 val_epe=6.6676
15:55:57 INFO step=2900 loss=13.7719 crop_epe=2.6066 val_epe=5.9157
15:56:42 INFO step=3000 loss=34.9875 crop_epe=3.2938 val_epe=5.7984
15:57:31 INFO step=3100 loss=20.1756 crop_epe=2.8469 val_epe=5.7718
15:58:16 INFO step=3200 loss=52.0564 crop_epe=4.3834 val_epe=5.7836
15:58:59 INFO step=3300 loss=50.9502 crop_epe=4.7371 val_epe=5.7551
15:59:44 INFO step=3400 loss=115.7094 crop_epe=7.3519 val_epe=5.9895
16:00:31 INFO step=3500 loss=209.9237 crop_epe=8.3041 val_epe=5.8936
16:01:19 INFO step=3600 loss=17.5965 crop_epe=3.4715 val_epe=6.1595
16:02:05 INFO step=3700 loss=67.8418 crop_epe=3.4085 val_epe=5.3311
16:02:39 INFO step=3800 loss=36.8071 crop_epe=4.2369 val_epe=5.5167
16:03:15 INFO step=3900 loss=81.0047 crop_epe=4.8593 val_epe=5.6403
16:03:57 INFO step=4000 loss=255.8002 crop_epe=9.0763 val_epe=5.6562
16:04:40 INFO step=4100 loss=30.8522 crop_epe=3.5992 val_epe=5.3963
16:05:28 INFO step=4200 loss=32.9870 crop_epe=3.7997 val_epe=5.7176
16:06:17 INFO step=4300 loss=21.9644 crop_epe=2.4575 val_epe=5.7977
16:07:03 INFO step=4400 loss=26.6205 crop_epe=3.2722 val_epe=6.2941
16:07:47 INFO step=4500 loss=20.0406 crop_epe=2.7649 val_epe=5.3783
16:08:33 INFO step=4600 loss=83.9531 crop_epe=5.0768 val_epe=5.8990
16:09:17 INFO step=4700 loss=61.6068 crop_epe=6.2241 val_epe=6.1902
16:10:03 INFO step=4800 loss=37.0366 crop_epe=3.1792 val_epe=5.5300
16:10:56 INFO step=4900 loss=31.0467 crop_epe=3.8203 val_epe=5.4065
16:11:41 INFO step=5000 loss=10.0099 crop_epe=2.5154 val_epe=4.8901
16:12:30 INFO step=5100 loss=42.9994 crop_epe=5.8420 val_epe=5.1746
16:13:16 INFO step=5200 loss=36.1633 crop_epe=3.3086 val_epe=4.9218
16:13:59 INFO step=5300 loss=9.5461 crop_epe=2.2102 val_epe=5.1024
16:14:43 INFO step=5400 loss=29.7081 crop_epe=3.7317 val_epe=5.7168
16:15:31 INFO step=5500 loss=132.4178 crop_epe=5.5983 val_epe=5.0217
16:16:17 INFO step=5600 loss=29.1249 crop_epe=2.9191 val_epe=5.0443
16:17:01 INFO step=5700 loss=21.2301 crop_epe=2.8650 val_epe=5.2679
16:17:47 INFO step=5800 loss=115.2584 crop_epe=5.7697 val_epe=5.2293
