01:07:01 INFO run=A03_ghost_20260927T190701Z arm=ghost steps=10000
01:07:26 INFO pairs: 160 train / 40 held-out
01:07:26 INFO params: total 0.487 M, trainable 0.487 M, encoder (24, 48, 72, 96)
01:07:37 INFO initial held-out EPE: 122.7927
01:08:08 INFO step=100 loss=16.6825 crop_epe=17.1779 val_epe=34.0813
01:08:34 INFO step=200 loss=21.1796 crop_epe=21.6757 val_epe=31.9142
01:08:57 INFO step=300 loss=28.3172 crop_epe=28.8142 val_epe=25.4854
01:09:23 INFO step=400 loss=21.3113 crop_epe=21.8098 val_epe=19.6812
01:09:44 INFO step=500 loss=13.7854 crop_epe=14.2799 val_epe=21.2159
01:10:02 INFO step=600 loss=12.8198 crop_epe=13.3124 val_epe=19.7517
01:10:23 INFO step=700 loss=11.9960 crop_epe=12.4888 val_epe=17.7266
01:10:43 INFO step=800 loss=9.0345 crop_epe=9.5243 val_epe=22.2362
01:11:03 INFO step=900 loss=13.1902 crop_epe=13.6832 val_epe=15.7819
01:11:21 INFO step=1000 loss=10.0435 crop_epe=10.5302 val_epe=13.2210
01:11:37 INFO step=1100 loss=8.7813 crop_epe=9.2726 val_epe=12.9436
01:11:56 INFO step=1200 loss=13.0738 crop_epe=13.5637 val_epe=14.0369
01:12:15 INFO step=1300 loss=8.9585 crop_epe=9.4505 val_epe=15.7021
01:12:33 INFO step=1400 loss=10.3770 crop_epe=10.8551 val_epe=15.6634
01:12:51 INFO step=1500 loss=5.2899 crop_epe=5.7671 val_epe=16.1091
01:13:11 INFO step=1600 loss=5.5175 crop_epe=5.9757 val_epe=13.1229
01:13:32 INFO step=1700 loss=9.1382 crop_epe=9.6230 val_epe=13.9578
01:13:52 INFO step=1800 loss=6.2268 crop_epe=6.7077 val_epe=16.5827
01:14:12 INFO step=1900 loss=8.0941 crop_epe=8.5679 val_epe=10.9058
01:14:32 INFO step=2000 loss=8.5542 crop_epe=9.0359 val_epe=11.1222
01:14:51 INFO step=2100 loss=2.9646 crop_epe=3.4246 val_epe=9.3900
01:15:08 INFO step=2200 loss=5.5158 crop_epe=5.9866 val_epe=11.3027
01:15:23 INFO step=2300 loss=8.8586 crop_epe=9.3284 val_epe=9.8820
01:15:38 INFO step=2400 loss=5.6195 crop_epe=6.1019 val_epe=9.0292
01:15:54 INFO step=2500 loss=5.8405 crop_epe=6.3140 val_epe=12.5334
01:16:10 INFO step=2600 loss=6.5223 crop_epe=6.9835 val_epe=8.8199
01:16:25 INFO step=2700 loss=4.9692 crop_epe=5.4331 val_epe=9.0046
01:16:40 INFO step=2800 loss=9.2292 crop_epe=9.7014 val_epe=10.3302
01:16:56 INFO step=2900 loss=3.1386 crop_epe=3.5918 val_epe=8.5880
01:17:11 INFO step=3000 loss=4.1582 crop_epe=4.6218 val_epe=10.2031
01:17:26 INFO step=3100 loss=6.8778 crop_epe=7.3470 val_epe=9.1706
01:17:42 INFO step=3200 loss=5.5187 crop_epe=5.9900 val_epe=8.3320
01:17:57 INFO step=3300 loss=15.5509 crop_epe=16.0415 val_epe=8.7639
01:18:13 INFO step=3400 loss=2.6001 crop_epe=3.0281 val_epe=7.4988
01:18:28 INFO step=3500 loss=8.4286 crop_epe=8.8824 val_epe=6.9774
01:18:43 INFO step=3600 loss=3.9389 crop_epe=4.3863 val_epe=8.8922
01:18:59 INFO step=3700 loss=4.3314 crop_epe=4.7768 val_epe=6.4326
01:19:14 INFO step=3800 loss=7.8899 crop_epe=8.3422 val_epe=7.3168
01:19:29 INFO step=3900 loss=3.3952 crop_epe=3.8558 val_epe=7.5022
01:19:46 INFO step=4000 loss=3.8643 crop_epe=4.3277 val_epe=7.6002
01:20:02 INFO step=4100 loss=6.0877 crop_epe=6.5258 val_epe=7.1674
01:20:18 INFO step=4200 loss=8.9487 crop_epe=9.4265 val_epe=7.8490
01:20:35 INFO step=4300 loss=1.3939 crop_epe=1.7478 val_epe=7.9252
01:20:52 INFO step=4400 loss=2.1656 crop_epe=2.5879 val_epe=8.0661
01:21:12 INFO step=4500 loss=7.2064 crop_epe=7.6628 val_epe=6.6224
01:21:30 INFO step=4600 loss=6.7346 crop_epe=7.1953 val_epe=6.9766
01:21:48 INFO step=4700 loss=6.4594 crop_epe=6.9194 val_epe=8.1816
01:22:04 INFO step=4800 loss=5.6369 crop_epe=6.0715 val_epe=6.8745
01:22:28 INFO step=4900 loss=1.0989 crop_epe=1.4846 val_epe=7.7840
01:22:45 INFO step=5000 loss=3.7098 crop_epe=4.1516 val_epe=7.0566
01:23:02 INFO step=5100 loss=1.8399 crop_epe=2.2304 val_epe=8.2117
01:23:18 INFO step=5200 loss=1.9982 crop_epe=2.4365 val_epe=7.0566
01:23:33 INFO step=5300 loss=2.3763 crop_epe=2.7706 val_epe=7.2546
01:23:49 INFO step=5400 loss=3.3876 crop_epe=3.8194 val_epe=6.5797
01:24:06 INFO step=5500 loss=3.7809 crop_epe=4.2400 val_epe=6.6076
01:24:21 INFO step=5600 loss=2.9521 crop_epe=3.3426 val_epe=7.7765
01:24:36 INFO step=5700 loss=1.2106 crop_epe=1.6177 val_epe=6.3996
01:24:52 INFO step=5800 loss=1.6869 crop_epe=2.0473 val_epe=6.8449
01:25:07 INFO step=5900 loss=1.7571 crop_epe=2.1813 val_epe=5.9666
01:25:22 INFO step=6000 loss=3.0889 crop_epe=3.5095 val_epe=5.8782
01:25:38 INFO step=6100 loss=3.1679 crop_epe=3.5730 val_epe=6.3790
01:25:53 INFO step=6200 loss=2.0427 crop_epe=2.4205 val_epe=6.3264
01:26:09 INFO step=6300 loss=2.0313 crop_epe=2.4444 val_epe=6.0282
01:26:24 INFO step=6400 loss=1.5876 crop_epe=1.9922 val_epe=6.8952
01:26:41 INFO step=6500 loss=4.5919 crop_epe=5.0097 val_epe=6.4470
01:27:03 INFO step=6600 loss=3.7588 crop_epe=4.1948 val_epe=6.3742
01:27:25 INFO step=6700 loss=1.8098 crop_epe=2.1727 val_epe=5.9081
01:27:42 INFO step=6800 loss=1.7489 crop_epe=2.1768 val_epe=6.5525
01:27:59 INFO step=6900 loss=5.2163 crop_epe=5.6539 val_epe=6.3632
01:28:16 INFO step=7000 loss=2.7371 crop_epe=3.1332 val_epe=6.8919
01:28:41 INFO step=7100 loss=6.9982 crop_epe=7.4510 val_epe=6.1394
01:29:07 INFO step=7200 loss=3.2664 crop_epe=3.6371 val_epe=6.6613
01:29:32 INFO step=7300 loss=1.2586 crop_epe=1.6308 val_epe=5.1398
01:29:49 INFO step=7400 loss=5.2102 crop_epe=5.6620 val_epe=6.0323
01:30:05 INFO step=7500 loss=2.1055 crop_epe=2.4877 val_epe=6.2897
01:30:23 INFO step=7600 loss=2.3306 crop_epe=2.7396 val_epe=5.3316
01:30:39 INFO step=7700 loss=2.0931 crop_epe=2.4918 val_epe=5.6286
01:30:55 INFO step=7800 loss=2.7168 crop_epe=3.1131 val_epe=5.7984
01:31:12 INFO step=7900 loss=5.5200 crop_epe=5.9462 val_epe=6.3552
01:31:28 INFO step=8000 loss=1.2434 crop_epe=1.5707 val_epe=7.0501
01:31:45 INFO step=8100 loss=3.4616 crop_epe=3.8759 val_epe=5.6200
01:32:01 INFO step=8200 loss=3.9178 crop_epe=4.3500 val_epe=5.8792
01:32:17 INFO step=8300 loss=7.4990 crop_epe=7.9340 val_epe=5.5386
01:32:35 INFO step=8400 loss=0.8613 crop_epe=1.1855 val_epe=5.3027
01:32:50 INFO step=8500 loss=1.5957 crop_epe=1.9855 val_epe=5.6039
01:33:06 INFO step=8600 loss=12.2831 crop_epe=12.7331 val_epe=4.9681
01:33:22 INFO step=8700 loss=4.9270 crop_epe=5.3260 val_epe=4.7142
01:33:42 INFO step=8800 loss=13.7839 crop_epe=14.2759 val_epe=4.8163
01:34:02 INFO step=8900 loss=1.4086 crop_epe=1.7982 val_epe=6.9745
01:34:19 INFO step=9000 loss=1.1193 crop_epe=1.4805 val_epe=5.5504
01:34:36 INFO step=9100 loss=3.8022 crop_epe=4.1926 val_epe=5.3290
01:34:53 INFO step=9200 loss=7.2069 crop_epe=7.6471 val_epe=5.3793
01:35:09 INFO step=9300 loss=3.0667 crop_epe=3.4363 val_epe=5.9913
01:35:26 INFO step=9400 loss=5.1179 crop_epe=5.5743 val_epe=4.9739
01:35:43 INFO step=9500 loss=1.5409 crop_epe=1.8859 val_epe=5.1956
01:36:00 INFO step=9600 loss=4.3193 crop_epe=4.7074 val_epe=4.9562
01:36:17 INFO step=9700 loss=2.0628 crop_epe=2.4241 val_epe=5.3396
01:36:34 INFO step=9800 loss=4.0104 crop_epe=4.4724 val_epe=5.8108
01:36:55 INFO step=9900 loss=3.0753 crop_epe=3.5193 val_epe=5.7175
01:37:12 INFO step=10000 loss=1.4424 crop_epe=1.8504 val_epe=5.6860
01:37:16 INFO COMPLETE /home/abrar/Research/Stereo-Vision-Depth-Enhancement-with-AI/experiments/hitnet_a03/runs/A03_ghost_20260927T190701Z final EPE=5.6860 best=4.7142 (step 8700)
