15:33:42 INFO run=A06C2_shallow_20260928T093342Z steps=15000
15:34:05 INFO pairs: 160 train / 40 held-out
15:34:06 INFO params: total 1.340 M, trainable 1.043 M, encoder (128, 256)
15:34:26 INFO initial held-out EPE: 116.0704
15:35:13 INFO step=100 loss=603.3409 crop_epe=20.3441 val_epe=23.5025
15:35:56 INFO step=200 loss=676.7225 crop_epe=18.3813 val_epe=20.3908
15:36:40 INFO step=300 loss=1387.8478 crop_epe=32.4376 val_epe=19.3024
15:37:23 INFO step=400 loss=1442.8529 crop_epe=32.1846 val_epe=19.7604
15:38:07 INFO step=500 loss=375.4602 crop_epe=16.0624 val_epe=20.4093
15:38:50 INFO step=600 loss=208.0723 crop_epe=11.1867 val_epe=17.5458
15:39:37 INFO step=700 loss=802.2590 crop_epe=20.8746 val_epe=19.7908
15:40:20 INFO step=800 loss=234.7975 crop_epe=13.1005 val_epe=17.4843
15:41:03 INFO step=900 loss=224.3029 crop_epe=10.9401 val_epe=16.8331
15:41:49 INFO step=1000 loss=586.4940 crop_epe=18.3101 val_epe=15.3521
15:42:32 INFO step=1100 loss=702.4088 crop_epe=18.3962 val_epe=13.9961
15:43:21 INFO step=1200 loss=157.2225 crop_epe=9.4426 val_epe=13.9723
15:43:59 INFO step=1300 loss=62.2409 crop_epe=6.2627 val_epe=13.4398
15:44:44 INFO step=1400 loss=94.1412 crop_epe=7.3372 val_epe=15.1215
15:45:27 INFO step=1500 loss=178.4445 crop_epe=10.2580 val_epe=14.4867
15:46:08 INFO step=1600 loss=68.8872 crop_epe=6.9576 val_epe=17.6696
15:46:50 INFO step=1700 loss=189.9794 crop_epe=10.7062 val_epe=12.4369
15:47:33 INFO step=1800 loss=78.8816 crop_epe=7.3008 val_epe=14.5887
15:48:20 INFO step=1900 loss=37.8032 crop_epe=4.1803 val_epe=10.8502
15:49:04 INFO step=2000 loss=160.8519 crop_epe=9.0018 val_epe=10.8353
15:49:50 INFO step=2100 loss=140.2915 crop_epe=8.7738 val_epe=14.0833
15:50:36 INFO step=2200 loss=30.7679 crop_epe=4.2242 val_epe=12.0988
15:51:29 INFO step=2300 loss=184.7315 crop_epe=9.5182 val_epe=13.3660
15:52:15 INFO step=2400 loss=122.3307 crop_epe=8.7613 val_epe=11.0688
15:52:59 INFO step=2500 loss=42.5126 crop_epe=4.6035 val_epe=13.3871
15:53:44 INFO step=2600 loss=65.2238 crop_epe=6.0493 val_epe=10.6348
15:54:28 INFO step=2700 loss=66.1478 crop_epe=6.2336 val_epe=11.3249
15:55:11 INFO step=2800 loss=141.9141 crop_epe=9.1660 val_epe=11.4844
15:55:58 INFO step=2900 loss=30.4532 crop_epe=4.1417 val_epe=9.7591
15:56:43 INFO step=3000 loss=110.5359 crop_epe=7.1086 val_epe=12.5624
15:57:32 INFO step=3100 loss=41.5044 crop_epe=5.0027 val_epe=9.7065
15:58:17 INFO step=3200 loss=119.5366 crop_epe=7.3436 val_epe=10.7206
15:58:59 INFO step=3300 loss=79.4455 crop_epe=7.1264 val_epe=8.7005
15:59:46 INFO step=3400 loss=159.4874 crop_epe=8.7326 val_epe=9.6088
16:00:30 INFO step=3500 loss=240.7314 crop_epe=8.9809 val_epe=13.1903
16:01:18 INFO step=3600 loss=34.6560 crop_epe=4.2726 val_epe=10.1098
16:02:04 INFO step=3700 loss=75.8096 crop_epe=4.9500 val_epe=9.2854
16:02:38 INFO step=3800 loss=170.7122 crop_epe=11.0320 val_epe=9.1931
16:03:15 INFO step=3900 loss=149.3763 crop_epe=7.6567 val_epe=9.1452
16:03:58 INFO step=4000 loss=768.3580 crop_epe=23.0037 val_epe=9.2278
16:04:41 INFO step=4100 loss=42.3861 crop_epe=4.8808 val_epe=9.0836
16:05:30 INFO step=4200 loss=44.3982 crop_epe=4.9135 val_epe=9.1747
16:06:20 INFO step=4300 loss=42.6515 crop_epe=4.5487 val_epe=9.2225
16:07:06 INFO step=4400 loss=46.1686 crop_epe=4.9268 val_epe=9.8309
16:07:50 INFO step=4500 loss=74.8558 crop_epe=6.3384 val_epe=10.8952
16:08:36 INFO step=4600 loss=175.1022 crop_epe=9.1903 val_epe=8.8765
16:09:21 INFO step=4700 loss=40.0584 crop_epe=4.6619 val_epe=7.8884
16:10:14 INFO step=4800 loss=55.1142 crop_epe=4.8360 val_epe=8.3642
16:10:59 INFO step=4900 loss=65.2940 crop_epe=6.1180 val_epe=8.1302
16:11:45 INFO step=5000 loss=58.4875 crop_epe=6.5371 val_epe=8.0122
16:12:34 INFO step=5100 loss=220.3896 crop_epe=13.7892 val_epe=7.7873
16:13:20 INFO step=5200 loss=68.3268 crop_epe=4.7462 val_epe=7.7903
16:14:03 INFO step=5300 loss=35.3895 crop_epe=4.4437 val_epe=10.1730
16:14:48 INFO step=5400 loss=27.3490 crop_epe=3.7663 val_epe=7.7161
16:15:36 INFO step=5500 loss=148.3504 crop_epe=7.0295 val_epe=9.1184
16:16:22 INFO step=5600 loss=48.7380 crop_epe=4.4251 val_epe=9.5081
16:17:06 INFO step=5700 loss=53.1700 crop_epe=4.4968 val_epe=7.2424
16:17:51 INFO step=5800 loss=192.9682 crop_epe=7.6019 val_epe=9.6365
16:18:33 INFO step=5900 loss=56.4389 crop_epe=4.6908 val_epe=9.7142
16:19:10 INFO step=6000 loss=26.3606 crop_epe=3.6738 val_epe=9.7215
