01:37:22 INFO run=A03_ade20k_20260927T193722Z arm=ade20k steps=10000
01:37:39 INFO pairs: 160 train / 40 held-out
01:37:40 INFO params: total 1.647 M, trainable 0.414 M, encoder (32, 128, 256, 256)
01:37:46 INFO initial held-out EPE: 129.6124
01:38:02 INFO step=100 loss=13.1452 crop_epe=13.6359 val_epe=25.9434
01:38:19 INFO step=200 loss=16.2055 crop_epe=16.6954 val_epe=20.2505
01:38:34 INFO step=300 loss=11.0008 crop_epe=11.4905 val_epe=16.8228
01:38:48 INFO step=400 loss=8.1165 crop_epe=8.5971 val_epe=13.8388
01:39:02 INFO step=500 loss=7.4392 crop_epe=7.9158 val_epe=12.2503
01:39:16 INFO step=600 loss=12.1396 crop_epe=12.6220 val_epe=16.7721
01:39:30 INFO step=700 loss=6.7443 crop_epe=7.2180 val_epe=10.3365
01:39:44 INFO step=800 loss=8.7503 crop_epe=9.2293 val_epe=13.0166
01:39:58 INFO step=900 loss=9.8617 crop_epe=10.3423 val_epe=11.2529
01:40:12 INFO step=1000 loss=6.4307 crop_epe=6.8965 val_epe=10.4427
01:40:26 INFO step=1100 loss=4.0384 crop_epe=4.4907 val_epe=10.9655
01:40:41 INFO step=1200 loss=7.0582 crop_epe=7.4787 val_epe=10.5689
01:40:54 INFO step=1300 loss=5.3260 crop_epe=5.7935 val_epe=8.7975
01:41:09 INFO step=1400 loss=4.9155 crop_epe=5.3462 val_epe=9.5295
01:41:23 INFO step=1500 loss=2.5972 crop_epe=3.0533 val_epe=9.1170
01:41:38 INFO step=1600 loss=3.3125 crop_epe=3.7302 val_epe=7.6414
01:41:51 INFO step=1700 loss=5.3566 crop_epe=5.7859 val_epe=10.3313
01:42:06 INFO step=1800 loss=4.6834 crop_epe=5.1227 val_epe=13.3538
01:42:22 INFO step=1900 loss=4.0874 crop_epe=4.4852 val_epe=7.9152
01:42:42 INFO step=2000 loss=5.5265 crop_epe=5.9760 val_epe=6.7678
01:42:59 INFO step=2100 loss=2.0264 crop_epe=2.4049 val_epe=7.9324
01:43:15 INFO step=2200 loss=5.0940 crop_epe=5.5230 val_epe=9.1539
01:43:29 INFO step=2300 loss=3.5533 crop_epe=3.9610 val_epe=6.7213
01:43:43 INFO step=2400 loss=4.4035 crop_epe=4.8108 val_epe=7.1904
01:43:57 INFO step=2500 loss=2.4050 crop_epe=2.8090 val_epe=6.5085
01:44:12 INFO step=2600 loss=8.1936 crop_epe=8.6187 val_epe=8.6690
01:44:30 INFO step=2700 loss=2.5754 crop_epe=2.9841 val_epe=8.7281
01:44:54 INFO step=2800 loss=7.4409 crop_epe=7.8963 val_epe=6.5897
01:45:09 INFO step=2900 loss=3.3780 crop_epe=3.7753 val_epe=6.7660
01:45:24 INFO step=3000 loss=2.9861 crop_epe=3.3748 val_epe=6.3964
01:45:40 INFO step=3100 loss=5.8508 crop_epe=6.2823 val_epe=8.1868
01:45:56 INFO step=3200 loss=2.9185 crop_epe=3.3462 val_epe=6.1520
01:46:27 INFO step=3300 loss=47.3743 crop_epe=47.8722 val_epe=6.9064
01:46:41 INFO step=3400 loss=1.6137 crop_epe=1.9776 val_epe=6.6423
01:46:55 INFO step=3500 loss=7.3722 crop_epe=7.7431 val_epe=6.8871
01:47:09 INFO step=3600 loss=2.7618 crop_epe=3.1407 val_epe=6.2526
01:47:23 INFO step=3700 loss=2.0369 crop_epe=2.4101 val_epe=6.8767
01:47:37 INFO step=3800 loss=6.0462 crop_epe=6.4808 val_epe=6.6302
01:47:51 INFO step=3900 loss=1.9672 crop_epe=2.3777 val_epe=6.9924
01:48:05 INFO step=4000 loss=3.1786 crop_epe=3.6065 val_epe=5.9982
01:48:20 INFO step=4100 loss=5.2353 crop_epe=5.6277 val_epe=7.2384
01:48:34 INFO step=4200 loss=6.3480 crop_epe=6.7786 val_epe=6.7926
01:48:48 INFO step=4300 loss=0.9310 crop_epe=1.2196 val_epe=5.6222
01:49:02 INFO step=4400 loss=1.6020 crop_epe=1.9634 val_epe=6.3997
01:49:17 INFO step=4500 loss=4.4493 crop_epe=4.8994 val_epe=6.0990
01:49:31 INFO step=4600 loss=3.4009 crop_epe=3.7504 val_epe=6.3773
01:49:46 INFO step=4700 loss=6.0835 crop_epe=6.5296 val_epe=7.4156
01:50:00 INFO step=4800 loss=5.8913 crop_epe=6.2777 val_epe=5.7367
01:50:14 INFO step=4900 loss=0.9385 crop_epe=1.2518 val_epe=5.6268
01:50:29 INFO step=5000 loss=2.7336 crop_epe=3.1114 val_epe=5.6956
01:50:43 INFO step=5100 loss=1.1905 crop_epe=1.5080 val_epe=4.9603
01:50:57 INFO step=5200 loss=2.7191 crop_epe=3.1655 val_epe=5.8672
01:51:12 INFO step=5300 loss=1.4679 crop_epe=1.7691 val_epe=6.9337
01:51:26 INFO step=5400 loss=2.8315 crop_epe=3.2230 val_epe=5.5434
01:51:41 INFO step=5500 loss=7.8514 crop_epe=8.3218 val_epe=5.5447
01:51:55 INFO step=5600 loss=2.7367 crop_epe=3.0827 val_epe=5.8498
01:52:09 INFO step=5700 loss=0.7966 crop_epe=1.0856 val_epe=5.4835
01:52:23 INFO step=5800 loss=1.2718 crop_epe=1.5658 val_epe=5.3407
01:52:37 INFO step=5900 loss=1.2558 crop_epe=1.5386 val_epe=5.2067
01:52:52 INFO step=6000 loss=2.1489 crop_epe=2.5318 val_epe=6.8241
01:53:06 INFO step=6100 loss=2.1372 crop_epe=2.4709 val_epe=5.9828
01:53:20 INFO step=6200 loss=2.1176 crop_epe=2.4493 val_epe=6.6711
01:53:34 INFO step=6300 loss=1.3707 crop_epe=1.7430 val_epe=5.6047
01:53:49 INFO step=6400 loss=5.0944 crop_epe=5.4384 val_epe=6.1695
01:54:03 INFO step=6500 loss=3.2494 crop_epe=3.6086 val_epe=6.7694
01:54:18 INFO step=6600 loss=1.6365 crop_epe=1.9901 val_epe=6.2184
01:54:32 INFO step=6700 loss=1.6197 crop_epe=1.9672 val_epe=6.1247
01:54:45 INFO step=6800 loss=1.2544 crop_epe=1.5978 val_epe=6.8310
01:54:59 INFO step=6900 loss=4.4268 crop_epe=4.8449 val_epe=5.3255
01:55:13 INFO step=7000 loss=1.8692 crop_epe=2.2113 val_epe=6.0788
01:55:28 INFO step=7100 loss=7.0799 crop_epe=7.4950 val_epe=5.5643
01:55:43 INFO step=7200 loss=2.9457 crop_epe=3.3139 val_epe=6.1891
01:55:57 INFO step=7300 loss=1.0103 crop_epe=1.3297 val_epe=5.4009
01:56:11 INFO step=7400 loss=3.8240 crop_epe=4.2375 val_epe=5.1528
01:56:26 INFO step=7500 loss=1.8359 crop_epe=2.1654 val_epe=5.6347
01:56:40 INFO step=7600 loss=1.9893 crop_epe=2.3829 val_epe=5.5343
01:56:54 INFO step=7700 loss=1.5703 crop_epe=1.8946 val_epe=5.0750
01:57:07 INFO step=7800 loss=3.2568 crop_epe=3.5776 val_epe=5.9514
01:57:20 INFO step=7900 loss=3.8336 crop_epe=4.1984 val_epe=6.4642
01:57:33 INFO step=8000 loss=1.0986 crop_epe=1.3712 val_epe=5.2200
01:57:47 INFO step=8100 loss=2.7849 crop_epe=3.1267 val_epe=6.1022
01:58:00 INFO step=8200 loss=3.6200 crop_epe=4.0050 val_epe=5.8676
01:58:13 INFO step=8300 loss=7.3535 crop_epe=7.7557 val_epe=6.0813
01:58:27 INFO step=8400 loss=0.6119 crop_epe=0.8438 val_epe=5.0978
01:58:41 INFO step=8500 loss=1.9200 crop_epe=2.3089 val_epe=6.4973
01:58:54 INFO step=8600 loss=8.2136 crop_epe=8.6174 val_epe=5.6674
01:59:08 INFO step=8700 loss=4.4246 crop_epe=4.8042 val_epe=6.1881
01:59:23 INFO step=8800 loss=75.4878 crop_epe=75.9878 val_epe=6.1469
01:59:37 INFO step=8900 loss=1.0505 crop_epe=1.3604 val_epe=5.1588
01:59:51 INFO step=9000 loss=0.8166 crop_epe=1.1135 val_epe=5.2581
02:00:05 INFO step=9100 loss=2.9630 crop_epe=3.3114 val_epe=5.4136
02:00:19 INFO step=9200 loss=6.3596 crop_epe=6.7847 val_epe=5.9426
02:00:33 INFO step=9300 loss=2.0046 crop_epe=2.2792 val_epe=4.3227
02:00:47 INFO step=9400 loss=4.4618 crop_epe=4.8770 val_epe=5.5816
02:01:01 INFO step=9500 loss=1.0382 crop_epe=1.2988 val_epe=4.9625
02:01:16 INFO step=9600 loss=4.7149 crop_epe=5.0827 val_epe=5.7756
02:01:30 INFO step=9700 loss=1.9023 crop_epe=2.1917 val_epe=5.8400
02:01:44 INFO step=9800 loss=2.8324 crop_epe=3.2132 val_epe=5.4414
02:01:58 INFO step=9900 loss=3.0370 crop_epe=3.4227 val_epe=6.7285
02:02:12 INFO step=10000 loss=3.6751 crop_epe=4.0524 val_epe=5.6598
02:02:16 INFO COMPLETE /home/abrar/Research/Stereo-Vision-Depth-Enhancement-with-AI/experiments/hitnet_a03/runs/A03_ade20k_20260927T193722Z final EPE=5.6598 best=4.3227 (step 9300)
