17:23:45 INFO arm=B
17:23:45 INFO run=A07v2B_20260928T112345Z steps=15000
17:24:02 INFO pairs: 160 train / 40 held-out
17:24:02 INFO params: total 1.647 M, trainable 0.414 M, encoder (32, 128, 256, 256)
17:24:09 INFO initial held-out EPE: 133.0993
17:24:29 INFO step=100 loss=247.0399 crop_epe=26.0782 val_epe=26.2571
17:24:45 INFO step=200 loss=256.8337 crop_epe=23.5292 val_epe=21.3008
17:25:03 INFO step=300 loss=126.4504 crop_epe=16.9842 val_epe=16.2791
17:25:20 INFO step=400 loss=252.7175 crop_epe=25.8620 val_epe=17.9582
17:25:36 INFO step=500 loss=92.9316 crop_epe=14.8334 val_epe=15.5552
17:25:52 INFO step=600 loss=103.3543 crop_epe=15.3387 val_epe=17.3265
17:26:08 INFO step=700 loss=77.8352 crop_epe=13.9716 val_epe=14.2989
17:26:23 INFO step=800 loss=37.0774 crop_epe=7.4756 val_epe=11.5944
17:26:39 INFO step=900 loss=90.9877 crop_epe=14.6794 val_epe=11.8524
17:26:54 INFO step=1000 loss=81.8489 crop_epe=11.3988 val_epe=14.6156
17:27:10 INFO step=1100 loss=84.0847 crop_epe=11.5570 val_epe=9.3975
17:27:25 INFO step=1200 loss=17.8536 crop_epe=4.2392 val_epe=11.2724
17:27:41 INFO step=1300 loss=29.3818 crop_epe=6.0670 val_epe=12.8687
17:27:57 INFO step=1400 loss=23.4032 crop_epe=5.2005 val_epe=9.1669
17:28:13 INFO step=1500 loss=23.3424 crop_epe=4.5736 val_epe=8.6064
17:28:29 INFO step=1600 loss=13.1596 crop_epe=3.6254 val_epe=8.7290
17:28:44 INFO step=1700 loss=57.9896 crop_epe=8.1685 val_epe=8.4661
17:28:59 INFO step=1800 loss=20.9136 crop_epe=5.1077 val_epe=9.9300
17:29:15 INFO step=1900 loss=8.3427 crop_epe=2.3774 val_epe=7.4404
17:29:31 INFO step=2000 loss=35.5683 crop_epe=6.7861 val_epe=7.6662
17:29:47 INFO step=2100 loss=24.5407 crop_epe=4.7317 val_epe=7.5075
17:30:04 INFO step=2200 loss=11.0174 crop_epe=2.8937 val_epe=6.8173
17:30:20 INFO step=2300 loss=23.9878 crop_epe=5.1597 val_epe=7.3984
17:30:40 INFO step=2400 loss=27.8143 crop_epe=5.8926 val_epe=7.5209
17:30:59 INFO step=2500 loss=14.0688 crop_epe=3.2726 val_epe=6.5635
17:31:15 INFO step=2600 loss=15.8297 crop_epe=3.6906 val_epe=7.9553
17:31:31 INFO step=2700 loss=40.8281 crop_epe=7.9574 val_epe=7.4036
17:31:50 INFO step=2800 loss=31.4194 crop_epe=5.4582 val_epe=6.8357
17:32:07 INFO step=2900 loss=8.9841 crop_epe=2.5001 val_epe=7.7216
17:32:22 INFO step=3000 loss=25.7369 crop_epe=4.7288 val_epe=7.3616
17:32:38 INFO step=3100 loss=11.7852 crop_epe=2.7379 val_epe=6.5832
17:32:57 INFO step=3200 loss=29.4264 crop_epe=5.2301 val_epe=6.4155
17:33:14 INFO step=3300 loss=23.5037 crop_epe=5.0476 val_epe=6.4774
17:33:30 INFO step=3400 loss=43.4477 crop_epe=6.5680 val_epe=7.5392
17:33:46 INFO step=3500 loss=74.3825 crop_epe=8.1447 val_epe=6.0051
17:34:02 INFO step=3600 loss=12.9049 crop_epe=3.2983 val_epe=5.7887
17:34:18 INFO step=3700 loss=29.0113 crop_epe=3.9001 val_epe=6.0855
17:34:34 INFO step=3800 loss=24.7433 crop_epe=4.9374 val_epe=5.8686
17:34:50 INFO step=3900 loss=47.1113 crop_epe=6.3785 val_epe=7.2233
17:35:07 INFO step=4000 loss=95.5626 crop_epe=11.3300 val_epe=6.1300
17:35:23 INFO step=4100 loss=82.4080 crop_epe=11.3681 val_epe=7.2959
17:35:39 INFO step=4200 loss=18.8820 crop_epe=4.0935 val_epe=6.7440
17:35:55 INFO step=4300 loss=16.6467 crop_epe=3.4241 val_epe=5.3357
17:36:11 INFO step=4400 loss=13.2075 crop_epe=2.9067 val_epe=5.6040
17:36:28 INFO step=4500 loss=12.3687 crop_epe=2.8987 val_epe=5.5592
17:36:47 INFO step=4600 loss=43.1717 crop_epe=6.0248 val_epe=5.7426
17:37:04 INFO step=4700 loss=15.8571 crop_epe=3.9789 val_epe=5.5205
17:37:20 INFO step=4800 loss=15.7063 crop_epe=2.6112 val_epe=5.9999
17:37:36 INFO step=4900 loss=17.5497 crop_epe=4.2240 val_epe=5.7244
17:37:52 INFO step=5000 loss=5.6844 crop_epe=1.6442 val_epe=5.2887
17:38:09 INFO step=5100 loss=31.0652 crop_epe=7.2811 val_epe=5.5261
17:38:25 INFO step=5200 loss=17.1962 crop_epe=3.4024 val_epe=5.5489
17:38:42 INFO step=5300 loss=6.1613 crop_epe=1.7368 val_epe=5.2939
17:38:58 INFO step=5400 loss=10.4290 crop_epe=2.4583 val_epe=5.1401
17:39:15 INFO step=5500 loss=49.5984 crop_epe=6.1743 val_epe=6.1180
17:39:31 INFO step=5600 loss=15.2449 crop_epe=3.1966 val_epe=5.3630
17:39:47 INFO step=5700 loss=11.3809 crop_epe=2.4650 val_epe=5.0693
17:40:03 INFO step=5800 loss=52.5651 crop_epe=6.7890 val_epe=5.2102
17:40:22 INFO step=5900 loss=16.2670 crop_epe=3.0991 val_epe=5.5506
17:40:38 INFO step=6000 loss=13.8160 crop_epe=3.1616 val_epe=5.1590
17:40:54 INFO step=6100 loss=22.0141 crop_epe=3.8304 val_epe=5.5918
17:41:11 INFO step=6200 loss=6.2843 crop_epe=1.4739 val_epe=5.0231
17:41:26 INFO step=6300 loss=5.0089 crop_epe=1.2166 val_epe=5.2301
17:41:43 INFO step=6400 loss=7.9262 crop_epe=2.3839 val_epe=4.9276
17:42:04 INFO step=6500 loss=6.8668 crop_epe=1.6632 val_epe=4.8369
17:42:22 INFO step=6600 loss=9.8452 crop_epe=2.8894 val_epe=5.2497
17:42:39 INFO step=6700 loss=33.0553 crop_epe=7.4566 val_epe=5.0871
17:42:57 INFO step=6800 loss=15.0068 crop_epe=2.7470 val_epe=4.8565
17:43:15 INFO step=6900 loss=14.2166 crop_epe=3.4676 val_epe=4.9848
17:43:32 INFO step=7000 loss=16.2724 crop_epe=2.9067 val_epe=4.5996
17:43:49 INFO step=7100 loss=14.8252 crop_epe=3.0185 val_epe=5.2149
17:44:07 INFO step=7200 loss=12.8205 crop_epe=3.1332 val_epe=4.8311
17:44:25 INFO step=7300 loss=24.3752 crop_epe=3.8870 val_epe=4.9652
17:44:44 INFO step=7400 loss=29.3141 crop_epe=5.6259 val_epe=4.9306
17:45:05 INFO step=7500 loss=101.0113 crop_epe=10.0045 val_epe=4.8762
17:45:22 INFO step=7600 loss=5.2782 crop_epe=1.2759 val_epe=4.8785
17:45:40 INFO step=7700 loss=8.8159 crop_epe=2.1355 val_epe=4.8941
17:45:58 INFO step=7800 loss=7.8614 crop_epe=1.8955 val_epe=4.6044
17:46:18 INFO step=7900 loss=29.3345 crop_epe=4.9448 val_epe=4.6964
17:46:37 INFO step=8000 loss=26.7806 crop_epe=4.3707 val_epe=5.7263
17:46:54 INFO step=8100 loss=12.8055 crop_epe=3.0234 val_epe=5.4770
17:47:12 INFO step=8200 loss=66.1013 crop_epe=8.0904 val_epe=4.7845
17:47:30 INFO step=8300 loss=21.1230 crop_epe=3.7261 val_epe=4.6395
17:47:47 INFO step=8400 loss=6.4398 crop_epe=1.8509 val_epe=5.1398
17:48:03 INFO step=8500 loss=9.8358 crop_epe=2.2754 val_epe=4.8723
17:48:21 INFO step=8600 loss=111.7162 crop_epe=11.5994 val_epe=4.6829
17:48:37 INFO step=8700 loss=34.2247 crop_epe=4.9837 val_epe=4.6424
17:48:54 INFO step=8800 loss=13.6748 crop_epe=3.3686 val_epe=4.6465
17:49:10 INFO step=8900 loss=35.3907 crop_epe=5.1329 val_epe=4.5577
17:49:28 INFO step=9000 loss=8.2167 crop_epe=1.8509 val_epe=5.1921
17:49:45 INFO step=9100 loss=7.2590 crop_epe=1.5806 val_epe=4.5978
17:50:02 INFO step=9200 loss=9.3292 crop_epe=2.0128 val_epe=4.3413
17:50:20 INFO step=9300 loss=6.3355 crop_epe=1.5253 val_epe=4.4362
17:50:36 INFO step=9400 loss=15.3216 crop_epe=2.9277 val_epe=4.6929
17:50:53 INFO step=9500 loss=11.4910 crop_epe=2.6094 val_epe=4.6261
17:51:11 INFO step=9600 loss=5.6961 crop_epe=1.3140 val_epe=4.6732
17:51:28 INFO step=9700 loss=83.4102 crop_epe=8.2537 val_epe=4.3965
17:51:48 INFO step=9800 loss=21.6635 crop_epe=3.7634 val_epe=4.3379
17:52:06 INFO step=9900 loss=16.3107 crop_epe=2.8792 val_epe=4.4390
17:52:23 INFO step=10000 loss=4.4020 crop_epe=1.1943 val_epe=4.4820
17:52:39 INFO step=10100 loss=30.5762 crop_epe=3.6426 val_epe=4.3083
17:52:56 INFO step=10200 loss=14.5269 crop_epe=2.9243 val_epe=4.5085
17:53:13 INFO step=10300 loss=22.2875 crop_epe=3.8811 val_epe=4.2088
17:53:32 INFO step=10400 loss=35.7430 crop_epe=5.1856 val_epe=4.8661
17:53:48 INFO step=10500 loss=7.8086 crop_epe=2.1808 val_epe=5.0168
17:54:10 INFO step=10600 loss=42.7186 crop_epe=6.6938 val_epe=4.3325
17:54:32 INFO step=10700 loss=14.9873 crop_epe=2.8825 val_epe=4.5995
17:54:51 INFO step=10800 loss=21.4449 crop_epe=3.8861 val_epe=4.2639
17:55:15 INFO step=10900 loss=8.5022 crop_epe=2.2304 val_epe=4.3060
17:55:32 INFO step=11000 loss=25.0765 crop_epe=4.5924 val_epe=4.2259
17:55:48 INFO step=11100 loss=6.8123 crop_epe=1.8378 val_epe=4.7282
17:56:05 INFO step=11200 loss=26.1304 crop_epe=4.4654 val_epe=4.3259
17:56:25 INFO step=11300 loss=33.5126 crop_epe=5.6290 val_epe=4.3762
17:56:42 INFO step=11400 loss=3.9359 crop_epe=1.0754 val_epe=4.0225
17:56:59 INFO step=11500 loss=14.9031 crop_epe=2.7906 val_epe=4.5273
17:57:15 INFO step=11600 loss=12.4847 crop_epe=2.7054 val_epe=4.2696
17:57:31 INFO step=11700 loss=43.7792 crop_epe=6.7345 val_epe=4.2805
17:57:48 INFO step=11800 loss=12.0320 crop_epe=2.2181 val_epe=4.7203
17:58:04 INFO step=11900 loss=3.4916 crop_epe=0.8577 val_epe=4.0760
17:58:20 INFO step=12000 loss=7.0700 crop_epe=1.7106 val_epe=4.1628
17:58:36 INFO step=12100 loss=11.4062 crop_epe=2.7502 val_epe=4.2257
17:58:52 INFO step=12200 loss=11.8365 crop_epe=2.6160 val_epe=4.1134
17:59:08 INFO step=12300 loss=19.8613 crop_epe=3.2650 val_epe=4.5917
17:59:25 INFO step=12400 loss=23.6954 crop_epe=2.8626 val_epe=4.1961
17:59:41 INFO step=12500 loss=62.6968 crop_epe=11.4953 val_epe=5.0142
17:59:58 INFO step=12600 loss=71.1377 crop_epe=8.1285 val_epe=4.2821
18:00:14 INFO step=12700 loss=29.4990 crop_epe=4.9258 val_epe=4.1145
18:00:31 INFO step=12800 loss=5.3125 crop_epe=1.3554 val_epe=4.0942
18:00:51 INFO step=12900 loss=24.0232 crop_epe=4.0647 val_epe=4.1774
18:01:07 INFO step=13000 loss=5.9901 crop_epe=1.4420 val_epe=4.0607
18:01:26 INFO step=13100 loss=12.1422 crop_epe=2.2113 val_epe=4.1721
18:01:42 INFO step=13200 loss=7.8437 crop_epe=1.9995 val_epe=4.0860
18:01:59 INFO step=13300 loss=15.9397 crop_epe=3.6217 val_epe=4.1642
18:02:18 INFO step=13400 loss=9.0288 crop_epe=2.0675 val_epe=5.0111
18:02:36 INFO step=13500 loss=10.9199 crop_epe=2.4385 val_epe=3.9890
18:02:55 INFO step=13600 loss=7.2539 crop_epe=1.8872 val_epe=4.0584
18:03:15 INFO step=13700 loss=8.4075 crop_epe=1.7142 val_epe=4.2052
18:03:34 INFO step=13800 loss=7.3954 crop_epe=2.0623 val_epe=3.9311
18:03:54 INFO step=13900 loss=21.9105 crop_epe=3.8301 val_epe=4.2679
18:04:13 INFO step=14000 loss=11.7198 crop_epe=2.6850 val_epe=4.1549
18:04:32 INFO step=14100 loss=25.4122 crop_epe=4.3253 val_epe=3.9823
18:04:50 INFO step=14200 loss=5.0136 crop_epe=1.3002 val_epe=4.2051
18:05:09 INFO step=14300 loss=14.5785 crop_epe=2.4493 val_epe=3.9844
18:05:29 INFO step=14400 loss=7.4816 crop_epe=1.8139 val_epe=4.4832
18:05:46 INFO step=14500 loss=12.9600 crop_epe=2.6666 val_epe=3.8672
18:06:02 INFO step=14600 loss=10.9729 crop_epe=2.4701 val_epe=4.5076
18:06:24 INFO step=14700 loss=6.1635 crop_epe=1.6865 val_epe=3.8271
18:06:41 INFO step=14800 loss=14.0101 crop_epe=2.4882 val_epe=4.4701
18:06:58 INFO step=14900 loss=16.3517 crop_epe=3.3149 val_epe=3.8927
18:07:12 INFO step=15000 loss=29.3817 crop_epe=4.8418 val_epe=4.2594
18:07:16 INFO COMPLETE /home/abrar/Research/Stereo-Vision-Depth-Enhancement-with-AI/experiments/a06_shallow/runs/A07v2B_20260928T112345Z final EPE=4.2594 best=3.8271 @ 14700
