18:07:22 INFO arm=V
18:07:22 INFO run=A07v2V_20260928T120722Z steps=15000
18:07:38 INFO pairs: 160 train / 40 held-out
18:07:39 INFO params: total 1.654 M, trainable 0.421 M, encoder (32, 128, 256, 256)
18:07:46 INFO initial held-out EPE: 133.0993
18:08:04 INFO step=100 loss=246.9335 crop_epe=26.0732 val_epe=26.2464
18:08:19 INFO step=200 loss=252.1578 crop_epe=23.3095 val_epe=21.0469
18:08:36 INFO step=300 loss=123.0286 crop_epe=16.6367 val_epe=16.3543
18:08:53 INFO step=400 loss=251.8104 crop_epe=25.7648 val_epe=18.0122
18:09:09 INFO step=500 loss=87.0534 crop_epe=13.8424 val_epe=14.5565
18:09:26 INFO step=600 loss=195.1035 crop_epe=23.0631 val_epe=25.5329
18:09:42 INFO step=700 loss=108.8450 crop_epe=17.7605 val_epe=15.5096
18:09:59 INFO step=800 loss=34.2547 crop_epe=7.1452 val_epe=11.9208
18:10:15 INFO step=900 loss=45.6446 crop_epe=8.2277 val_epe=11.0585
18:10:32 INFO step=1000 loss=87.6859 crop_epe=12.6091 val_epe=13.9671
18:10:52 INFO step=1100 loss=100.6228 crop_epe=12.7606 val_epe=9.9379
18:11:09 INFO step=1200 loss=18.9475 crop_epe=4.5437 val_epe=11.6108
18:11:25 INFO step=1300 loss=22.5886 crop_epe=4.8590 val_epe=11.5782
18:11:41 INFO step=1400 loss=22.6127 crop_epe=4.9084 val_epe=8.8819
18:11:57 INFO step=1500 loss=23.8128 crop_epe=4.6071 val_epe=9.3724
18:12:14 INFO step=1600 loss=12.3225 crop_epe=3.2615 val_epe=10.6087
18:12:30 INFO step=1700 loss=62.6897 crop_epe=8.8982 val_epe=8.8172
18:12:46 INFO step=1800 loss=21.1990 crop_epe=4.7672 val_epe=8.2548
18:13:03 INFO step=1900 loss=8.5704 crop_epe=2.4052 val_epe=7.4749
18:13:21 INFO step=2000 loss=35.0952 crop_epe=6.9384 val_epe=7.9596
18:13:42 INFO step=2100 loss=24.2614 crop_epe=4.7420 val_epe=7.8127
18:14:03 INFO step=2200 loss=13.0441 crop_epe=3.1924 val_epe=7.7821
18:14:22 INFO step=2300 loss=23.7959 crop_epe=5.2642 val_epe=7.8292
18:14:41 INFO step=2400 loss=18.6037 crop_epe=4.3699 val_epe=6.7433
18:14:58 INFO step=2500 loss=10.4507 crop_epe=2.4814 val_epe=6.4225
18:15:15 INFO step=2600 loss=15.9852 crop_epe=3.9958 val_epe=8.7218
18:15:31 INFO step=2700 loss=36.3768 crop_epe=7.1293 val_epe=7.2878
18:15:50 INFO step=2800 loss=27.7353 crop_epe=4.7218 val_epe=6.4572
18:16:05 INFO step=2900 loss=7.8856 crop_epe=2.0331 val_epe=6.4583
18:16:22 INFO step=3000 loss=26.6463 crop_epe=4.7353 val_epe=6.6313
18:16:39 INFO step=3100 loss=17.8314 crop_epe=3.7520 val_epe=6.8272
18:16:55 INFO step=3200 loss=30.4032 crop_epe=5.3904 val_epe=6.4473
18:17:11 INFO step=3300 loss=38.4160 crop_epe=6.9936 val_epe=6.4142
18:17:26 INFO step=3400 loss=43.4868 crop_epe=6.6324 val_epe=6.5602
18:17:43 INFO step=3500 loss=74.0800 crop_epe=8.2602 val_epe=6.2237
18:18:00 INFO step=3600 loss=9.0126 crop_epe=2.5429 val_epe=6.1283
18:18:17 INFO step=3700 loss=37.3793 crop_epe=5.2021 val_epe=6.0801
18:18:35 INFO step=3800 loss=24.8396 crop_epe=5.0390 val_epe=6.0933
18:18:52 INFO step=3900 loss=37.5695 crop_epe=5.0589 val_epe=5.6829
18:19:08 INFO step=4000 loss=94.1872 crop_epe=11.1924 val_epe=6.2527
18:19:25 INFO step=4100 loss=13.8090 crop_epe=3.4501 val_epe=6.2098
18:19:42 INFO step=4200 loss=15.7641 crop_epe=3.4948 val_epe=6.3197
18:19:58 INFO step=4300 loss=29.4622 crop_epe=5.6826 val_epe=6.5426
18:20:15 INFO step=4400 loss=13.2438 crop_epe=2.8489 val_epe=5.3935
18:20:32 INFO step=4500 loss=12.1880 crop_epe=2.7786 val_epe=5.3656
18:20:49 INFO step=4600 loss=46.3565 crop_epe=6.2973 val_epe=5.8948
18:21:05 INFO step=4700 loss=16.5541 crop_epe=4.0859 val_epe=6.0227
18:21:22 INFO step=4800 loss=15.6191 crop_epe=2.6866 val_epe=5.6428
18:21:40 INFO step=4900 loss=18.5639 crop_epe=4.1936 val_epe=5.7352
18:21:56 INFO step=5000 loss=10.2083 crop_epe=2.6664 val_epe=5.2702
18:22:11 INFO step=5100 loss=35.3370 crop_epe=7.6501 val_epe=5.2161
18:22:28 INFO step=5200 loss=15.8421 crop_epe=3.2208 val_epe=5.0439
18:22:46 INFO step=5300 loss=6.0190 crop_epe=1.5664 val_epe=5.4007
18:23:02 INFO step=5400 loss=10.8884 crop_epe=2.4427 val_epe=5.7721
18:23:19 INFO step=5500 loss=48.1871 crop_epe=5.9267 val_epe=5.9815
18:23:35 INFO step=5600 loss=13.7964 crop_epe=2.9412 val_epe=5.1411
18:23:52 INFO step=5700 loss=10.2873 crop_epe=2.2104 val_epe=5.1396
18:24:12 INFO step=5800 loss=51.7984 crop_epe=6.9256 val_epe=5.0894
18:24:31 INFO step=5900 loss=21.1304 crop_epe=3.9300 val_epe=5.4349
18:24:49 INFO step=6000 loss=12.0886 crop_epe=2.7928 val_epe=5.5741
18:25:11 INFO step=6100 loss=22.1046 crop_epe=3.9156 val_epe=5.4422
18:25:32 INFO step=6200 loss=6.3105 crop_epe=1.4501 val_epe=5.1687
18:25:51 INFO step=6300 loss=5.0747 crop_epe=1.2184 val_epe=4.8804
18:26:11 INFO step=6400 loss=6.4123 crop_epe=1.8989 val_epe=4.8734
18:26:30 INFO step=6500 loss=6.6221 crop_epe=1.6065 val_epe=5.0399
18:26:49 INFO step=6600 loss=9.2011 crop_epe=2.5722 val_epe=5.0013
18:27:08 INFO step=6700 loss=26.2300 crop_epe=6.3929 val_epe=4.9960
18:27:28 INFO step=6800 loss=15.2094 crop_epe=2.7970 val_epe=5.1658
18:27:44 INFO step=6900 loss=14.0938 crop_epe=3.4276 val_epe=4.8877
18:27:59 INFO step=7000 loss=16.0952 crop_epe=2.9814 val_epe=5.1752
18:28:15 INFO step=7100 loss=17.0004 crop_epe=3.4058 val_epe=5.2056
18:28:31 INFO step=7200 loss=9.1698 crop_epe=2.2881 val_epe=5.2032
18:28:46 INFO step=7300 loss=22.3348 crop_epe=3.9855 val_epe=5.1011
18:29:04 INFO step=7400 loss=25.3674 crop_epe=4.9542 val_epe=4.9640
18:29:21 INFO step=7500 loss=105.9700 crop_epe=10.2722 val_epe=4.7647
18:29:36 INFO step=7600 loss=6.2756 crop_epe=1.5577 val_epe=4.6764
18:29:53 INFO step=7700 loss=8.6599 crop_epe=2.1098 val_epe=4.9149
18:30:10 INFO step=7800 loss=8.9780 crop_epe=2.1297 val_epe=4.6312
18:30:29 INFO step=7900 loss=43.2528 crop_epe=6.8785 val_epe=4.9916
18:30:45 INFO step=8000 loss=23.5357 crop_epe=3.8839 val_epe=4.9376
18:31:02 INFO step=8100 loss=13.2733 crop_epe=3.2840 val_epe=5.3349
18:31:18 INFO step=8200 loss=65.9365 crop_epe=8.1182 val_epe=4.8542
18:31:34 INFO step=8300 loss=24.2023 crop_epe=4.1711 val_epe=4.5600
18:31:50 INFO step=8400 loss=6.7340 crop_epe=1.9945 val_epe=4.7195
18:32:06 INFO step=8500 loss=9.9642 crop_epe=2.3533 val_epe=5.4570
18:32:22 INFO step=8600 loss=98.0712 crop_epe=10.8329 val_epe=4.6829
18:32:40 INFO step=8700 loss=33.4748 crop_epe=4.7794 val_epe=4.5721
18:33:02 INFO step=8800 loss=15.2503 crop_epe=3.6990 val_epe=5.0505
18:33:18 INFO step=8900 loss=43.9528 crop_epe=5.8889 val_epe=5.0042
18:33:34 INFO step=9000 loss=9.1414 crop_epe=1.9852 val_epe=5.5104
18:33:55 INFO step=9100 loss=7.2007 crop_epe=1.5447 val_epe=4.8027
18:34:15 INFO step=9200 loss=9.6348 crop_epe=1.9875 val_epe=4.5528
18:34:33 INFO step=9300 loss=5.7025 crop_epe=1.3926 val_epe=4.6827
18:34:50 INFO step=9400 loss=15.0560 crop_epe=2.8836 val_epe=4.4871
18:35:10 INFO step=9500 loss=8.2833 crop_epe=1.9348 val_epe=4.6962
18:35:26 INFO step=9600 loss=5.6752 crop_epe=1.3176 val_epe=4.2995
18:35:43 INFO step=9700 loss=78.3119 crop_epe=8.0215 val_epe=4.7650
18:35:59 INFO step=9800 loss=16.1176 crop_epe=3.1078 val_epe=4.7878
18:36:15 INFO step=9900 loss=16.8578 crop_epe=3.2742 val_epe=4.2501
18:36:31 INFO step=10000 loss=4.3486 crop_epe=0.9998 val_epe=4.2688
18:36:48 INFO step=10100 loss=32.0018 crop_epe=3.5717 val_epe=4.3103
18:37:05 INFO step=10200 loss=13.5806 crop_epe=2.8903 val_epe=4.5360
18:37:20 INFO step=10300 loss=23.3280 crop_epe=3.9952 val_epe=4.1973
18:37:36 INFO step=10400 loss=37.4403 crop_epe=5.5418 val_epe=5.2506
18:37:52 INFO step=10500 loss=8.5816 crop_epe=2.3381 val_epe=4.9198
18:38:08 INFO step=10600 loss=51.7144 crop_epe=7.4559 val_epe=4.7550
18:38:24 INFO step=10700 loss=17.6714 crop_epe=3.2662 val_epe=4.5256
18:38:41 INFO step=10800 loss=21.5519 crop_epe=3.6149 val_epe=4.3705
18:38:57 INFO step=10900 loss=6.9061 crop_epe=1.7477 val_epe=4.3500
18:39:14 INFO step=11000 loss=23.7013 crop_epe=4.4093 val_epe=4.4296
18:39:31 INFO step=11100 loss=7.8465 crop_epe=2.2976 val_epe=4.1757
18:39:47 INFO step=11200 loss=27.1811 crop_epe=4.6229 val_epe=4.3179
18:40:04 INFO step=11300 loss=35.7620 crop_epe=5.8595 val_epe=4.2400
18:40:20 INFO step=11400 loss=4.0313 crop_epe=1.0987 val_epe=4.2489
18:40:39 INFO step=11500 loss=23.7762 crop_epe=3.9157 val_epe=5.5081
18:40:56 INFO step=11600 loss=12.9429 crop_epe=2.7274 val_epe=4.2418
18:41:15 INFO step=11700 loss=34.2601 crop_epe=5.5311 val_epe=4.2984
18:41:33 INFO step=11800 loss=13.4990 crop_epe=2.4375 val_epe=4.2521
18:41:54 INFO step=11900 loss=4.1059 crop_epe=0.9932 val_epe=4.5626
18:42:10 INFO step=12000 loss=7.2616 crop_epe=1.7944 val_epe=4.2740
18:42:26 INFO step=12100 loss=12.8913 crop_epe=3.0588 val_epe=4.3070
18:42:42 INFO step=12200 loss=12.5593 crop_epe=2.7288 val_epe=4.3808
18:42:58 INFO step=12300 loss=18.6210 crop_epe=3.1185 val_epe=4.3243
18:43:14 INFO step=12400 loss=20.4094 crop_epe=2.5679 val_epe=4.1320
18:43:29 INFO step=12500 loss=64.9255 crop_epe=11.9363 val_epe=4.7545
18:43:45 INFO step=12600 loss=71.3209 crop_epe=8.4200 val_epe=4.1333
18:44:01 INFO step=12700 loss=28.2101 crop_epe=4.9599 val_epe=4.1077
18:44:18 INFO step=12800 loss=5.0669 crop_epe=1.2836 val_epe=4.3535
18:44:33 INFO step=12900 loss=21.9102 crop_epe=3.7191 val_epe=4.2102
18:44:49 INFO step=13000 loss=6.3390 crop_epe=1.4786 val_epe=4.1726
18:45:05 INFO step=13100 loss=12.1003 crop_epe=2.2380 val_epe=4.0895
18:45:20 INFO step=13200 loss=7.6477 crop_epe=1.9545 val_epe=4.1172
18:45:39 INFO step=13300 loss=17.0112 crop_epe=3.8348 val_epe=4.5338
18:45:54 INFO step=13400 loss=10.5082 crop_epe=2.5564 val_epe=4.0666
18:46:11 INFO step=13500 loss=8.8026 crop_epe=2.0889 val_epe=3.9653
18:46:26 INFO step=13600 loss=6.4133 crop_epe=1.7047 val_epe=3.9651
18:46:42 INFO step=13700 loss=9.2243 crop_epe=1.9446 val_epe=4.2097
18:46:57 INFO step=13800 loss=7.0552 crop_epe=1.9497 val_epe=3.8749
18:47:13 INFO step=13900 loss=24.2200 crop_epe=4.0780 val_epe=4.2912
18:47:30 INFO step=14000 loss=12.4780 crop_epe=2.8820 val_epe=4.3955
18:47:49 INFO step=14100 loss=24.0948 crop_epe=4.1169 val_epe=4.1974
18:48:05 INFO step=14200 loss=5.2993 crop_epe=1.3321 val_epe=4.1452
18:48:20 INFO step=14300 loss=14.7879 crop_epe=2.4605 val_epe=4.0916
18:48:36 INFO step=14400 loss=7.3664 crop_epe=1.8397 val_epe=4.0050
18:48:51 INFO step=14500 loss=13.6807 crop_epe=2.8945 val_epe=3.9253
18:49:10 INFO step=14600 loss=11.7605 crop_epe=2.8917 val_epe=4.3772
18:49:27 INFO step=14700 loss=5.9165 crop_epe=1.6235 val_epe=4.2958
18:49:45 INFO step=14800 loss=14.8352 crop_epe=2.6401 val_epe=4.6573
18:50:03 INFO step=14900 loss=20.7867 crop_epe=4.2548 val_epe=4.3411
18:50:20 INFO step=15000 loss=27.8950 crop_epe=4.5774 val_epe=3.9337
18:50:26 INFO COMPLETE /home/abrar/Research/Stereo-Vision-Depth-Enhancement-with-AI/experiments/a06_shallow/runs/A07v2V_20260928T120722Z final EPE=3.9337 best=3.8749 @ 13800
