03:36:05 INFO run=A04a_lightstereo_m_ade20k_20260927T213605Z steps=15000
03:36:20 INFO pairs: 160 train / 40 held-out
03:36:21 INFO params: total 11.463 M, trainable 6.021 M, encoder (32, 128, 256, 256, 512)
03:36:28 INFO initial held-out EPE: 54.0596
03:36:54 INFO step=100 loss=26.5615 crop_epe=27.0598 val_epe=37.5605
03:37:16 INFO step=200 loss=16.3867 crop_epe=16.8764 val_epe=25.7820
03:37:38 INFO step=300 loss=20.6645 crop_epe=21.1597 val_epe=21.4932
03:38:00 INFO step=400 loss=26.5562 crop_epe=27.0519 val_epe=18.1164
03:38:23 INFO step=500 loss=12.2426 crop_epe=12.7311 val_epe=15.0688
03:38:45 INFO step=600 loss=9.6535 crop_epe=10.1369 val_epe=17.6606
03:39:10 INFO step=700 loss=12.9828 crop_epe=13.4728 val_epe=14.3819
03:39:35 INFO step=800 loss=8.3448 crop_epe=8.8260 val_epe=14.0632
03:39:59 INFO step=900 loss=10.0508 crop_epe=10.5367 val_epe=13.9583
03:40:23 INFO step=1000 loss=6.2394 crop_epe=6.7121 val_epe=12.9197
03:40:46 INFO step=1100 loss=5.7308 crop_epe=6.2068 val_epe=12.5327
03:41:09 INFO step=1200 loss=7.7411 crop_epe=8.2172 val_epe=13.7794
03:41:31 INFO step=1300 loss=6.1029 crop_epe=6.5828 val_epe=12.0813
03:41:53 INFO step=1400 loss=5.1750 crop_epe=5.6490 val_epe=11.5871
03:42:15 INFO step=1500 loss=3.7018 crop_epe=4.1684 val_epe=11.7095
03:42:38 INFO step=1600 loss=6.7991 crop_epe=7.2786 val_epe=13.3373
03:43:02 INFO step=1700 loss=6.0994 crop_epe=6.5706 val_epe=12.3763
03:43:30 INFO step=1800 loss=4.9104 crop_epe=5.3692 val_epe=12.7291
03:43:54 INFO step=1900 loss=4.2328 crop_epe=4.6873 val_epe=11.0401
03:44:17 INFO step=2000 loss=6.8723 crop_epe=7.3503 val_epe=12.0956
03:44:44 INFO step=2100 loss=2.4596 crop_epe=2.9117 val_epe=10.4436
03:45:07 INFO step=2200 loss=4.2198 crop_epe=4.6910 val_epe=10.2775
03:45:29 INFO step=2300 loss=4.2539 crop_epe=4.7254 val_epe=10.5205
03:45:55 INFO step=2400 loss=3.1775 crop_epe=3.6266 val_epe=11.0957
03:46:18 INFO step=2500 loss=3.5510 crop_epe=3.9954 val_epe=9.8335
03:46:41 INFO step=2600 loss=5.9479 crop_epe=6.4060 val_epe=9.8324
03:47:03 INFO step=2700 loss=4.4658 crop_epe=4.9342 val_epe=10.6407
03:47:25 INFO step=2800 loss=6.0048 crop_epe=6.4803 val_epe=10.0030
03:47:47 INFO step=2900 loss=3.2649 crop_epe=3.7101 val_epe=10.5191
03:48:11 INFO step=3000 loss=4.3184 crop_epe=4.7718 val_epe=10.3085
03:48:36 INFO step=3100 loss=5.2519 crop_epe=5.7127 val_epe=9.3151
03:48:58 INFO step=3200 loss=3.5682 crop_epe=4.0317 val_epe=8.9298
03:49:19 INFO step=3300 loss=8.4834 crop_epe=8.9702 val_epe=11.7851
03:49:42 INFO step=3400 loss=2.0925 crop_epe=2.5298 val_epe=9.4651
03:50:04 INFO step=3500 loss=9.5783 crop_epe=10.0504 val_epe=12.7231
03:50:27 INFO step=3600 loss=3.2519 crop_epe=3.6990 val_epe=11.8992
03:50:49 INFO step=3700 loss=2.1787 crop_epe=2.6136 val_epe=8.6491
03:51:11 INFO step=3800 loss=5.1877 crop_epe=5.6568 val_epe=8.9328
03:51:33 INFO step=3900 loss=2.6027 crop_epe=3.0533 val_epe=9.3193
03:51:56 INFO step=4000 loss=3.1029 crop_epe=3.5462 val_epe=11.0239
03:52:19 INFO step=4100 loss=6.0664 crop_epe=6.5406 val_epe=8.0453
03:52:41 INFO step=4200 loss=7.2245 crop_epe=7.6891 val_epe=10.1316
03:53:04 INFO step=4300 loss=1.8380 crop_epe=2.2778 val_epe=9.4127
03:53:27 INFO step=4400 loss=2.1326 crop_epe=2.5685 val_epe=10.5071
03:53:48 INFO step=4500 loss=5.0377 crop_epe=5.5018 val_epe=9.9848
03:54:11 INFO step=4600 loss=3.3758 crop_epe=3.8122 val_epe=10.0115
03:54:33 INFO step=4700 loss=3.9963 crop_epe=4.4547 val_epe=9.8173
03:54:55 INFO step=4800 loss=3.8702 crop_epe=4.3045 val_epe=9.4181
03:55:17 INFO step=4900 loss=1.5137 crop_epe=1.9284 val_epe=8.0909
03:55:40 INFO step=5000 loss=2.4642 crop_epe=2.8928 val_epe=9.1501
03:56:09 INFO step=5100 loss=1.9428 crop_epe=2.3666 val_epe=9.4357
03:56:33 INFO step=5200 loss=2.9199 crop_epe=3.3776 val_epe=9.2420
03:56:55 INFO step=5300 loss=2.0314 crop_epe=2.4191 val_epe=9.5048
03:57:18 INFO step=5400 loss=1.7616 crop_epe=2.1683 val_epe=8.5023
03:57:40 INFO step=5500 loss=3.2101 crop_epe=3.6736 val_epe=8.7163
03:58:05 INFO step=5600 loss=2.4267 crop_epe=2.8241 val_epe=9.1944
03:58:29 INFO step=5700 loss=1.4574 crop_epe=1.8419 val_epe=7.9113
03:58:52 INFO step=5800 loss=1.9288 crop_epe=2.3441 val_epe=9.0908
03:59:16 INFO step=5900 loss=2.5276 crop_epe=2.9720 val_epe=8.6202
03:59:39 INFO step=6000 loss=2.6955 crop_epe=3.1039 val_epe=9.7942
04:00:02 INFO step=6100 loss=2.4390 crop_epe=2.8477 val_epe=9.5318
04:00:25 INFO step=6200 loss=1.6547 crop_epe=2.0425 val_epe=9.0194
04:00:47 INFO step=6300 loss=1.2674 crop_epe=1.6683 val_epe=8.2131
04:01:10 INFO step=6400 loss=1.4703 crop_epe=1.8890 val_epe=9.0993
04:01:32 INFO step=6500 loss=2.8349 crop_epe=3.2442 val_epe=8.5154
04:01:55 INFO step=6600 loss=1.5544 crop_epe=1.9661 val_epe=7.3880
04:02:21 INFO step=6700 loss=1.7459 crop_epe=2.1436 val_epe=9.3322
04:02:43 INFO step=6800 loss=2.4777 crop_epe=2.9374 val_epe=8.1138
04:03:07 INFO step=6900 loss=2.9147 crop_epe=3.3590 val_epe=8.6814
04:03:30 INFO step=7000 loss=2.8114 crop_epe=3.2433 val_epe=9.5839
04:03:53 INFO step=7100 loss=7.8329 crop_epe=8.2976 val_epe=8.0064
04:04:16 INFO step=7200 loss=3.3022 crop_epe=3.7103 val_epe=8.9983
04:04:38 INFO step=7300 loss=1.5119 crop_epe=1.8833 val_epe=9.3132
04:05:00 INFO step=7400 loss=5.1892 crop_epe=5.6685 val_epe=8.7374
04:05:22 INFO step=7500 loss=2.1881 crop_epe=2.6022 val_epe=8.8641
04:05:45 INFO step=7600 loss=1.6581 crop_epe=2.0582 val_epe=7.8419
04:06:07 INFO step=7700 loss=2.3552 crop_epe=2.7893 val_epe=8.9116
04:06:29 INFO step=7800 loss=3.3144 crop_epe=3.7269 val_epe=7.2433
04:06:52 INFO step=7900 loss=2.7839 crop_epe=3.2147 val_epe=8.3242
04:07:14 INFO step=8000 loss=1.1407 crop_epe=1.5135 val_epe=7.0962
04:07:36 INFO step=8100 loss=3.0953 crop_epe=3.5406 val_epe=7.6082
04:07:57 INFO step=8200 loss=3.4975 crop_epe=3.9211 val_epe=7.2232
04:08:19 INFO step=8300 loss=7.0923 crop_epe=7.5512 val_epe=8.2787
04:08:40 INFO step=8400 loss=0.9963 crop_epe=1.3286 val_epe=7.2894
04:09:02 INFO step=8500 loss=1.9218 crop_epe=2.3499 val_epe=8.4915
04:09:23 INFO step=8600 loss=12.6266 crop_epe=13.0992 val_epe=7.8076
04:09:47 INFO step=8700 loss=3.2271 crop_epe=3.6395 val_epe=6.7764
04:10:09 INFO step=8800 loss=53.1789 crop_epe=53.6788 val_epe=8.0170
04:10:31 INFO step=8900 loss=0.9509 crop_epe=1.2995 val_epe=8.2469
04:10:53 INFO step=9000 loss=1.3332 crop_epe=1.7265 val_epe=8.6379
04:11:16 INFO step=9100 loss=2.2977 crop_epe=2.7344 val_epe=8.6632
04:11:40 INFO step=9200 loss=6.2012 crop_epe=6.6603 val_epe=8.6664
04:12:02 INFO step=9300 loss=2.2731 crop_epe=2.6449 val_epe=7.2770
04:12:24 INFO step=9400 loss=4.0599 crop_epe=4.5119 val_epe=7.4347
04:12:46 INFO step=9500 loss=1.7113 crop_epe=2.1366 val_epe=8.7598
04:13:09 INFO step=9600 loss=4.3549 crop_epe=4.7653 val_epe=9.4837
04:13:31 INFO step=9700 loss=1.7853 crop_epe=2.1740 val_epe=8.3305
04:13:53 INFO step=9800 loss=2.8491 crop_epe=3.2717 val_epe=7.8726
04:14:15 INFO step=9900 loss=2.3869 crop_epe=2.8091 val_epe=7.8243
04:14:37 INFO step=10000 loss=1.7125 crop_epe=2.1298 val_epe=7.7922
04:15:02 INFO step=10100 loss=2.5443 crop_epe=2.9564 val_epe=7.0517
04:15:25 INFO step=10200 loss=11.5357 crop_epe=12.0110 val_epe=7.3017
04:15:47 INFO step=10300 loss=1.1575 crop_epe=1.5064 val_epe=7.5528
04:16:09 INFO step=10400 loss=2.2865 crop_epe=2.6583 val_epe=7.6405
04:16:33 INFO step=10500 loss=2.9871 crop_epe=3.4264 val_epe=7.4328
04:16:56 INFO step=10600 loss=12.0464 crop_epe=12.5368 val_epe=8.1583
04:17:18 INFO step=10700 loss=7.5945 crop_epe=8.0827 val_epe=7.9573
04:17:40 INFO step=10800 loss=2.4939 crop_epe=2.9199 val_epe=6.6168
04:18:02 INFO step=10900 loss=1.4646 crop_epe=1.8244 val_epe=6.9400
04:18:24 INFO step=11000 loss=2.8788 crop_epe=3.3218 val_epe=9.1627
04:18:47 INFO step=11100 loss=2.1014 crop_epe=2.5141 val_epe=8.0354
04:19:09 INFO step=11200 loss=1.8452 crop_epe=2.2542 val_epe=7.1962
04:19:31 INFO step=11300 loss=2.9791 crop_epe=3.4154 val_epe=7.4696
04:19:53 INFO step=11400 loss=2.5610 crop_epe=2.9665 val_epe=9.2909
04:20:18 INFO step=11500 loss=1.9116 crop_epe=2.3082 val_epe=8.2132
04:20:40 INFO step=11600 loss=2.0990 crop_epe=2.5337 val_epe=8.2307
04:21:02 INFO step=11700 loss=6.1158 crop_epe=6.6042 val_epe=7.9381
04:21:26 INFO step=11800 loss=2.1088 crop_epe=2.5087 val_epe=6.5872
04:21:51 INFO step=11900 loss=4.7905 crop_epe=5.2463 val_epe=7.5693
04:22:13 INFO step=12000 loss=1.9243 crop_epe=2.2902 val_epe=6.6864
04:22:36 INFO step=12100 loss=3.0363 crop_epe=3.4995 val_epe=6.7785
04:22:58 INFO step=12200 loss=0.9532 crop_epe=1.3253 val_epe=7.8276
04:23:20 INFO step=12300 loss=2.7831 crop_epe=3.2117 val_epe=6.7759
04:23:42 INFO step=12400 loss=1.7421 crop_epe=2.1639 val_epe=7.7752
04:24:04 INFO step=12500 loss=3.5143 crop_epe=3.9317 val_epe=6.9268
04:24:27 INFO step=12600 loss=3.5686 crop_epe=4.0242 val_epe=7.2089
04:24:49 INFO step=12700 loss=2.1267 crop_epe=2.5369 val_epe=7.3441
04:25:12 INFO step=12800 loss=1.7614 crop_epe=2.1398 val_epe=6.9452
04:25:34 INFO step=12900 loss=1.1933 crop_epe=1.5721 val_epe=6.8200
04:25:57 INFO step=13000 loss=1.8156 crop_epe=2.1702 val_epe=6.8987
04:26:20 INFO step=13100 loss=1.7300 crop_epe=2.1415 val_epe=8.2276
04:26:42 INFO step=13200 loss=4.1081 crop_epe=4.5669 val_epe=7.6360
04:27:04 INFO step=13300 loss=5.6138 crop_epe=6.0845 val_epe=7.2492
04:27:32 INFO step=13400 loss=1.1971 crop_epe=1.5358 val_epe=7.4048
04:28:15 INFO step=13500 loss=2.5467 crop_epe=2.9170 val_epe=6.6290
04:29:00 INFO step=13600 loss=1.2890 crop_epe=1.7071 val_epe=6.6783
04:29:32 INFO step=13700 loss=1.9414 crop_epe=2.3857 val_epe=7.2566
04:30:10 INFO step=13800 loss=1.2070 crop_epe=1.5796 val_epe=7.1632
04:30:45 INFO step=13900 loss=2.3315 crop_epe=2.7671 val_epe=7.3634
04:31:07 INFO step=14000 loss=4.1522 crop_epe=4.5902 val_epe=6.7704
04:31:29 INFO step=14100 loss=1.8432 crop_epe=2.2436 val_epe=6.5305
04:31:51 INFO step=14200 loss=2.2950 crop_epe=2.7261 val_epe=6.5307
04:32:13 INFO step=14300 loss=5.2869 crop_epe=5.7116 val_epe=7.7170
04:32:36 INFO step=14400 loss=2.1477 crop_epe=2.5479 val_epe=6.9577
04:32:58 INFO step=14500 loss=1.0406 crop_epe=1.3826 val_epe=6.5077
04:33:21 INFO step=14600 loss=2.9875 crop_epe=3.3946 val_epe=7.2919
04:33:43 INFO step=14700 loss=1.7545 crop_epe=2.1221 val_epe=6.9839
04:34:05 INFO step=14800 loss=1.3597 crop_epe=1.7382 val_epe=6.4227
04:34:29 INFO step=14900 loss=1.5477 crop_epe=1.8981 val_epe=6.9023
04:34:51 INFO step=15000 loss=1.3402 crop_epe=1.7045 val_epe=6.5196
04:34:57 INFO COMPLETE /home/abrar/Research/Stereo-Vision-Depth-Enhancement-with-AI/experiments/lightstereo_m_a04/runs/A04a_lightstereo_m_ade20k_20260927T213605Z final EPE=6.5196 best=6.4227 @ 14800
