{"arm": "baseline", "n": 75084998, "epe": 2.4165761976680082, "rmse": 7.204702848769375, "bad_0.5": 45.041087968065206, "bad_1": 27.721228680062026, "bad_2": 17.20712172090622, "bad_3": 13.218768414963533, "d1": 12.958753757974396, "miou": 0.43028078835829037, "pixel_accuracy": 0.8600349755594668, "semantic_pixels": 64567945, "edge_epe": 2.925313841088783, "nonedge_epe": 2.350117068657102, "edge_pixels": 8675437, "nonedge_pixels": 66409561, "pairs": 200, "trainable_params": 0, "median_latency_ms": 87.84895706176758, "p95_latency_ms": 92.90239715576172, "peak_vram_mib": 475.662109375}
{"arm": "v1", "phase": "train", "step": 1, "train_disp_loss": 0.8303945660591125, "train_sem_loss": 0.32537510991096497, "lr": 8.018738404304867e-06, "elapsed_s": 9.515351733993157}
{"arm": "v1", "phase": "train", "step": 40, "train_disp_loss": 0.7024684548377991, "train_sem_loss": 0.17731450498104095, "lr": 3.645388771592102e-05, "elapsed_s": 20.767842069995822}
{"arm": "v1", "phase": "train", "step": 80, "train_disp_loss": 0.42459702491760254, "train_sem_loss": 0.5535460710525513, "lr": 0.0001049483899022207, "elapsed_s": 32.18339388699678}
{"arm": "v1", "phase": "train", "step": 120, "train_disp_loss": 0.7613532543182373, "train_sem_loss": 0.26276642084121704, "lr": 0.0001728806966762558, "elapsed_s": 43.580193176996545}
{"arm": "v1", "phase": "train", "step": 160, "train_disp_loss": 0.8889710903167725, "train_sem_loss": 0.42960089445114136, "lr": 0.0001999997620186871, "elapsed_s": 54.99620503099868}
{"arm": "v1", "phase": "train", "step": 200, "train_disp_loss": 0.4941226840019226, "train_sem_loss": 1.0185539722442627, "lr": 0.0001996002199133024, "elapsed_s": 66.30626541899983}
{"arm": "v1", "phase": "train", "step": 240, "train_disp_loss": 0.2730742394924164, "train_sem_loss": 0.3559945523738861, "lr": 0.00019844266303836193, "elapsed_s": 77.62025201999495}
{"arm": "v1", "phase": "train", "step": 280, "train_disp_loss": 0.30735859274864197, "train_sem_loss": 0.3923201262950897, "lr": 0.00019653590110063594, "elapsed_s": 89.0620129319941}
{"arm": "v1", "phase": "train", "step": 320, "train_disp_loss": 4.841738224029541, "train_sem_loss": 0.4050961434841156, "lr": 0.0001938944457098048, "elapsed_s": 100.56064866499946}
{"arm": "v1", "phase": "train", "step": 360, "train_disp_loss": 4.676799297332764, "train_sem_loss": 0.15687808394432068, "lr": 0.0001905383999363472, "elapsed_s": 111.98948227899382}
{"arm": "v1", "phase": "train", "step": 400, "train_disp_loss": 0.9948867559432983, "train_sem_loss": 0.25147461891174316, "lr": 0.0001864933053150349, "elapsed_s": 123.36333564499364}
{"arm": "v1", "validation": {"phase": "val", "step": 400, "n": 75084998, "epe": 2.38421485112279, "rmse": 7.161856054016394, "bad_0.5": 47.09339407587119, "bad_1": 27.583372912921966, "bad_2": 16.25275131524942, "bad_3": 12.515161817011702, "d1": 12.284441960030417, "miou": 0.5341346545515877, "pixel_accuracy": 0.928913255641015, "semantic_pixels": 64567945, "edge_epe": 2.874590948199497, "nonedge_epe": 2.320154403764994, "edge_pixels": 8675437, "nonedge_pixels": 66409561, "pairs": 200, "elapsed_s": 187.74894470999425}}
{"arm": "v1", "phase": "train", "step": 440, "train_disp_loss": 0.3838581144809723, "train_sem_loss": 0.568608820438385, "lr": 0.0001817899474584311, "elapsed_s": 199.73015398799907}
{"arm": "v1", "phase": "train", "step": 480, "train_disp_loss": 1.4664486646652222, "train_sem_loss": 0.30022552609443665, "lr": 0.00017646412175978957, "elapsed_s": 211.21873688999767}
{"arm": "v1", "phase": "train", "step": 520, "train_disp_loss": 1.1287461519241333, "train_sem_loss": 0.31582048535346985, "lr": 0.00017055636096849854, "elapsed_s": 222.50838184499298}
{"arm": "v1", "phase": "train", "step": 560, "train_disp_loss": 0.5377751588821411, "train_sem_loss": 0.16624706983566284, "lr": 0.00016411162671138322, "elapsed_s": 233.94793639099953}
{"arm": "v1", "phase": "train", "step": 600, "train_disp_loss": 0.5694051384925842, "train_sem_loss": 0.1531122326850891, "lr": 0.00015717896730757714, "elapsed_s": 245.34314127299876}
{"arm": "v1", "phase": "train", "step": 640, "train_disp_loss": 0.20216776430606842, "train_sem_loss": 0.11791367083787918, "lr": 0.0001498111444811975, "elapsed_s": 256.71380668899656}
{"arm": "v1", "phase": "train", "step": 680, "train_disp_loss": 0.4256882965564728, "train_sem_loss": 0.3815140724182129, "lr": 0.00014206423181276615, "elapsed_s": 268.0957409679977}
{"arm": "v1", "phase": "train", "step": 720, "train_disp_loss": 2.7644314765930176, "train_sem_loss": 0.32424333691596985, "lr": 0.00013399718798540354, "elapsed_s": 279.3646139639968}
{"arm": "v1", "phase": "train", "step": 760, "train_disp_loss": 1.2546404600143433, "train_sem_loss": 0.3737226128578186, "lr": 0.00012567140807365017, "elapsed_s": 290.7975056149953}
{"arm": "v1", "phase": "train", "step": 800, "train_disp_loss": 0.6145743131637573, "train_sem_loss": 0.13608458638191223, "lr": 0.00011715025628987787, "elapsed_s": 302.124369704994}
{"arm": "v1", "validation": {"phase": "val", "step": 800, "n": 75084998, "epe": 2.3682710954956674, "rmse": 7.107302904449604, "bad_0.5": 46.56424576318162, "bad_1": 27.89749957774521, "bad_2": 16.45416971310301, "bad_3": 12.477832123002786, "d1": 12.237435233067464, "miou": 0.5296677804291455, "pixel_accuracy": 0.9277364952531787, "semantic_pixels": 64567945, "edge_epe": 2.8689583122729148, "nonedge_epe": 2.302863640466619, "edge_pixels": 8675437, "nonedge_pixels": 66409561, "pairs": 200, "elapsed_s": 366.2123012059965}}
{"arm": "v1", "phase": "train", "step": 840, "train_disp_loss": 1.1004787683486938, "train_sem_loss": 0.3450067937374115, "lr": 0.00010849858374437324, "elapsed_s": 378.43083880099584}
{"arm": "v1", "phase": "train", "step": 880, "train_disp_loss": 1.4332057237625122, "train_sem_loss": 0.045848727226257324, "lr": 9.978223488923026e-05, "elapsed_s": 390.1313133859949}
{"arm": "v1", "phase": "train", "step": 920, "train_disp_loss": 0.42709681391716003, "train_sem_loss": 0.27020320296287537, "lr": 9.106754640231196e-05, "elapsed_s": 401.8995807869942}
{"arm": "v1", "phase": "train", "step": 960, "train_disp_loss": 0.896808922290802, "train_sem_loss": 0.2086450606584549, "lr": 8.242084232507652e-05, "elapsed_s": 413.6883216089991}
{"arm": "v1", "phase": "train", "step": 1000, "train_disp_loss": 1.1323219537734985, "train_sem_loss": 0.053557734936475754, "lr": 7.390792929657441e-05, "elapsed_s": 425.4012684909976}
{"arm": "v1", "phase": "train", "step": 1040, "train_disp_loss": 0.42308318614959717, "train_sem_loss": 0.17233337461948395, "lr": 6.559359572518993e-05, "elapsed_s": 437.1155740939939}
{"arm": "v1", "phase": "train", "step": 1080, "train_disp_loss": 0.19329319894313812, "train_sem_loss": 0.12316496670246124, "lr": 5.754111870973322e-05, "elapsed_s": 448.8434584199931}
{"arm": "v1", "phase": "train", "step": 1120, "train_disp_loss": 0.9313265681266785, "train_sem_loss": 0.16545914113521576, "lr": 4.9811782462510435e-05, "elapsed_s": 460.60453471099754}
{"arm": "v1", "phase": "train", "step": 1160, "train_disp_loss": 0.8604578375816345, "train_sem_loss": 0.48286405205726624, "lr": 4.2464411899463734e-05, "elapsed_s": 472.3576369769944}
{"arm": "v1", "phase": "train", "step": 1200, "train_disp_loss": 2.1267058849334717, "train_sem_loss": 0.17800204455852509, "lr": 3.5554924947041626e-05, "elapsed_s": 484.1158311669933}
{"arm": "v1", "validation": {"phase": "val", "step": 1200, "n": 75084998, "epe": 2.3532538390275377, "rmse": 7.141166460561173, "bad_0.5": 44.71324618001588, "bad_1": 26.813894301495488, "bad_2": 16.125923050567305, "bad_3": 12.456283211194865, "d1": 12.224026429354103, "miou": 0.5426581268937574, "pixel_accuracy": 0.9274404195456429, "semantic_pixels": 64567945, "edge_epe": 2.854273790608113, "nonedge_epe": 2.287802913743851, "edge_pixels": 8675437, "nonedge_pixels": 66409561, "pairs": 200, "elapsed_s": 550.5230336779932}}
{"arm": "v1", "phase": "train", "step": 1240, "train_disp_loss": 0.5301711559295654, "train_sem_loss": 0.1937916874885559, "lr": 2.913590697301428e-05, "elapsed_s": 562.571462328}
{"arm": "v1", "phase": "train", "step": 1280, "train_disp_loss": 2.89916729927063, "train_sem_loss": 0.23495826125144958, "lr": 2.325621058007306e-05, "elapsed_s": 573.8871165829987}
{"arm": "v1", "phase": "train", "step": 1320, "train_disp_loss": 1.0007119178771973, "train_sem_loss": 0.23104079067707062, "lr": 1.7960583808026052e-05, "elapsed_s": 585.141709245996}
{"arm": "v1", "phase": "train", "step": 1360, "train_disp_loss": 0.31594276428222656, "train_sem_loss": 0.17057818174362183, "lr": 1.3289329574195364e-05, "elapsed_s": 596.5382309449997}
{"arm": "v1", "phase": "train", "step": 1400, "train_disp_loss": 0.9547669887542725, "train_sem_loss": 0.5342062711715698, "lr": 9.277998943880866e-06, "elapsed_s": 607.8649805719979}
{"arm": "v1", "phase": "train", "step": 1440, "train_disp_loss": 7.861677169799805, "train_sem_loss": 0.13548114895820618, "lr": 5.957120565286963e-06, "elapsed_s": 619.1979933069961}
{"arm": "v1", "phase": "train", "step": 1480, "train_disp_loss": 3.309652328491211, "train_sem_loss": 0.2986137568950653, "lr": 3.3519683280758795e-06, "elapsed_s": 630.4988599609933}
{"arm": "v1", "phase": "train", "step": 1520, "train_disp_loss": 0.9626286029815674, "train_sem_loss": 0.030999181792140007, "lr": 1.482369013806729e-06, "elapsed_s": 641.8721024859988}
{"arm": "v1", "phase": "train", "step": 1560, "train_disp_loss": 2.056462049484253, "train_sem_loss": 0.18911805748939514, "lr": 3.62551402156066e-07, "elapsed_s": 653.2659390079934}
{"arm": "v1", "phase": "train", "step": 1600, "train_disp_loss": 1.0600855350494385, "train_sem_loss": 0.17477265000343323, "lr": 1.0379813128878013e-09, "elapsed_s": 664.6740637299954}
{"arm": "v1", "validation": {"phase": "val", "step": 1600, "n": 75084998, "epe": 2.351867287915157, "rmse": 7.134130283824204, "bad_0.5": 44.76542437944794, "bad_1": 26.967726628959888, "bad_2": 16.15932519569355, "bad_3": 12.430629617916484, "d1": 12.195991534820312, "miou": 0.5557959054908845, "pixel_accuracy": 0.9298977844191882, "semantic_pixels": 64567945, "edge_epe": 2.8551483572779963, "nonedge_epe": 2.286120986780804, "edge_pixels": 8675437, "nonedge_pixels": 66409561, "pairs": 200, "elapsed_s": 728.9012085199938}}
{"arm": "gate", "phase": "train", "step": 1, "train_disp_loss": 0.8303945660591125, "train_sem_loss": 0.32537510991096497, "lr": 8.018738404304867e-06, "elapsed_s": 15.512068033996911}
{"arm": "gate", "phase": "train", "step": 40, "train_disp_loss": 0.7129165530204773, "train_sem_loss": 0.17938357591629028, "lr": 3.645388771592102e-05, "elapsed_s": 27.30514376299834}
{"arm": "gate", "phase": "train", "step": 80, "train_disp_loss": 0.42538824677467346, "train_sem_loss": 0.5681824684143066, "lr": 0.0001049483899022207, "elapsed_s": 39.44625989499764}
{"arm": "gate", "phase": "train", "step": 120, "train_disp_loss": 0.7680267691612244, "train_sem_loss": 0.4112550616264343, "lr": 0.0001728806966762558, "elapsed_s": 51.41914178300067}
{"arm": "gate", "phase": "train", "step": 160, "train_disp_loss": 0.8803009986877441, "train_sem_loss": 0.4227386713027954, "lr": 0.0001999997620186871, "elapsed_s": 63.55034742299904}
{"arm": "gate", "phase": "train", "step": 200, "train_disp_loss": 0.48159587383270264, "train_sem_loss": 0.9836450815200806, "lr": 0.0001996002199133024, "elapsed_s": 75.49206876699463}
{"arm": "gate", "phase": "train", "step": 240, "train_disp_loss": 0.26892203092575073, "train_sem_loss": 0.4433440864086151, "lr": 0.00019844266303836193, "elapsed_s": 87.57729556399863}
{"arm": "gate", "phase": "train", "step": 280, "train_disp_loss": 0.3151651918888092, "train_sem_loss": 0.4510277509689331, "lr": 0.00019653590110063594, "elapsed_s": 99.62205718900077}
{"arm": "gate", "phase": "train", "step": 320, "train_disp_loss": 4.7409234046936035, "train_sem_loss": 0.4157349169254303, "lr": 0.0001938944457098048, "elapsed_s": 111.6939999929964}
{"arm": "gate", "phase": "train", "step": 360, "train_disp_loss": 4.71335506439209, "train_sem_loss": 0.2652515172958374, "lr": 0.0001905383999363472, "elapsed_s": 123.74060259800171}
{"arm": "gate", "phase": "train", "step": 400, "train_disp_loss": 0.986987292766571, "train_sem_loss": 0.2536521852016449, "lr": 0.0001864933053150349, "elapsed_s": 135.68018420099543}
{"arm": "gate", "validation": {"phase": "val", "step": 400, "n": 75084998, "epe": 2.3560137262289733, "rmse": 7.1554445812193554, "bad_0.5": 43.995458320449046, "bad_1": 26.686928858944633, "bad_2": 16.263838749785943, "bad_3": 12.595075250584678, "d1": 12.361703732082406, "miou": 0.5033522451323397, "pixel_accuracy": 0.9193101313662685, "semantic_pixels": 64567945, "edge_epe": 2.8686781527997525, "nonedge_epe": 2.2890416183352724, "edge_pixels": 8675437, "nonedge_pixels": 66409561, "pairs": 200, "elapsed_s": 200.59049669999513}}
{"arm": "gate", "phase": "train", "step": 440, "train_disp_loss": 0.3896814286708832, "train_sem_loss": 0.3330819308757782, "lr": 0.0001817899474584311, "elapsed_s": 212.61892946499574}
{"arm": "gate", "phase": "train", "step": 480, "train_disp_loss": 1.4759660959243774, "train_sem_loss": 0.16585825383663177, "lr": 0.00017646412175978957, "elapsed_s": 224.17866682000022}
{"arm": "gate", "phase": "train", "step": 520, "train_disp_loss": 1.1116364002227783, "train_sem_loss": 0.1446475088596344, "lr": 0.00017055636096849854, "elapsed_s": 235.75023739400058}
{"arm": "gate", "phase": "train", "step": 560, "train_disp_loss": 0.5161239504814148, "train_sem_loss": 0.10259604454040527, "lr": 0.00016411162671138322, "elapsed_s": 247.3828269489968}
{"arm": "gate", "phase": "train", "step": 600, "train_disp_loss": 0.5855626463890076, "train_sem_loss": 0.1117071583867073, "lr": 0.00015717896730757714, "elapsed_s": 259.0011393329987}
{"arm": "gate", "phase": "train", "step": 640, "train_disp_loss": 0.19714143872261047, "train_sem_loss": 0.08056659996509552, "lr": 0.0001498111444811975, "elapsed_s": 270.5677112189951}
{"arm": "gate", "phase": "train", "step": 680, "train_disp_loss": 0.40449339151382446, "train_sem_loss": 0.27221038937568665, "lr": 0.00014206423181276615, "elapsed_s": 282.2028262409949}
{"arm": "gate", "phase": "train", "step": 720, "train_disp_loss": 2.8218982219696045, "train_sem_loss": 0.36788174510002136, "lr": 0.00013399718798540354, "elapsed_s": 293.8723994549946}
{"arm": "gate", "phase": "train", "step": 760, "train_disp_loss": 1.2107346057891846, "train_sem_loss": 0.34879255294799805, "lr": 0.00012567140807365017, "elapsed_s": 305.4700706739968}
{"arm": "gate", "phase": "train", "step": 800, "train_disp_loss": 0.5829160809516907, "train_sem_loss": 0.10853956639766693, "lr": 0.00011715025628987787, "elapsed_s": 317.0553856339975}
{"arm": "gate", "validation": {"phase": "val", "step": 800, "n": 75084998, "epe": 2.3481138716867918, "rmse": 7.117275793240959, "bad_0.5": 44.63428500058028, "bad_1": 27.256737757387967, "bad_2": 16.3354083061972, "bad_3": 12.445816406627593, "d1": 12.203781373211196, "miou": 0.49968629180682356, "pixel_accuracy": 0.9152122155970738, "semantic_pixels": 64567945, "edge_epe": 2.8592906814809442, "nonedge_epe": 2.2813361152357263, "edge_pixels": 8675437, "nonedge_pixels": 66409561, "pairs": 200, "elapsed_s": 381.25007386599464}}
{"arm": "gate", "phase": "train", "step": 840, "train_disp_loss": 1.1200679540634155, "train_sem_loss": 0.25370529294013977, "lr": 0.00010849858374437324, "elapsed_s": 393.4247686929957}
{"arm": "gate", "phase": "train", "step": 880, "train_disp_loss": 1.4311280250549316, "train_sem_loss": 0.019678207114338875, "lr": 9.978223488923026e-05, "elapsed_s": 404.9823468169998}
{"arm": "gate", "phase": "train", "step": 920, "train_disp_loss": 0.42379987239837646, "train_sem_loss": 0.21137523651123047, "lr": 9.106754640231196e-05, "elapsed_s": 416.63045035799587}
{"arm": "gate", "phase": "train", "step": 960, "train_disp_loss": 0.8910437226295471, "train_sem_loss": 0.09889350831508636, "lr": 8.242084232507652e-05, "elapsed_s": 428.29800829500164}
{"arm": "gate", "phase": "train", "step": 1000, "train_disp_loss": 1.13113272190094, "train_sem_loss": 0.039437875151634216, "lr": 7.390792929657441e-05, "elapsed_s": 439.9267272989964}
{"arm": "gate", "phase": "train", "step": 1040, "train_disp_loss": 0.42952579259872437, "train_sem_loss": 0.15065322816371918, "lr": 6.559359572518993e-05, "elapsed_s": 451.555865727998}
{"arm": "gate", "phase": "train", "step": 1080, "train_disp_loss": 0.17896293103694916, "train_sem_loss": 0.07455351203680038, "lr": 5.754111870973322e-05, "elapsed_s": 463.2576055889949}
{"arm": "gate", "phase": "train", "step": 1120, "train_disp_loss": 0.937378466129303, "train_sem_loss": 0.12775801122188568, "lr": 4.9811782462510435e-05, "elapsed_s": 474.90685149600176}
{"arm": "gate", "phase": "train", "step": 1160, "train_disp_loss": 0.8704615831375122, "train_sem_loss": 0.37400907278060913, "lr": 4.2464411899463734e-05, "elapsed_s": 486.5196350039987}
{"arm": "gate", "phase": "train", "step": 1200, "train_disp_loss": 2.1167800426483154, "train_sem_loss": 0.17205268144607544, "lr": 3.5554924947041626e-05, "elapsed_s": 498.1732243939987}
{"arm": "gate", "validation": {"phase": "val", "step": 1200, "n": 75084998, "epe": 2.351494041126564, "rmse": 7.12826600667333, "bad_0.5": 45.08133835203672, "bad_1": 26.719631796487494, "bad_2": 16.127028464461038, "bad_3": 12.467868747895551, "d1": 12.230834713480315, "miou": 0.4905737950904549, "pixel_accuracy": 0.9136872173955668, "semantic_pixels": 64567945, "edge_epe": 2.849874381688208, "nonedge_epe": 2.2863879435880476, "edge_pixels": 8675437, "nonedge_pixels": 66409561, "pairs": 200, "elapsed_s": 566.3922338589982}}
{"arm": "gate", "phase": "train", "step": 1240, "train_disp_loss": 0.5369346141815186, "train_sem_loss": 0.1573980301618576, "lr": 2.913590697301428e-05, "elapsed_s": 579.4657322489948}
{"arm": "gate", "phase": "train", "step": 1280, "train_disp_loss": 2.9318792819976807, "train_sem_loss": 0.237448588013649, "lr": 2.325621058007306e-05, "elapsed_s": 591.2893249469998}
{"arm": "gate", "phase": "train", "step": 1320, "train_disp_loss": 1.0154486894607544, "train_sem_loss": 0.20383599400520325, "lr": 1.7960583808026052e-05, "elapsed_s": 604.1167239529968}
{"arm": "gate", "phase": "train", "step": 1360, "train_disp_loss": 0.3180578947067261, "train_sem_loss": 0.15121003985404968, "lr": 1.3289329574195364e-05, "elapsed_s": 616.330896239997}
{"arm": "gate", "phase": "train", "step": 1400, "train_disp_loss": 0.9733709692955017, "train_sem_loss": 0.39108672738075256, "lr": 9.277998943880866e-06, "elapsed_s": 628.372516768999}
{"arm": "gate", "phase": "train", "step": 1440, "train_disp_loss": 7.960654258728027, "train_sem_loss": 0.09054522961378098, "lr": 5.957120565286963e-06, "elapsed_s": 640.2883799889969}
{"arm": "gate", "phase": "train", "step": 1480, "train_disp_loss": 3.2755513191223145, "train_sem_loss": 0.32189828157424927, "lr": 3.3519683280758795e-06, "elapsed_s": 652.1521894830003}
{"arm": "gate", "phase": "train", "step": 1520, "train_disp_loss": 0.9653307795524597, "train_sem_loss": 0.02944253198802471, "lr": 1.482369013806729e-06, "elapsed_s": 663.9338615829984}
{"arm": "gate", "phase": "train", "step": 1560, "train_disp_loss": 2.0642647743225098, "train_sem_loss": 0.12107965350151062, "lr": 3.62551402156066e-07, "elapsed_s": 675.7962279569983}
{"arm": "gate", "phase": "train", "step": 1600, "train_disp_loss": 1.0796416997909546, "train_sem_loss": 0.15884584188461304, "lr": 1.0379813128878013e-09, "elapsed_s": 687.6397834679956}
{"arm": "gate", "validation": {"phase": "val", "step": 1600, "n": 75084998, "epe": 2.3494436993758727, "rmse": 7.120929800424112, "bad_0.5": 45.1366716424498, "bad_1": 26.868748135279965, "bad_2": 16.144969465138693, "bad_3": 12.440292000806872, "d1": 12.201151020873704, "miou": 0.4951870846287375, "pixel_accuracy": 0.9139230774651416, "semantic_pixels": 64567945, "edge_epe": 2.8507305619914307, "nonedge_epe": 2.2839579049844945, "edge_pixels": 8675437, "nonedge_pixels": 66409561, "pairs": 200, "elapsed_s": 753.9564969819985}}
{"arm": "warp", "phase": "train", "step": 1, "train_disp_loss": 0.8303945660591125, "train_sem_loss": 0.32537510991096497, "lr": 8.018738404304867e-06, "elapsed_s": 3.0288101689948235}
{"arm": "warp", "phase": "train", "step": 40, "train_disp_loss": 0.7130309343338013, "train_sem_loss": 0.1793345808982849, "lr": 3.645388771592102e-05, "elapsed_s": 15.616873209000914}
{"arm": "warp", "phase": "train", "step": 80, "train_disp_loss": 0.4284203052520752, "train_sem_loss": 0.5689859390258789, "lr": 0.0001049483899022207, "elapsed_s": 26.77028569099639}
{"arm": "warp", "phase": "train", "step": 120, "train_disp_loss": 0.7763298749923706, "train_sem_loss": 0.4020679295063019, "lr": 0.0001728806966762558, "elapsed_s": 37.71210373899521}
{"arm": "warp", "phase": "train", "step": 160, "train_disp_loss": 0.8804552555084229, "train_sem_loss": 0.4133351147174835, "lr": 0.0001999997620186871, "elapsed_s": 48.71680264399765}
{"arm": "warp", "phase": "train", "step": 200, "train_disp_loss": 0.4809931218624115, "train_sem_loss": 0.8889339566230774, "lr": 0.0001996002199133024, "elapsed_s": 59.58448056299676}
{"arm": "warp", "phase": "train", "step": 240, "train_disp_loss": 0.26763904094696045, "train_sem_loss": 0.41087761521339417, "lr": 0.00019844266303836193, "elapsed_s": 70.45577204399888}
{"arm": "warp", "phase": "train", "step": 280, "train_disp_loss": 0.3256608545780182, "train_sem_loss": 0.44553306698799133, "lr": 0.00019653590110063594, "elapsed_s": 81.32275222199678}
{"arm": "warp", "phase": "train", "step": 320, "train_disp_loss": 4.747745990753174, "train_sem_loss": 0.32652249932289124, "lr": 0.0001938944457098048, "elapsed_s": 92.48092253600043}
{"arm": "warp", "phase": "train", "step": 360, "train_disp_loss": 4.704402923583984, "train_sem_loss": 0.2793554663658142, "lr": 0.0001905383999363472, "elapsed_s": 103.48919360599393}
{"arm": "warp", "phase": "train", "step": 400, "train_disp_loss": 0.9754195809364319, "train_sem_loss": 0.23725509643554688, "lr": 0.0001864933053150349, "elapsed_s": 114.26739922499837}
{"arm": "warp", "validation": {"phase": "val", "step": 400, "n": 75084998, "epe": 2.354124509998655, "rmse": 7.145810410173615, "bad_0.5": 43.784418826248086, "bad_1": 26.700414908448156, "bad_2": 16.263529766625286, "bad_3": 12.608996806525852, "d1": 12.375163145106564, "miou": 0.5053418125054434, "pixel_accuracy": 0.9140645873118619, "semantic_pixels": 64567945, "edge_epe": 2.8658535049246656, "nonedge_epe": 2.2872746440832517, "edge_pixels": 8675437, "nonedge_pixels": 66409561, "pairs": 200, "elapsed_s": 175.75958936499956}}
{"arm": "warp", "phase": "train", "step": 440, "train_disp_loss": 0.3830748200416565, "train_sem_loss": 0.4888021647930145, "lr": 0.0001817899474584311, "elapsed_s": 187.90067808999447}
{"arm": "warp", "phase": "train", "step": 480, "train_disp_loss": 1.456574559211731, "train_sem_loss": 0.19751599431037903, "lr": 0.00017646412175978957, "elapsed_s": 199.71930517700093}
{"arm": "warp", "phase": "train", "step": 520, "train_disp_loss": 1.110449194908142, "train_sem_loss": 0.16088607907295227, "lr": 0.00017055636096849854, "elapsed_s": 212.86504924499604}
{"arm": "warp", "phase": "train", "step": 560, "train_disp_loss": 0.5258563756942749, "train_sem_loss": 0.10985212028026581, "lr": 0.00016411162671138322, "elapsed_s": 224.4144294910002}
{"arm": "warp", "phase": "train", "step": 600, "train_disp_loss": 0.5918190479278564, "train_sem_loss": 0.11613425612449646, "lr": 0.00015717896730757714, "elapsed_s": 235.8146648519978}
{"arm": "warp", "phase": "train", "step": 640, "train_disp_loss": 0.19506031274795532, "train_sem_loss": 0.08711986243724823, "lr": 0.0001498111444811975, "elapsed_s": 247.51687378399947}
{"arm": "warp", "phase": "train", "step": 680, "train_disp_loss": 0.4019370973110199, "train_sem_loss": 0.2877940833568573, "lr": 0.00014206423181276615, "elapsed_s": 259.7754647990005}
{"arm": "warp", "phase": "train", "step": 720, "train_disp_loss": 2.834892749786377, "train_sem_loss": 0.34209662675857544, "lr": 0.00013399718798540354, "elapsed_s": 271.8158956519983}
{"arm": "warp", "phase": "train", "step": 760, "train_disp_loss": 1.2105761766433716, "train_sem_loss": 0.3069027066230774, "lr": 0.00012567140807365017, "elapsed_s": 283.94713246099855}
{"arm": "warp", "phase": "train", "step": 800, "train_disp_loss": 0.5866580009460449, "train_sem_loss": 0.10475844144821167, "lr": 0.00011715025628987787, "elapsed_s": 295.97680120699806}
{"arm": "warp", "validation": {"phase": "val", "step": 800, "n": 75084998, "epe": 2.3482471394035995, "rmse": 7.095322822635422, "bad_0.5": 44.70443083716936, "bad_1": 27.607500235932616, "bad_2": 16.627618475797256, "bad_3": 12.451288871313547, "d1": 12.20108975697116, "miou": 0.5052993584995876, "pixel_accuracy": 0.9181844644428439, "semantic_pixels": 64567945, "edge_epe": 2.864020347539481, "nonedge_epe": 2.280868917353632, "edge_pixels": 8675437, "nonedge_pixels": 66409561, "pairs": 200, "elapsed_s": 362.878858914999}}
{"arm": "warp", "phase": "train", "step": 840, "train_disp_loss": 1.1176389455795288, "train_sem_loss": 0.2599497437477112, "lr": 0.00010849858374437324, "elapsed_s": 374.9146267279939}
{"arm": "warp", "phase": "train", "step": 880, "train_disp_loss": 1.4578514099121094, "train_sem_loss": 0.02568276785314083, "lr": 9.978223488923026e-05, "elapsed_s": 386.6351513799964}
{"arm": "warp", "phase": "train", "step": 920, "train_disp_loss": 0.42826011776924133, "train_sem_loss": 0.22284939885139465, "lr": 9.106754640231196e-05, "elapsed_s": 398.30560313099704}
{"arm": "warp", "phase": "train", "step": 960, "train_disp_loss": 0.8920085430145264, "train_sem_loss": 0.10153678059577942, "lr": 8.242084232507652e-05, "elapsed_s": 410.03810050500033}
{"arm": "warp", "phase": "train", "step": 1000, "train_disp_loss": 1.1317389011383057, "train_sem_loss": 0.037142686545848846, "lr": 7.390792929657441e-05, "elapsed_s": 421.7960682089979}
{"arm": "warp", "phase": "train", "step": 1040, "train_disp_loss": 0.42863401770591736, "train_sem_loss": 0.15562936663627625, "lr": 6.559359572518993e-05, "elapsed_s": 433.6673429779985}
{"arm": "warp", "phase": "train", "step": 1080, "train_disp_loss": 0.18303820490837097, "train_sem_loss": 0.09022271633148193, "lr": 5.754111870973322e-05, "elapsed_s": 445.3657780329959}
{"arm": "warp", "phase": "train", "step": 1120, "train_disp_loss": 0.9399458169937134, "train_sem_loss": 0.12717166543006897, "lr": 4.9811782462510435e-05, "elapsed_s": 457.21144013499725}
