01:06:33 INFO arm=V
01:06:33 INFO run=A09_V_yolo26m_ade20k steps=35000
01:10:12 INFO pairs: 800 train / 200 held-out
01:10:13 INFO params: total 5.486 M, trainable 0.523 M, encoder (64, 256, 512, 512)
01:10:35 INFO initial held-out EPE: 123.4417
01:12:17 INFO step=500 loss=79.4304 crop_epe=11.6881 val_epe=14.6728
01:14:08 INFO step=1000 loss=33.2490 crop_epe=7.0315 val_epe=14.2826
01:15:56 INFO step=1500 loss=79.4715 crop_epe=10.1952 val_epe=8.7742
01:17:41 INFO step=2000 loss=8.1839 crop_epe=2.1551 val_epe=13.6273
01:19:29 INFO step=2500 loss=19.8164 crop_epe=4.5545 val_epe=7.4968
01:21:02 INFO step=3000 loss=16.9274 crop_epe=3.5413 val_epe=7.0276
01:22:46 INFO step=3500 loss=15.5628 crop_epe=3.4406 val_epe=7.5532
01:24:39 INFO step=4000 loss=33.1273 crop_epe=5.5053 val_epe=5.8264
01:26:22 INFO step=4500 loss=21.1566 crop_epe=4.7380 val_epe=5.8885
01:27:50 INFO step=5000 loss=35.1670 crop_epe=5.3689 val_epe=5.2518
01:29:23 INFO step=5500 loss=12.5172 crop_epe=2.3299 val_epe=5.2488
01:30:58 INFO step=6000 loss=17.6813 crop_epe=3.0995 val_epe=5.2467
01:32:12 INFO step=6500 loss=8.9871 crop_epe=2.3986 val_epe=4.7793
01:33:26 INFO step=7000 loss=8.8557 crop_epe=2.1867 val_epe=5.0017
01:34:41 INFO step=7500 loss=12.8148 crop_epe=2.8616 val_epe=4.9934
01:35:54 INFO step=8000 loss=15.2761 crop_epe=3.2244 val_epe=4.6102
01:37:08 INFO step=8500 loss=50.5753 crop_epe=6.1502 val_epe=4.6652
01:38:25 INFO step=9000 loss=9.5581 crop_epe=2.5073 val_epe=4.8540
01:39:39 INFO step=9500 loss=16.3359 crop_epe=3.4979 val_epe=4.3515
01:40:52 INFO step=10000 loss=19.2615 crop_epe=3.1801 val_epe=4.8741
01:42:08 INFO step=10500 loss=21.3827 crop_epe=3.7760 val_epe=4.0588
01:43:21 INFO step=11000 loss=25.8009 crop_epe=3.8041 val_epe=4.2724
01:44:35 INFO step=11500 loss=18.3896 crop_epe=3.3165 val_epe=4.2437
01:45:48 INFO step=12000 loss=4.0177 crop_epe=0.9894 val_epe=4.1421
01:47:01 INFO step=12500 loss=33.3040 crop_epe=5.2200 val_epe=4.3542
01:48:16 INFO step=13000 loss=8.6991 crop_epe=2.0136 val_epe=3.9852
01:49:33 INFO step=13500 loss=19.0871 crop_epe=3.0592 val_epe=4.4157
01:50:47 INFO step=14000 loss=5.3111 crop_epe=1.4411 val_epe=4.1783
01:52:03 INFO step=14500 loss=9.2412 crop_epe=2.6228 val_epe=3.8995
01:53:16 INFO step=15000 loss=4.4860 crop_epe=1.0803 val_epe=4.0431
01:54:33 INFO step=15500 loss=37.1622 crop_epe=5.0837 val_epe=3.8085
01:55:49 INFO step=16000 loss=5.1914 crop_epe=1.4870 val_epe=3.8309
01:57:04 INFO step=16500 loss=4.8250 crop_epe=1.4310 val_epe=4.1646
01:58:17 INFO step=17000 loss=11.5740 crop_epe=1.7538 val_epe=3.7585
01:59:30 INFO step=17500 loss=25.7019 crop_epe=2.8511 val_epe=3.6771
02:00:46 INFO step=18000 loss=22.6352 crop_epe=3.6735 val_epe=3.6929
02:02:02 INFO step=18500 loss=17.7473 crop_epe=2.8663 val_epe=3.6973
02:03:17 INFO step=19000 loss=4.7852 crop_epe=1.1902 val_epe=3.7347
02:04:31 INFO step=19500 loss=13.7294 crop_epe=2.5506 val_epe=3.9427
02:05:43 INFO step=20000 loss=17.6091 crop_epe=2.9320 val_epe=3.8566
02:06:57 INFO step=20500 loss=4.5733 crop_epe=1.1838 val_epe=3.7305
02:08:10 INFO step=21000 loss=7.7581 crop_epe=1.7672 val_epe=3.6143
02:09:25 INFO step=21500 loss=2.7397 crop_epe=0.7077 val_epe=3.6981
02:10:38 INFO step=22000 loss=40.6799 crop_epe=5.5532 val_epe=3.6781
02:11:52 INFO step=22500 loss=12.7909 crop_epe=2.7854 val_epe=3.5609
02:13:05 INFO step=23000 loss=19.3414 crop_epe=3.3922 val_epe=3.7040
02:14:18 INFO step=23500 loss=8.8579 crop_epe=1.7524 val_epe=4.0526
02:15:32 INFO step=24000 loss=19.2271 crop_epe=2.9779 val_epe=3.8501
02:16:46 INFO step=24500 loss=10.6755 crop_epe=2.2091 val_epe=3.7735
02:18:01 INFO step=25000 loss=36.4244 crop_epe=5.9478 val_epe=3.7120
02:19:14 INFO step=25500 loss=4.3761 crop_epe=0.9983 val_epe=3.6047
02:20:28 INFO step=26000 loss=8.2323 crop_epe=1.8616 val_epe=3.6719
02:21:42 INFO step=26500 loss=34.3402 crop_epe=4.3484 val_epe=3.5028
02:22:58 INFO step=27000 loss=8.7623 crop_epe=2.0954 val_epe=3.4879
02:24:14 INFO step=27500 loss=33.6000 crop_epe=3.8969 val_epe=3.9019
02:25:27 INFO step=28000 loss=3.4846 crop_epe=0.8884 val_epe=3.4023
02:26:41 INFO step=28500 loss=3.8172 crop_epe=0.9972 val_epe=3.5665
02:27:57 INFO step=29000 loss=40.8907 crop_epe=4.6432 val_epe=3.5333
02:29:09 INFO step=29500 loss=7.1355 crop_epe=1.6267 val_epe=3.7346
02:30:24 INFO step=30000 loss=16.2143 crop_epe=3.0775 val_epe=3.6408
02:31:40 INFO step=30500 loss=3.4931 crop_epe=0.8865 val_epe=3.3582
02:32:58 INFO step=31000 loss=12.8043 crop_epe=2.8112 val_epe=3.4791
02:34:14 INFO step=31500 loss=18.7147 crop_epe=2.9224 val_epe=3.3946
02:35:27 INFO step=32000 loss=40.8254 crop_epe=5.1371 val_epe=3.6371
02:36:41 INFO step=32500 loss=7.7631 crop_epe=1.6485 val_epe=3.3298
02:37:54 INFO step=33000 loss=13.1716 crop_epe=2.4919 val_epe=3.4289
02:39:10 INFO step=33500 loss=6.3786 crop_epe=1.6452 val_epe=3.4629
02:40:23 INFO step=34000 loss=63.8604 crop_epe=6.1676 val_epe=3.8933
02:41:38 INFO step=34500 loss=8.5452 crop_epe=1.6752 val_epe=3.4011
02:42:52 INFO step=35000 loss=10.2068 crop_epe=2.1718 val_epe=3.3265
02:43:13 INFO COMPLETE experiments/a09_encoder_m/runs/A09_V_yolo26m_ade20k final EPE=3.3265 best=3.3265 @ 35000
